../Src/009_SPI_Message_Rcv_It.c:43:6:delay	16	static
../Src/009_SPI_Message_Rcv_It.c:56:6:SPI2_GPIOInits	24	static
../Src/009_SPI_Message_Rcv_It.c:87:6:SPI2_Inits	8	static
../Src/009_SPI_Message_Rcv_It.c:103:6:Slave_GPIO_InterruptPinInit	24	static
../Src/009_SPI_Message_Rcv_It.c:123:5:main	16	static
../Src/009_SPI_Message_Rcv_It.c:186:6:SPI2_IRQHandler	8	static
../Src/009_SPI_Message_Rcv_It.c:194:6:SPI_ApplicationEventCallback	16	static
../Src/009_SPI_Message_Rcv_It.c:211:6:EXTI9_5_IRQHandler	8	static
