../Src/012_I2C_Master_Rx_Testing_IT.c:33:6:delay	16	static
../Src/012_I2C_Master_Rx_Testing_IT.c:39:6:I2C1_GPIOInits	48	static
../Src/012_I2C_Master_Rx_Testing_IT.c:65:6:I2C1_Inits	8	static
../Src/012_I2C_Master_Rx_Testing_IT.c:77:6:GPIO_ButtonInit	24	static
../Src/012_I2C_Master_Rx_Testing_IT.c:91:5:main	24	static
../Src/012_I2C_Master_Rx_Testing_IT.c:143:6:I2C1_EV_IRQHandler	8	static
../Src/012_I2C_Master_Rx_Testing_IT.c:148:6:I2C1_ER_IRQHandler	8	static
../Src/012_I2C_Master_Rx_Testing_IT.c:154:6:I2C_ApplicationEventCallback	16	static
