../Src/013_I2C_Slave_Tx_String.c:33:6:delay	16	static
../Src/013_I2C_Slave_Tx_String.c:39:6:I2C1_GPIOInits	48	static
../Src/013_I2C_Slave_Tx_String.c:65:6:I2C1_Inits	8	static
../Src/013_I2C_Slave_Tx_String.c:77:6:GPIO_ButtonInit	24	static
../Src/013_I2C_Slave_Tx_String.c:91:5:main	8	static
../Src/013_I2C_Slave_Tx_String.c:121:6:I2C1_EV_IRQHandler	8	static
../Src/013_I2C_Slave_Tx_String.c:126:6:I2C1_ER_IRQHandler	8	static
../Src/013_I2C_Slave_Tx_String.c:131:6:I2C_ApplicationEventCallback	24	static
