../Src/014_I2C_Slave_Tx_String_Length.c:39:6:delay	16	static
../Src/014_I2C_Slave_Tx_String_Length.c:45:6:I2C1_GPIOInits	48	static
../Src/014_I2C_Slave_Tx_String_Length.c:71:6:I2C1_Inits	8	static
../Src/014_I2C_Slave_Tx_String_Length.c:83:6:GPIO_ButtonInit	24	static
../Src/014_I2C_Slave_Tx_String_Length.c:97:5:main	8	static
../Src/014_I2C_Slave_Tx_String_Length.c:129:6:I2C1_EV_IRQHandler	8	static
../Src/014_I2C_Slave_Tx_String_Length.c:134:6:I2C1_ER_IRQHandler	8	static
../Src/014_I2C_Slave_Tx_String_Length.c:139:6:I2C_ApplicationEventCallback	16	static
