Archive member included to satisfy reference by file (symbol)

/opt/st/stm32cubeide_1.13.2/plugins/com.st.stm32cube.ide.mcu.externaltools.gnu-tools-for-stm32.11.3.rel1.linux64_1.1.1.202309131626/tools/bin/../lib/gcc/arm-none-eabi/11.3.1/../../../../arm-none-eabi/lib/thumb/v7e-m/nofp/libc_nano.a(libc_a-exit.o)
                              /opt/st/stm32cubeide_1.13.2/plugins/com.st.stm32cube.ide.mcu.externaltools.gnu-tools-for-stm32.11.3.rel1.linux64_1.1.1.202309131626/tools/bin/../lib/gcc/arm-none-eabi/11.3.1/../../../../arm-none-eabi/lib/thumb/v7e-m/nofp/crt0.o (exit)
/opt/st/stm32cubeide_1.13.2/plugins/com.st.stm32cube.ide.mcu.externaltools.gnu-tools-for-stm32.11.3.rel1.linux64_1.1.1.202309131626/tools/bin/../lib/gcc/arm-none-eabi/11.3.1/../../../../arm-none-eabi/lib/thumb/v7e-m/nofp/libc_nano.a(libc_a-findfp.o)
                              /opt/st/stm32cubeide_1.13.2/plugins/com.st.stm32cube.ide.mcu.externaltools.gnu-tools-for-stm32.11.3.rel1.linux64_1.1.1.202309131626/tools/bin/../lib/gcc/arm-none-eabi/11.3.1/../../../../arm-none-eabi/lib/thumb/v7e-m/nofp/libc_nano.a(libc_a-exit.o) (__stdio_exit_handler)
/opt/st/stm32cubeide_1.13.2/plugins/com.st.stm32cube.ide.mcu.externaltools.gnu-tools-for-stm32.11.3.rel1.linux64_1.1.1.202309131626/tools/bin/../lib/gcc/arm-none-eabi/11.3.1/../../../../arm-none-eabi/lib/thumb/v7e-m/nofp/libc_nano.a(libc_a-fwalk.o)
                              /opt/st/stm32cubeide_1.13.2/plugins/com.st.stm32cube.ide.mcu.externaltools.gnu-tools-for-stm32.11.3.rel1.linux64_1.1.1.202309131626/tools/bin/../lib/gcc/arm-none-eabi/11.3.1/../../../../arm-none-eabi/lib/thumb/v7e-m/nofp/libc_nano.a(libc_a-findfp.o) (_fwalk_sglue)
/opt/st/stm32cubeide_1.13.2/plugins/com.st.stm32cube.ide.mcu.externaltools.gnu-tools-for-stm32.11.3.rel1.linux64_1.1.1.202309131626/tools/bin/../lib/gcc/arm-none-eabi/11.3.1/../../../../arm-none-eabi/lib/thumb/v7e-m/nofp/libc_nano.a(libc_a-stdio.o)
                              /opt/st/stm32cubeide_1.13.2/plugins/com.st.stm32cube.ide.mcu.externaltools.gnu-tools-for-stm32.11.3.rel1.linux64_1.1.1.202309131626/tools/bin/../lib/gcc/arm-none-eabi/11.3.1/../../../../arm-none-eabi/lib/thumb/v7e-m/nofp/libc_nano.a(libc_a-findfp.o) (__sread)
/opt/st/stm32cubeide_1.13.2/plugins/com.st.stm32cube.ide.mcu.externaltools.gnu-tools-for-stm32.11.3.rel1.linux64_1.1.1.202309131626/tools/bin/../lib/gcc/arm-none-eabi/11.3.1/../../../../arm-none-eabi/lib/thumb/v7e-m/nofp/libc_nano.a(libc_a-memset.o)
                              /opt/st/stm32cubeide_1.13.2/plugins/com.st.stm32cube.ide.mcu.externaltools.gnu-tools-for-stm32.11.3.rel1.linux64_1.1.1.202309131626/tools/bin/../lib/gcc/arm-none-eabi/11.3.1/../../../../arm-none-eabi/lib/thumb/v7e-m/nofp/crt0.o (memset)
/opt/st/stm32cubeide_1.13.2/plugins/com.st.stm32cube.ide.mcu.externaltools.gnu-tools-for-stm32.11.3.rel1.linux64_1.1.1.202309131626/tools/bin/../lib/gcc/arm-none-eabi/11.3.1/../../../../arm-none-eabi/lib/thumb/v7e-m/nofp/libc_nano.a(libc_a-closer.o)
                              /opt/st/stm32cubeide_1.13.2/plugins/com.st.stm32cube.ide.mcu.externaltools.gnu-tools-for-stm32.11.3.rel1.linux64_1.1.1.202309131626/tools/bin/../lib/gcc/arm-none-eabi/11.3.1/../../../../arm-none-eabi/lib/thumb/v7e-m/nofp/libc_nano.a(libc_a-stdio.o) (_close_r)
/opt/st/stm32cubeide_1.13.2/plugins/com.st.stm32cube.ide.mcu.externaltools.gnu-tools-for-stm32.11.3.rel1.linux64_1.1.1.202309131626/tools/bin/../lib/gcc/arm-none-eabi/11.3.1/../../../../arm-none-eabi/lib/thumb/v7e-m/nofp/libc_nano.a(libc_a-reent.o)
                              /opt/st/stm32cubeide_1.13.2/plugins/com.st.stm32cube.ide.mcu.externaltools.gnu-tools-for-stm32.11.3.rel1.linux64_1.1.1.202309131626/tools/bin/../lib/gcc/arm-none-eabi/11.3.1/../../../../arm-none-eabi/lib/thumb/v7e-m/nofp/libc_nano.a(libc_a-closer.o) (errno)
/opt/st/stm32cubeide_1.13.2/plugins/com.st.stm32cube.ide.mcu.externaltools.gnu-tools-for-stm32.11.3.rel1.linux64_1.1.1.202309131626/tools/bin/../lib/gcc/arm-none-eabi/11.3.1/../../../../arm-none-eabi/lib/thumb/v7e-m/nofp/libc_nano.a(libc_a-impure.o)
                              /opt/st/stm32cubeide_1.13.2/plugins/com.st.stm32cube.ide.mcu.externaltools.gnu-tools-for-stm32.11.3.rel1.linux64_1.1.1.202309131626/tools/bin/../lib/gcc/arm-none-eabi/11.3.1/../../../../arm-none-eabi/lib/thumb/v7e-m/nofp/libc_nano.a(libc_a-reent.o) (_impure_ptr)
/opt/st/stm32cubeide_1.13.2/plugins/com.st.stm32cube.ide.mcu.externaltools.gnu-tools-for-stm32.11.3.rel1.linux64_1.1.1.202309131626/tools/bin/../lib/gcc/arm-none-eabi/11.3.1/../../../../arm-none-eabi/lib/thumb/v7e-m/nofp/libc_nano.a(libc_a-lseekr.o)
                              /opt/st/stm32cubeide_1.13.2/plugins/com.st.stm32cube.ide.mcu.externaltools.gnu-tools-for-stm32.11.3.rel1.linux64_1.1.1.202309131626/tools/bin/../lib/gcc/arm-none-eabi/11.3.1/../../../../arm-none-eabi/lib/thumb/v7e-m/nofp/libc_nano.a(libc_a-stdio.o) (_lseek_r)
[...]
Memory Configuration

Name             Origin             Length             Attributes
RAM              0x0000000020000000 0x0000000000020000 xrw
FLASH            0x0000000008000000 0x0000000000080000 xr
*default*        0x0000000000000000 0xffffffffffffffff

Linker script and memory map

LOAD /opt/st/stm32cubeide_1.13.2/plugins/com.st.stm32cube.ide.mcu.externaltools.gnu-tools-for-stm32.11.3.rel1.linux64_1.1.1.202309131626/tools/bin/../lib/gcc/arm-none-eabi/11.3.1/thumb/v7e-m/nofp/crti.o
LOAD /opt/st/stm32cubeide_1.13.2/plugins/com.st.stm32cube.ide.mcu.externaltools.gnu-tools-for-stm32.11.3.rel1.linux64_1.1.1.202309131626/tools/bin/../lib/gcc/arm-none-eabi/11.3.1/thumb/v7e-m/nofp/crtbegin.o
LOAD /opt/st/stm32cubeide_1.13.2/plugins/com.st.stm32cube.ide.mcu.externaltools.gnu-tools-for-stm32.11.3.rel1.linux64_1.1.1.202309131626/tools/bin/../lib/gcc/arm-none-eabi/11.3.1/../../../../arm-none-eabi/lib/thumb/v7e-m/nofp/crt0.o
LOAD ./Drivers/Src/stm32f446xx_gpio_driver.o
LOAD ./Drivers/Src/stm32f446xx_i2c_driver.o
LOAD ./Drivers/Src/stm32f446xx_rcc_driver.o
LOAD ./Drivers/Src/stm32f446xx_spi_driver.o
LOAD ./Drivers/Src/stm32f446xx_usart_driver.o
LOAD ./Src/015_UART_Tx.o
LOAD ./Src/syscalls.o
LOAD ./Src/sysmem.o
LOAD ./Startup/startup_stm32f446retx.o
START GROUP
LOAD /opt/st/stm32cubeide_1.13.2/plugins/com.st.stm32cube.ide.mcu.externaltools.gnu-tools-for-stm32.11.3.rel1.linux64_1.1.1.202309131626/tools/bin/../lib/gcc/arm-none-eabi/11.3.1/../../../../arm-none-eabi/lib/thumb/v7e-m/nofp/libc_nano.a
LOAD /opt/st/stm32cubeide_1.13.2/plugins/com.st.stm32cube.ide.mcu.externaltools.gnu-tools-for-stm32.11.3.rel1.linux64_1.1.1.202309131626/tools/bin/../lib/gcc/arm-none-eabi/11.3.1/../../../../arm-none-eabi/lib/thumb/v7e-m/nofp/libm.a
END GROUP
START GROUP
LOAD /opt/st/stm32cubeide_1.13.2/plugins/com.st.stm32cube.ide.mcu.externaltools.gnu-tools-for-stm32.11.3.rel1.linux64_1.1.1.202309131626/tools/bin/../lib/gcc/arm-none-eabi/11.3.1/thumb/v7e-m/nofp/libgcc.a
LOAD /opt/st/stm32cubeide_1.13.2/plugins/com.st.stm32cube.ide.mcu.externaltools.gnu-tools-for-stm32.11.3.rel1.linux64_1.1.1.202309131626/tools/bin/../lib/gcc/arm-none-eabi/11.3.1/../../../../arm-none-eabi/lib/thumb/v7e-m/nofp/libc_nano.a
END GROUP
START GROUP
LOAD /opt/st/stm32cubeide_1.13.2/plugins/com.st.stm32cube.ide.mcu.externaltools.gnu-tools-for-stm32.11.3.rel1.linux64_1.1.1.202309131626/tools/bin/../lib/gcc/arm-none-eabi/11.3.1/thumb/v7e-m/nofp/libgcc.a
LOAD /opt/st/stm32cubeide_1.13.2/plugins/com.st.stm32cube.ide.mcu.externaltools.gnu-tools-for-stm32.11.3.rel1.linux64_1.1.1.202309131626/tools/bin/../lib/gcc/arm-none-eabi/11.3.1/../../../../arm-none-eabi/lib/thumb/v7e-m/nofp/libc_nano.a
LOAD /opt/st/stm32cubeide_1.13.2/plugins/com.st.stm32cube.ide.mcu.externaltools.gnu-tools-for-stm32.11.3.rel1.linux64_1.1.1.202309131626/tools/bin/../lib/gcc/arm-none-eabi/11.3.1/../../../../arm-none-eabi/lib/thumb/v7e-m/nofp/libnosys.a
END GROUP
START GROUP
LOAD /opt/st/stm32cubeide_1.13.2/plugins/com.st.stm32cube.ide.mcu.externaltools.gnu-tools-for-stm32.11.3.rel1.linux64_1.1.1.202309131626/tools/bin/../lib/gcc/arm-none-eabi/11.3.1/thumb/v7e-m/nofp/libgcc.a
LOAD /opt/st/stm32cubeide_1.13.2/plugins/com.st.stm32cube.ide.mcu.externaltools.gnu-tools-for-stm32.11.3.rel1.linux64_1.1.1.202309131626/tools/bin/../lib/gcc/arm-none-eabi/11.3.1/../../../../arm-none-eabi/lib/thumb/v7e-m/nofp/libc_nano.a
LOAD /opt/st/stm32cubeide_1.13.2/plugins/com.st.stm32cube.ide.mcu.externaltools.gnu-tools-for-stm32.11.3.rel1.linux64_1.1.1.202309131626/tools/bin/../lib/gcc/arm-none-eabi/11.3.1/../../../../arm-none-eabi/lib/thumb/v7e-m/nofp/libnosys.a
END GROUP
LOAD /opt/st/stm32cubeide_1.13.2/plugins/com.st.stm32cube.ide.mcu.externaltools.gnu-tools-for-stm32.11.3.rel1.linux64_1.1.1.202309131626/tools/bin/../lib/gcc/arm-none-eabi/11.3.1/thumb/v7e-m/nofp/crtend.o
LOAD /opt/st/stm32cubeide_1.13.2/plugins/com.st.stm32cube.ide.mcu.externaltools.gnu-tools-for-stm32.11.3.rel1.linux64_1.1.1.202309131626/tools/bin/../lib/gcc/arm-none-eabi/11.3.1/thumb/v7e-m/nofp/crtn.o
                0x0000000020020000                _estack = (ORIGIN (RAM) + LENGTH (RAM))
                0x0000000000000200                _Min_Heap_Size = 0x200
                0x0000000000000400                _Min_Stack_Size = 0x400

.isr_vector     0x0000000008000000      0x1c4
                0x0000000008000000                . = ALIGN (0x4)
 *(.isr_vector)
 .isr_vector    0x0000000008000000      0x1c4 ./Startup/startup_stm32f446retx.o
                0x0000000008000000                g_pfnVectors
                0x00000000080001c4                . = ALIGN (0x4)

.text           0x00000000080001c4      0xccc
                0x00000000080001c4                . = ALIGN (0x4)
 *(.text)
 .text          0x00000000080001c4       0x40 /opt/st/stm32cubeide_1.13.2/plugins/com.st.stm32cube.ide.mcu.externaltools.gnu-tools-for-stm32.11.3.rel1.linux64_1.1.1.202309131626/tools/bin/../lib/gcc/arm-none-eabi/11.3.1/thumb/v7e-m/nofp/crtbegin.o
 .text          0x0000000008000204       0x10 /opt/st/stm32cubeide_1.13.2/plugins/com.st.stm32cube.ide.mcu.externaltools.gnu-tools-for-stm32.11.3.rel1.linux64_1.1.1.202309131626/tools/bin/../lib/gcc/arm-none-eabi/11.3.1/../../../../arm-none-eabi/lib/thumb/v7e-m/nofp/libc_nano.a(libc_a-strlen.o)
                0x0000000008000204                strlen
 *(.text*)
 .text.GPIO_PeriClockControl
                0x0000000008000214      0x1a0 ./Drivers/Src/stm32f446xx_gpio_driver.o
                0x0000000008000214                GPIO_PeriClockControl
 .text.GPIO_Init
                0x00000000080003b4      0x358 ./Drivers/Src/stm32f446xx_gpio_driver.o
                0x00000000080003b4                GPIO_Init
 .text.GPIO_ReadFromInputPin
                0x000000000800070c       0x2a ./Drivers/Src/stm32f446xx_gpio_driver.o
                0x000000000800070c                GPIO_ReadFromInputPin
 .text.RCC_GetPLLOutputClock
                0x0000000008000736       0x16 ./Drivers/Src/stm32f446xx_rcc_driver.o
                0x0000000008000736                RCC_GetPLLOutputClock
 .text.RCC_GetPCLK1Value
                0x000000000800074c       0xb4 ./Drivers/Src/stm32f446xx_rcc_driver.o
                0x000000000800074c                RCC_GetPCLK1Value
 .text.RCC_GetPCLK2Value
                0x0000000008000800       0xb4 ./Drivers/Src/stm32f446xx_rcc_driver.o
                0x0000000008000800                RCC_GetPCLK2Value
 .text.USART_PeriClockControl
                0x00000000080008b4       0xe0 ./Drivers/Src/stm32f446xx_usart_driver.o
                0x00000000080008b4                USART_PeriClockControl
 .text.USART_Init
                0x0000000008000994      0x116 ./Drivers/Src/stm32f446xx_usart_driver.o
                0x0000000008000994                USART_Init
 *fill*         0x0000000008000aaa        0x2 
 .text.USART_SetBaudRate
                0x0000000008000aac       0xe0 ./Drivers/Src/stm32f446xx_usart_driver.o
                0x0000000008000aac                USART_SetBaudRate
 .text.USART_SendData
                0x0000000008000b8c       0x9c ./Drivers/Src/stm32f446xx_usart_driver.o
                0x0000000008000b8c                USART_SendData
 .text.USART_PeripheralControl
                0x0000000008000c28       0x36 ./Drivers/Src/stm32f446xx_usart_driver.o
                0x0000000008000c28                USART_PeripheralControl
 .text.USART_GetFlagStatus
                0x0000000008000c5e       0x26 ./Drivers/Src/stm32f446xx_usart_driver.o
                0x0000000008000c5e                USART_GetFlagStatus
 .text.delay    0x0000000008000c84       0x2c ./Src/015_UART_Tx.o
                0x0000000008000c84                delay
 .text.USART6_GPIOInits
                0x0000000008000cb0       0x68 ./Src/015_UART_Tx.o
                0x0000000008000cb0                USART6_GPIOInits
 .text.USART6_Inits
                0x0000000008000d18       0x44 ./Src/015_UART_Tx.o
                0x0000000008000d18                USART6_Inits
 .text.GPIO_ButtonInit
                0x0000000008000d5c       0x30 ./Src/015_UART_Tx.o
                0x0000000008000d5c                GPIO_ButtonInit
 .text.main     0x0000000008000d8c       0x50 ./Src/015_UART_Tx.o
                0x0000000008000d8c                main
 .text.Reset_Handler
                0x0000000008000ddc       0x50 ./Startup/startup_stm32f446retx.o
                0x0000000008000ddc                Reset_Handler
 .text.Default_Handler
                0x0000000008000e2c        0x2 ./Startup/startup_stm32f446retx.o
                0x0000000008000e2c                RTC_Alarm_IRQHandler
                0x0000000008000e2c                EXTI2_IRQHandler
                0x0000000008000e2c                TIM8_CC_IRQHandler
                0x0000000008000e2c                SPDIF_Rx_IRQHandler
                0x0000000008000e2c                DebugMon_Handler
                0x0000000008000e2c                SPI4_IRQHandler
                0x0000000008000e2c                TIM1_CC_IRQHandler
                0x0000000008000e2c                QuadSPI_IRQHandler
                0x0000000008000e2c                DMA2_Stream5_IRQHandler
                0x0000000008000e2c                HardFault_Handler
                0x0000000008000e2c                DMA1_Stream5_IRQHandler
                0x0000000008000e2c                SysTick_Handler
                0x0000000008000e2c                PVD_IRQHandler
                0x0000000008000e2c                SDIO_IRQHandler
                0x0000000008000e2c                TAMP_STAMP_IRQHandler
                0x0000000008000e2c                PendSV_Handler
                0x0000000008000e2c                NMI_Handler
                0x0000000008000e2c                CAN2_RX1_IRQHandler
                0x0000000008000e2c                EXTI3_IRQHandler
                0x0000000008000e2c                TIM8_TRG_COM_TIM14_IRQHandler
                0x0000000008000e2c                TIM1_UP_TIM10_IRQHandler
                0x0000000008000e2c                FMPI2C1_error_IRQHandler
                0x0000000008000e2c                TIM8_UP_TIM13_IRQHandler
                0x0000000008000e2c                I2C3_ER_IRQHandler
                0x0000000008000e2c                EXTI0_IRQHandler
                0x0000000008000e2c                I2C2_EV_IRQHandler
                0x0000000008000e2c                DMA1_Stream2_IRQHandler
                0x0000000008000e2c                CAN1_RX0_IRQHandler
                0x0000000008000e2c                OTG_HS_WKUP_IRQHandler
                0x0000000008000e2c                UsageFault_Handler
                0x0000000008000e2c                CAN2_SCE_IRQHandler
                0x0000000008000e2c                DMA2_Stream2_IRQHandler
                0x0000000008000e2c                SPI1_IRQHandler
                0x0000000008000e2c                TIM6_DAC_IRQHandler
                0x0000000008000e2c                TIM1_BRK_TIM9_IRQHandler
                0x0000000008000e2c                DCMI_IRQHandler
                0x0000000008000e2c                CAN2_RX0_IRQHandler
                0x0000000008000e2c                DMA2_Stream3_IRQHandler
                0x0000000008000e2c                FMPI2C1_IRQHandler
                0x0000000008000e2c                SAI2_IRQHandler
                0x0000000008000e2c                USART6_IRQHandler
                0x0000000008000e2c                USART3_IRQHandler
                0x0000000008000e2c                CAN1_RX1_IRQHandler
                0x0000000008000e2c                UART5_IRQHandler
                0x0000000008000e2c                DMA2_Stream0_IRQHandler
                0x0000000008000e2c                TIM4_IRQHandler
                0x0000000008000e2c                I2C1_EV_IRQHandler
                0x0000000008000e2c                HDMI_CEC_IRQHandler
                0x0000000008000e2c                DMA1_Stream6_IRQHandler
                0x0000000008000e2c                DMA1_Stream1_IRQHandler
                0x0000000008000e2c                UART4_IRQHandler
                0x0000000008000e2c                TIM3_IRQHandler
                0x0000000008000e2c                RCC_IRQHandler
                0x0000000008000e2c                TIM8_BRK_TIM12_IRQHandler
                0x0000000008000e2c                Default_Handler
                0x0000000008000e2c                EXTI15_10_IRQHandler
                0x0000000008000e2c                ADC_IRQHandler
                0x0000000008000e2c                DMA1_Stream7_IRQHandler
                0x0000000008000e2c                TIM7_IRQHandler
                0x0000000008000e2c                CAN2_TX_IRQHandler
                0x0000000008000e2c                TIM5_IRQHandler
                0x0000000008000e2c                DMA2_Stream7_IRQHandler
                0x0000000008000e2c                I2C3_EV_IRQHandler
                0x0000000008000e2c                EXTI9_5_IRQHandler
                0x0000000008000e2c                RTC_WKUP_IRQHandler
                0x0000000008000e2c                SPI2_IRQHandler
                0x0000000008000e2c                OTG_HS_EP1_IN_IRQHandler
                0x0000000008000e2c                MemManage_Handler
                0x0000000008000e2c                DMA1_Stream0_IRQHandler
                0x0000000008000e2c                CAN1_TX_IRQHandler
                0x0000000008000e2c                SVC_Handler
                0x0000000008000e2c                EXTI4_IRQHandler
                0x0000000008000e2c                OTG_HS_EP1_OUT_IRQHandler
                0x0000000008000e2c                WWDG_IRQHandler
                0x0000000008000e2c                TIM2_IRQHandler
                0x0000000008000e2c                OTG_FS_WKUP_IRQHandler
                0x0000000008000e2c                TIM1_TRG_COM_TIM11_IRQHandler
                0x0000000008000e2c                OTG_HS_IRQHandler
                0x0000000008000e2c                EXTI1_IRQHandler
                0x0000000008000e2c                USART2_IRQHandler
                0x0000000008000e2c                I2C2_ER_IRQHandler
                0x0000000008000e2c                DMA2_Stream1_IRQHandler
                0x0000000008000e2c                CAN1_SCE_IRQHandler
                0x0000000008000e2c                FLASH_IRQHandler
                0x0000000008000e2c                DMA2_Stream4_IRQHandler
                0x0000000008000e2c                BusFault_Handler
                0x0000000008000e2c                USART1_IRQHandler
                0x0000000008000e2c                OTG_FS_IRQHandler
                0x0000000008000e2c                SPI3_IRQHandler
                0x0000000008000e2c                DMA1_Stream4_IRQHandler
                0x0000000008000e2c                I2C1_ER_IRQHandler
                0x0000000008000e2c                FMC_IRQHandler
                0x0000000008000e2c                DMA2_Stream6_IRQHandler
                0x0000000008000e2c                SAI1_IRQHandler
                0x0000000008000e2c                DMA1_Stream3_IRQHandler
 *fill*         0x0000000008000e2e        0x2 
 .text.__libc_init_array
                0x0000000008000e30       0x48 /opt/st/stm32cubeide_1.13.2/plugins/com.st.stm32cube.ide.mcu.externaltools.gnu-tools-for-stm32.11.3.rel1.linux64_1.1.1.202309131626/tools/bin/../lib/gcc/arm-none-eabi/11.3.1/../../../../arm-none-eabi/lib/thumb/v7e-m/nofp/libc_nano.a(libc_a-init.o)
                0x0000000008000e30                __libc_init_array
 *(.glue_7)
 .glue_7        0x0000000008000e78        0x0 linker stubs
 *(.glue_7t)
 .glue_7t       0x0000000008000e78        0x0 linker stubs
 *(.eh_frame)
 .eh_frame      0x0000000008000e78        0x0 /opt/st/stm32cubeide_1.13.2/plugins/com.st.stm32cube.ide.mcu.externaltools.gnu-tools-for-stm32.11.3.rel1.linux64_1.1.1.202309131626/tools/bin/../lib/gcc/arm-none-eabi/11.3.1/thumb/v7e-m/nofp/crtbegin.o
 *(.init)
 .init          0x0000000008000e78        0x4 /opt/st/stm32cubeide_1.13.2/plugins/com.st.stm32cube.ide.mcu.externaltools.gnu-tools-for-stm32.11.3.rel1.linux64_1.1.1.202309131626/tools/bin/../lib/gcc/arm-none-eabi/11.3.1/thumb/v7e-m/nofp/crti.o
                0x0000000008000e78                _init
 .init          0x0000000008000e7c        0x8 /opt/st/stm32cubeide_1.13.2/plugins/com.st.stm32cube.ide.mcu.externaltools.gnu-tools-for-stm32.11.3.rel1.linux64_1.1.1.202309131626/tools/bin/../lib/gcc/arm-none-eabi/11.3.1/thumb/v7e-m/nofp/crtn.o
 *(.fini)
 .fini          0x0000000008000e84        0x4 /opt/st/stm32cubeide_1.13.2/plugins/com.st.stm32cube.ide.mcu.externaltools.gnu-tools-for-stm32.11.3.rel1.linux64_1.1.1.202309131626/tools/bin/../lib/gcc/arm-none-eabi/11.3.1/thumb/v7e-m/nofp/crti.o
                0x0000000008000e84                _fini
 .fini          0x0000000008000e88        0x8 /opt/st/stm32cubeide_1.13.2/plugins/com.st.stm32cube.ide.mcu.externaltools.gnu-tools-for-stm32.11.3.rel1.linux64_1.1.1.202309131626/tools/bin/../lib/gcc/arm-none-eabi/11.3.1/thumb/v7e-m/nofp/crtn.o
                0x0000000008000e90                . = ALIGN (0x4)
                0x0000000008000e90                _etext = .

.vfp11_veneer   0x0000000008000e90        0x0
 .vfp11_veneer  0x0000000008000e90        0x0 linker stubs

.v4_bx          0x0000000008000e90        0x0
 .v4_bx         0x0000000008000e90        0x0 linker stubs

.iplt           0x0000000008000e90        0x0
 .iplt          0x0000000008000e90        0x0 /opt/st/stm32cubeide_1.13.2/plugins/com.st.stm32cube.ide.mcu.externaltools.gnu-tools-for-stm32.11.3.rel1.linux64_1.1.1.202309131626/tools/bin/../lib/gcc/arm-none-eabi/11.3.1/thumb/v7e-m/nofp/crtbegin.o

.rel.dyn        0x0000000008000e90        0x0
 .rel.iplt      0x0000000008000e90        0x0 /opt/st/stm32cubeide_1.13.2/plugins/com.st.stm32cube.ide.mcu.externaltools.gnu-tools-for-stm32.11.3.rel1.linux64_1.1.1.202309131626/tools/bin/../lib/gcc/arm-none-eabi/11.3.1/thumb/v7e-m/nofp/crtbegin.o

.rodata         0x0000000008000e90        0x0
                0x0000000008000e90                . = ALIGN (0x4)
 *(.rodata)
 *(.rodata*)
                0x0000000008000e90                . = ALIGN (0x4)

.ARM.extab      0x0000000008000e90        0x0
                0x0000000008000e90                . = ALIGN (0x4)
 *(.ARM.extab* .gnu.linkonce.armextab.*)
                0x0000000008000e90                . = ALIGN (0x4)

.ARM            0x0000000008000e90        0x0
                0x0000000008000e90                . = ALIGN (0x4)
                0x0000000008000e90                __exidx_start = .
 *(.ARM.exidx*)
                0x0000000008000e90                __exidx_end = .
                0x0000000008000e90                . = ALIGN (0x4)

.preinit_array  0x0000000008000e90        0x0
                0x0000000008000e90                . = ALIGN (0x4)
                0x0000000008000e90                PROVIDE (__preinit_array_start = .)
 *(.preinit_array*)
                0x0000000008000e90                PROVIDE (__preinit_array_end = .)
                0x0000000008000e90                . = ALIGN (0x4)

.init_array     0x0000000008000e90        0x4
                0x0000000008000e90                . = ALIGN (0x4)
                0x0000000008000e90                PROVIDE (__init_array_start = .)
 *(SORT_BY_NAME(.init_array.*))
 *(.init_array*)
 .init_array    0x0000000008000e90        0x4 /opt/st/stm32cubeide_1.13.2/plugins/com.st.stm32cube.ide.mcu.externaltools.gnu-tools-for-stm32.11.3.rel1.linux64_1.1.1.202309131626/tools/bin/../lib/gcc/arm-none-eabi/11.3.1/thumb/v7e-m/nofp/crtbegin.o
                0x0000000008000e94                PROVIDE (__init_array_end = .)
                0x0000000008000e94                . = ALIGN (0x4)

.fini_array     0x0000000008000e94        0x4
                0x0000000008000e94                . = ALIGN (0x4)
                [!provide]                        PROVIDE (__fini_array_start = .)
 *(SORT_BY_NAME(.fini_array.*))
 *(.fini_array*)
 .fini_array    0x0000000008000e94        0x4 /opt/st/stm32cubeide_1.13.2/plugins/com.st.stm32cube.ide.mcu.externaltools.gnu-tools-for-stm32.11.3.rel1.linux64_1.1.1.202309131626/tools/bin/../lib/gcc/arm-none-eabi/11.3.1/thumb/v7e-m/nofp/crtbegin.o
                [!provide]                        PROVIDE (__fini_array_end = .)
                0x0000000008000e98                . = ALIGN (0x4)
                0x0000000008000e98                _sidata = LOADADDR (.data)

.data           0x0000000020000000       0x38 load address 0x0000000008000e98
                0x0000000020000000                . = ALIGN (0x4)
                0x0000000020000000                _sdata = .
 *(.data)
 *(.data*)
 .data.AHB_PreScaler
                0x0000000020000000       0x10 ./Drivers/Src/stm32f446xx_rcc_driver.o
                0x0000000020000000                AHB_PreScaler
 .data.APB1_PreScaler
                0x0000000020000010        0x8 ./Drivers/Src/stm32f446xx_rcc_driver.o
                0x0000000020000010                APB1_PreScaler
 .data.APB2_PreScaler
                0x0000000020000018        0x8 ./Drivers/Src/stm32f446xx_rcc_driver.o
                0x0000000020000018                APB2_PreScaler
 .data.msg      0x0000000020000020       0x16 ./Src/015_UART_Tx.o
                0x0000000020000020                msg
 *(.RamFunc)
 *(.RamFunc*)
                0x0000000020000038                . = ALIGN (0x4)
 *fill*         0x0000000020000036        0x2 
                0x0000000020000038                _edata = .

.igot.plt       0x0000000020000038        0x0 load address 0x0000000008000ed0
 .igot.plt      0x0000000020000038        0x0 /opt/st/stm32cubeide_1.13.2/plugins/com.st.stm32cube.ide.mcu.externaltools.gnu-tools-for-stm32.11.3.rel1.linux64_1.1.1.202309131626/tools/bin/../lib/gcc/arm-none-eabi/11.3.1/thumb/v7e-m/nofp/crtbegin.o
                0x0000000020000038                . = ALIGN (0x4)

.bss            0x0000000020000038       0x40 load address 0x0000000008000ed0
                0x0000000020000038                _sbss = .
                0x0000000020000038                __bss_start__ = _sbss
 *(.bss)
 .bss           0x0000000020000038       0x1c /opt/st/stm32cubeide_1.13.2/plugins/com.st.stm32cube.ide.mcu.externaltools.gnu-tools-for-stm32.11.3.rel1.linux64_1.1.1.202309131626/tools/bin/../lib/gcc/arm-none-eabi/11.3.1/thumb/v7e-m/nofp/crtbegin.o
 *(.bss*)
 .bss.usart6_handle
                0x0000000020000054       0x24 ./Src/015_UART_Tx.o
                0x0000000020000054                usart6_handle
 *(COMMON)
                0x0000000020000078                . = ALIGN (0x4)
                0x0000000020000078                _ebss = .
                0x0000000020000078                __bss_end__ = _ebss

._user_heap_stack
                0x0000000020000078      0x600 load address 0x0000000008000ed0
                0x0000000020000078                . = ALIGN (0x8)
                [!provide]                        PROVIDE (end = .)
                0x0000000020000078                PROVIDE (_end = .)
                0x0000000020000278                . = (. + _Min_Heap_Size)
 *fill*         0x0000000020000078      0x200 
                0x0000000020000678                . = (. + _Min_Stack_Size)
 *fill*         0x0000000020000278      0x400 
                0x0000000020000678                . = ALIGN (0x8)

/DISCARD/
 libc.a(*)
 libm.a(*)
 libgcc.a(*)

.ARM.attributes
                0x0000000000000000       0x2a
 *(.ARM.attributes)
 .ARM.attributes
                0x0000000000000000       0x1e /opt/st/stm32cubeide_1.13.2/plugins/com.st.stm32cube.ide.mcu.externaltools.gnu-tools-for-stm32.11.3.rel1.linux64_1.1.1.202309131626/tools/bin/../lib/gcc/arm-none-eabi/11.3.1/thumb/v7e-m/nofp/crti.o
 .ARM.attributes
                0x000000000000001e       0x2e /opt/st/stm32cubeide_1.13.2/plugins/com.st.stm32cube.ide.mcu.externaltools.gnu-tools-for-stm32.11.3.rel1.linux64_1.1.1.202309131626/tools/bin/../lib/gcc/arm-none-eabi/11.3.1/thumb/v7e-m/nofp/crtbegin.o
 .ARM.attributes
                0x000000000000004c       0x2e ./Drivers/Src/stm32f446xx_gpio_driver.o
 .ARM.attributes
                0x000000000000007a       0x2e ./Drivers/Src/stm32f446xx_rcc_driver.o
 .ARM.attributes
                0x00000000000000a8       0x2e ./Drivers/Src/stm32f446xx_usart_driver.o
 .ARM.attributes
                0x00000000000000d6       0x2e ./Src/015_UART_Tx.o
 .ARM.attributes
                0x0000000000000104       0x21 ./Startup/startup_stm32f446retx.o
 .ARM.attributes
                0x0000000000000125       0x2e /opt/st/stm32cubeide_1.13.2/plugins/com.st.stm32cube.ide.mcu.externaltools.gnu-tools-for-stm32.11.3.rel1.linux64_1.1.1.202309131626/tools/bin/../lib/gcc/arm-none-eabi/11.3.1/../../../../arm-none-eabi/lib/thumb/v7e-m/nofp/libc_nano.a(libc_a-init.o)
 .ARM.attributes
                0x0000000000000153       0x17 /opt/st/stm32cubeide_1.13.2/plugins/com.st.stm32cube.ide.mcu.externaltools.gnu-tools-for-stm32.11.3.rel1.linux64_1.1.1.202309131626/tools/bin/../lib/gcc/arm-none-eabi/11.3.1/../../../../arm-none-eabi/lib/thumb/v7e-m/nofp/libc_nano.a(libc_a-strlen.o)
 .ARM.attributes
                0x000000000000016a       0x1e /opt/st/stm32cubeide_1.13.2/plugins/com.st.stm32cube.ide.mcu.externaltools.gnu-tools-for-stm32.11.3.rel1.linux64_1.1.1.202309131626/tools/bin/../lib/gcc/arm-none-eabi/11.3.1/thumb/v7e-m/nofp/crtn.o
OUTPUT(008_stm32f4xx_drivers.elf elf32-littlearm)
LOAD linker stubs
LOAD /opt/st/stm32cubeide_1.13.2/plugins/com.st.stm32cube.ide.mcu.externaltools.gnu-tools-for-stm32.11.3.rel1.linux64_1.1.1.202309131626/tools/bin/../lib/gcc/arm-none-eabi/11.3.1/../../../../arm-none-eabi/lib/thumb/v7e-m/nofp/libc.a
LOAD /opt/st/stm32cubeide_1.13.2/plugins/com.st.stm32cube.ide.mcu.externaltools.gnu-tools-for-stm32.11.3.rel1.linux64_1.1.1.202309131626/tools/bin/../lib/gcc/arm-none-eabi/11.3.1/../../../../arm-none-eabi/lib/thumb/v7e-m/nofp/libm.a
LOAD /opt/st/stm32cubeide_1.13.2/plugins/com.st.stm32cube.ide.mcu.externaltools.gnu-tools-for-stm32.11.3.rel1.linux64_1.1.1.202309131626/tools/bin/../lib/gcc/arm-none-eabi/11.3.1/thumb/v7e-m/nofp/libgcc.a

.comment        0x0000000000000000       0x43
 .comment       0x0000000000000000       0x43 /opt/st/stm32cubeide_1.13.2/plugins/com.st.stm32cube.ide.mcu.externaltools.gnu-tools-for-stm32.11.3.rel1.linux64_1.1.1.202309131626/tools/bin/../lib/gcc/arm-none-eabi/11.3.1/thumb/v7e-m/nofp/crtbegin.o
                                         0x44 (size before relaxing)
 .comment       0x0000000000000043       0x44 ./Drivers/Src/stm32f446xx_gpio_driver.o
 .comment       0x0000000000000043       0x44 ./Drivers/Src/stm32f446xx_rcc_driver.o
 .comment       0x0000000000000043       0x44 ./Drivers/Src/stm32f446xx_usart_driver.o
 .comment       0x0000000000000043       0x44 ./Src/015_UART_Tx.o

.debug_info     0x0000000000000000     0x17d2
 .debug_info    0x0000000000000000      0x733 ./Drivers/Src/stm32f446xx_gpio_driver.o
 .debug_info    0x0000000000000733      0x3ce ./Drivers/Src/stm32f446xx_rcc_driver.o
 .debug_info    0x0000000000000b01      0x7fa ./Drivers/Src/stm32f446xx_usart_driver.o
 .debug_info    0x00000000000012fb      0x4b4 ./Src/015_UART_Tx.o
 .debug_info    0x00000000000017af       0x23 ./Startup/startup_stm32f446retx.o

.debug_abbrev   0x0000000000000000      0x5c7
 .debug_abbrev  0x0000000000000000      0x15a ./Drivers/Src/stm32f446xx_gpio_driver.o
 .debug_abbrev  0x000000000000015a       0xe9 ./Drivers/Src/stm32f446xx_rcc_driver.o
 .debug_abbrev  0x0000000000000243      0x1e8 ./Drivers/Src/stm32f446xx_usart_driver.o
 .debug_abbrev  0x000000000000042b      0x18a ./Src/015_UART_Tx.o
 .debug_abbrev  0x00000000000005b5       0x12 ./Startup/startup_stm32f446retx.o

.debug_aranges  0x0000000000000000      0x198
 .debug_aranges
                0x0000000000000000       0x70 ./Drivers/Src/stm32f446xx_gpio_driver.o
 .debug_aranges
                0x0000000000000070       0x30 ./Drivers/Src/stm32f446xx_rcc_driver.o
 .debug_aranges
                0x00000000000000a0       0x90 ./Drivers/Src/stm32f446xx_usart_driver.o
 .debug_aranges
                0x0000000000000130       0x40 ./Src/015_UART_Tx.o
 .debug_aranges
                0x0000000000000170       0x28 ./Startup/startup_stm32f446retx.o

.debug_rnglists
                0x0000000000000000      0x126
 .debug_rnglists
                0x0000000000000000       0x53 ./Drivers/Src/stm32f446xx_gpio_driver.o
 .debug_rnglists
                0x0000000000000053       0x21 ./Drivers/Src/stm32f446xx_rcc_driver.o
 .debug_rnglists
                0x0000000000000074       0x6e ./Drivers/Src/stm32f446xx_usart_driver.o
 .debug_rnglists
                0x00000000000000e2       0x2b ./Src/015_UART_Tx.o
 .debug_rnglists
                0x000000000000010d       0x19 ./Startup/startup_stm32f446retx.o

.debug_macro    0x0000000000000000     0x2848
 .debug_macro   0x0000000000000000       0xc2 ./Drivers/Src/stm32f446xx_gpio_driver.o
 .debug_macro   0x00000000000000c2      0xaa8 ./Drivers/Src/stm32f446xx_gpio_driver.o
 .debug_macro   0x0000000000000b6a       0x22 ./Drivers/Src/stm32f446xx_gpio_driver.o
 .debug_macro   0x0000000000000b8c       0x8e ./Drivers/Src/stm32f446xx_gpio_driver.o
 .debug_macro   0x0000000000000c1a       0x51 ./Drivers/Src/stm32f446xx_gpio_driver.o
 .debug_macro   0x0000000000000c6b      0x103 ./Drivers/Src/stm32f446xx_gpio_driver.o
 .debug_macro   0x0000000000000d6e       0x6a ./Drivers/Src/stm32f446xx_gpio_driver.o
 .debug_macro   0x0000000000000dd8      0x1df ./Drivers/Src/stm32f446xx_gpio_driver.o
 .debug_macro   0x0000000000000fb7      0x174 ./Drivers/Src/stm32f446xx_gpio_driver.o
 .debug_macro   0x000000000000112b      0x7ab ./Drivers/Src/stm32f446xx_gpio_driver.o
 .debug_macro   0x00000000000018d6       0xe2 ./Drivers/Src/stm32f446xx_gpio_driver.o
 .debug_macro   0x00000000000019b8       0xdc ./Drivers/Src/stm32f446xx_gpio_driver.o
 .debug_macro   0x0000000000001a94      0x106 ./Drivers/Src/stm32f446xx_gpio_driver.o
 .debug_macro   0x0000000000001b9a       0xc4 ./Drivers/Src/stm32f446xx_gpio_driver.o
 .debug_macro   0x0000000000001c5e       0xbc ./Drivers/Src/stm32f446xx_rcc_driver.o
 .debug_macro   0x0000000000001d1a       0xc2 ./Drivers/Src/stm32f446xx_usart_driver.o
 .debug_macro   0x0000000000001ddc      0x100 ./Drivers/Src/stm32f446xx_usart_driver.o
 .debug_macro   0x0000000000001edc      0x18c ./Src/015_UART_Tx.o
 .debug_macro   0x0000000000002068       0x61 ./Src/015_UART_Tx.o
 .debug_macro   0x00000000000020c9       0x24 ./Src/015_UART_Tx.o
 .debug_macro   0x00000000000020ed       0x43 ./Src/015_UART_Tx.o
 .debug_macro   0x0000000000002130       0x34 ./Src/015_UART_Tx.o
 .debug_macro   0x0000000000002164       0x16 ./Src/015_UART_Tx.o
 .debug_macro   0x000000000000217a       0x43 ./Src/015_UART_Tx.o
 .debug_macro   0x00000000000021bd       0x34 ./Src/015_UART_Tx.o
 .debug_macro   0x00000000000021f1       0x10 ./Src/015_UART_Tx.o
 .debug_macro   0x0000000000002201       0x58 ./Src/015_UART_Tx.o
 .debug_macro   0x0000000000002259       0x8e ./Src/015_UART_Tx.o
 .debug_macro   0x00000000000022e7       0x1c ./Src/015_UART_Tx.o
 .debug_macro   0x0000000000002303      0x177 ./Src/015_UART_Tx.o
 .debug_macro   0x000000000000247a      0x369 ./Src/015_UART_Tx.o
 .debug_macro   0x00000000000027e3       0x10 ./Src/015_UART_Tx.o
 .debug_macro   0x00000000000027f3       0x35 ./Src/015_UART_Tx.o
 .debug_macro   0x0000000000002828       0x20 ./Src/015_UART_Tx.o

.debug_line     0x0000000000000000     0x1ecb
 .debug_line    0x0000000000000000      0x9d8 ./Drivers/Src/stm32f446xx_gpio_driver.o
 .debug_line    0x00000000000009d8      0x54a ./Drivers/Src/stm32f446xx_rcc_driver.o
 .debug_line    0x0000000000000f22      0x8c1 ./Drivers/Src/stm32f446xx_usart_driver.o
 .debug_line    0x00000000000017e3      0x66d ./Src/015_UART_Tx.o
 .debug_line    0x0000000000001e50       0x7b ./Startup/startup_stm32f446retx.o

.debug_str      0x0000000000000000     0xa702
 .debug_str     0x0000000000000000     0x7172 ./Drivers/Src/stm32f446xx_gpio_driver.o
                                       0x738f (size before relaxing)
 .debug_str     0x0000000000007172       0xbc ./Drivers/Src/stm32f446xx_rcc_driver.o
                                       0x71ab (size before relaxing)
 .debug_str     0x000000000000722e      0x296 ./Drivers/Src/stm32f446xx_usart_driver.o
                                       0x73f2 (size before relaxing)
 .debug_str     0x00000000000074c4     0x320f ./Src/015_UART_Tx.o
                                       0xa3d7 (size before relaxing)
 .debug_str     0x000000000000a6d3       0x2f ./Startup/startup_stm32f446retx.o
                                         0x79 (size before relaxing)

.debug_frame    0x0000000000000000      0x584
 .debug_frame   0x0000000000000000      0x1c8 ./Drivers/Src/stm32f446xx_gpio_driver.o
 .debug_frame   0x00000000000001c8       0x80 ./Drivers/Src/stm32f446xx_rcc_driver.o
 .debug_frame   0x0000000000000248      0x258 ./Drivers/Src/stm32f446xx_usart_driver.o
 .debug_frame   0x00000000000004a0       0xb8 ./Src/015_UART_Tx.o
 .debug_frame   0x0000000000000558       0x2c /opt/st/stm32cubeide_1.13.2/plugins/com.st.stm32cube.ide.mcu.externaltools.gnu-tools-for-stm32.11.3.rel1.linux64_1.1.1.202309131626/tools/bin/../lib/gcc/arm-none-eabi/11.3.1/../../../../arm-none-eabi/lib/thumb/v7e-m/nofp/libc_nano.a(libc_a-init.o)

.debug_line_str
                0x0000000000000000       0x6d
 .debug_line_str
                0x0000000000000000       0x6d ./Startup/startup_stm32f446retx.o
                                         0x85 (size before relaxing)
