Archive member included to satisfy reference by file (symbol)

/opt/st/stm32cubeide_1.13.2/plugins/com.st.stm32cube.ide.mcu.externaltools.gnu-tools-for-stm32.11.3.rel1.linux64_1.1.1.202309131626/tools/bin/../lib/gcc/arm-none-eabi/11.3.1/../../../../arm-none-eabi/lib/thumb/v7e-m/nofp/libc_nano.a(libc_a-exit.o)
                              /opt/st/stm32cubeide_1.13.2/plugins/com.st.stm32cube.ide.mcu.externaltools.gnu-tools-for-stm32.11.3.rel1.linux64_1.1.1.202309131626/tools/bin/../lib/gcc/arm-none-eabi/11.3.1/../../../../arm-none-eabi/lib/thumb/v7e-m/nofp/rdimon-crt0.o (exit)
/opt/st/stm32cubeide_1.13.2/plugins/com.st.stm32cube.ide.mcu.externaltools.gnu-tools-for-stm32.11.3.rel1.linux64_1.1.1.202309131626/tools/bin/../lib/gcc/arm-none-eabi/11.3.1/../../../../arm-none-eabi/lib/thumb/v7e-m/nofp/libc_nano.a(libc_a-findfp.o)
                              /opt/st/stm32cubeide_1.13.2/plugins/com.st.stm32cube.ide.mcu.externaltools.gnu-tools-for-stm32.11.3.rel1.linux64_1.1.1.202309131626/tools/bin/../lib/gcc/arm-none-eabi/11.3.1/../../../../arm-none-eabi/lib/thumb/v7e-m/nofp/libc_nano.a(libc_a-exit.o) (__stdio_exit_handler)
/opt/st/stm32cubeide_1.13.2/plugins/com.st.stm32cube.ide.mcu.externaltools.gnu-tools-for-stm32.11.3.rel1.linux64_1.1.1.202309131626/tools/bin/../lib/gcc/arm-none-eabi/11.3.1/../../../../arm-none-eabi/lib/thumb/v7e-m/nofp/libc_nano.a(libc_a-fwalk.o)
                              /opt/st/stm32cubeide_1.13.2/plugins/com.st.stm32cube.ide.mcu.externaltools.gnu-tools-for-stm32.11.3.rel1.linux64_1.1.1.202309131626/tools/bin/../lib/gcc/arm-none-eabi/11.3.1/../../../../arm-none-eabi/lib/thumb/v7e-m/nofp/libc_nano.a(libc_a-findfp.o) (_fwalk_sglue)
/opt/st/stm32cubeide_1.13.2/plugins/com.st.stm32cube.ide.mcu.externaltools.gnu-tools-for-stm32.11.3.rel1.linux64_1.1.1.202309131626/tools/bin/../lib/gcc/arm-none-eabi/11.3.1/../../../../arm-none-eabi/lib/thumb/v7e-m/nofp/libc_nano.a(libc_a-stdio.o)
                              /opt/st/stm32cubeide_1.13.2/plugins/com.st.stm32cube.ide.mcu.externaltools.gnu-tools-for-stm32.11.3.rel1.linux64_1.1.1.202309131626/tools/bin/../lib/gcc/arm-none-eabi/11.3.1/../../../../arm-none-eabi/lib/thumb/v7e-m/nofp/libc_nano.a(libc_a-findfp.o) (__sread)
/opt/st/stm32cubeide_1.13.2/plugins/com.st.stm32cube.ide.mcu.externaltools.gnu-tools-for-stm32.11.3.rel1.linux64_1.1.1.202309131626/tools/bin/../lib/gcc/arm-none-eabi/11.3.1/../../../../arm-none-eabi/lib/thumb/v7e-m/nofp/libc_nano.a(libc_a-memset.o)
                              /opt/st/stm32cubeide_1.13.2/plugins/com.st.stm32cube.ide.mcu.externaltools.gnu-tools-for-stm32.11.3.rel1.linux64_1.1.1.202309131626/tools/bin/../lib/gcc/arm-none-eabi/11.3.1/../../../../arm-none-eabi/lib/thumb/v7e-m/nofp/rdimon-crt0.o (memset)
/opt/st/stm32cubeide_1.13.2/plugins/com.st.stm32cube.ide.mcu.externaltools.gnu-tools-for-stm32.11.3.rel1.linux64_1.1.1.202309131626/tools/bin/../lib/gcc/arm-none-eabi/11.3.1/../../../../arm-none-eabi/lib/thumb/v7e-m/nofp/libc_nano.a(libc_a-closer.o)
                              /opt/st/stm32cubeide_1.13.2/plugins/com.st.stm32cube.ide.mcu.externaltools.gnu-tools-for-stm32.11.3.rel1.linux64_1.1.1.202309131626/tools/bin/../lib/gcc/arm-none-eabi/11.3.1/../../../../arm-none-eabi/lib/thumb/v7e-m/nofp/libc_nano.a(libc_a-stdio.o) (_close_r)
/opt/st/stm32cubeide_1.13.2/plugins/com.st.stm32cube.ide.mcu.externaltools.gnu-tools-for-stm32.11.3.rel1.linux64_1.1.1.202309131626/tools/bin/../lib/gcc/arm-none-eabi/11.3.1/../../../../arm-none-eabi/lib/thumb/v7e-m/nofp/libc_nano.a(libc_a-reent.o)
                              /opt/st/stm32cubeide_1.13.2/plugins/com.st.stm32cube.ide.mcu.externaltools.gnu-tools-for-stm32.11.3.rel1.linux64_1.1.1.202309131626/tools/bin/../lib/gcc/arm-none-eabi/11.3.1/../../../../arm-none-eabi/lib/thumb/v7e-m/nofp/libc_nano.a(libc_a-closer.o) (errno)
/opt/st/stm32cubeide_1.13.2/plugins/com.st.stm32cube.ide.mcu.externaltools.gnu-tools-for-stm32.11.3.rel1.linux64_1.1.1.202309131626/tools/bin/../lib/gcc/arm-none-eabi/11.3.1/../../../../arm-none-eabi/lib/thumb/v7e-m/nofp/libc_nano.a(libc_a-impure.o)
                              /opt/st/stm32cubeide_1.13.2/plugins/com.st.stm32cube.ide.mcu.externaltools.gnu-tools-for-stm32.11.3.rel1.linux64_1.1.1.202309131626/tools/bin/../lib/gcc/arm-none-eabi/11.3.1/../../../../arm-none-eabi/lib/thumb/v7e-m/nofp/libc_nano.a(libc_a-reent.o) (_impure_ptr)
/opt/st/stm32cubeide_1.13.2/plugins/com.st.stm32cube.ide.mcu.externaltools.gnu-tools-for-stm32.11.3.rel1.linux64_1.1.1.202309131626/tools/bin/../lib/gcc/arm-none-eabi/11.3.1/../../../../arm-none-eabi/lib/thumb/v7e-m/nofp/libc_nano.a(libc_a-lseekr.o)
                              /opt/st/stm32cubeide_1.13.2/plugins/com.st.stm32cube.ide.mcu.externaltools.gnu-tools-for-stm32.11.3.rel1.linux64_1.1.1.202309131626/tools/bin/../lib/gcc/arm-none-eabi/11.3.1/../../../../arm-none-eabi/lib/thumb/v7e-m/nofp/libc_nano.a(libc_a-stdio.o) (_lseek_r)
[...]
Memory Configuration

Name             Origin             Length             Attributes
RAM              0x0000000020000000 0x0000000000020000 xrw
FLASH            0x0000000008000000 0x0000000000080000 xr
*default*        0x0000000000000000 0xffffffffffffffff

Linker script and memory map

LOAD /opt/st/stm32cubeide_1.13.2/plugins/com.st.stm32cube.ide.mcu.externaltools.gnu-tools-for-stm32.11.3.rel1.linux64_1.1.1.202309131626/tools/bin/../lib/gcc/arm-none-eabi/11.3.1/thumb/v7e-m/nofp/crti.o
LOAD /opt/st/stm32cubeide_1.13.2/plugins/com.st.stm32cube.ide.mcu.externaltools.gnu-tools-for-stm32.11.3.rel1.linux64_1.1.1.202309131626/tools/bin/../lib/gcc/arm-none-eabi/11.3.1/thumb/v7e-m/nofp/crtbegin.o
LOAD /opt/st/stm32cubeide_1.13.2/plugins/com.st.stm32cube.ide.mcu.externaltools.gnu-tools-for-stm32.11.3.rel1.linux64_1.1.1.202309131626/tools/bin/../lib/gcc/arm-none-eabi/11.3.1/../../../../arm-none-eabi/lib/thumb/v7e-m/nofp/rdimon-crt0.o
LOAD ./BSP/ds1307.o
LOAD ./BSP/lcd.o
LOAD ./Drivers/Src/stm32f446xx_gpio_driver.o
LOAD ./Drivers/Src/stm32f446xx_i2c_driver.o
LOAD ./Drivers/Src/stm32f446xx_rcc_driver.o
LOAD ./Drivers/Src/stm32f446xx_spi_driver.o
LOAD ./Drivers/Src/stm32f446xx_usart_driver.o
LOAD ./Src/017_RTC_LCD.o
LOAD ./Startup/startup_stm32f446retx.o
LOAD /opt/st/stm32cubeide_1.13.2/plugins/com.st.stm32cube.ide.mcu.externaltools.gnu-tools-for-stm32.11.3.rel1.linux64_1.1.1.202309131626/tools/bin/../lib/gcc/arm-none-eabi/11.3.1/../../../../arm-none-eabi/lib/thumb/v7e-m/nofp/libc_nano.a
LOAD /opt/st/stm32cubeide_1.13.2/plugins/com.st.stm32cube.ide.mcu.externaltools.gnu-tools-for-stm32.11.3.rel1.linux64_1.1.1.202309131626/tools/bin/../lib/gcc/arm-none-eabi/11.3.1/../../../../arm-none-eabi/lib/thumb/v7e-m/nofp/librdimon_nano.a
START GROUP
LOAD /opt/st/stm32cubeide_1.13.2/plugins/com.st.stm32cube.ide.mcu.externaltools.gnu-tools-for-stm32.11.3.rel1.linux64_1.1.1.202309131626/tools/bin/../lib/gcc/arm-none-eabi/11.3.1/../../../../arm-none-eabi/lib/thumb/v7e-m/nofp/libc_nano.a
LOAD /opt/st/stm32cubeide_1.13.2/plugins/com.st.stm32cube.ide.mcu.externaltools.gnu-tools-for-stm32.11.3.rel1.linux64_1.1.1.202309131626/tools/bin/../lib/gcc/arm-none-eabi/11.3.1/../../../../arm-none-eabi/lib/thumb/v7e-m/nofp/libm.a
END GROUP
START GROUP
LOAD /opt/st/stm32cubeide_1.13.2/plugins/com.st.stm32cube.ide.mcu.externaltools.gnu-tools-for-stm32.11.3.rel1.linux64_1.1.1.202309131626/tools/bin/../lib/gcc/arm-none-eabi/11.3.1/thumb/v7e-m/nofp/libgcc.a
LOAD /opt/st/stm32cubeide_1.13.2/plugins/com.st.stm32cube.ide.mcu.externaltools.gnu-tools-for-stm32.11.3.rel1.linux64_1.1.1.202309131626/tools/bin/../lib/gcc/arm-none-eabi/11.3.1/../../../../arm-none-eabi/lib/thumb/v7e-m/nofp/libc_nano.a
END GROUP
START GROUP
LOAD /opt/st/stm32cubeide_1.13.2/plugins/com.st.stm32cube.ide.mcu.externaltools.gnu-tools-for-stm32.11.3.rel1.linux64_1.1.1.202309131626/tools/bin/../lib/gcc/arm-none-eabi/11.3.1/thumb/v7e-m/nofp/libgcc.a
LOAD /opt/st/stm32cubeide_1.13.2/plugins/com.st.stm32cube.ide.mcu.externaltools.gnu-tools-for-stm32.11.3.rel1.linux64_1.1.1.202309131626/tools/bin/../lib/gcc/arm-none-eabi/11.3.1/../../../../arm-none-eabi/lib/thumb/v7e-m/nofp/libc_nano.a
LOAD /opt/st/stm32cubeide_1.13.2/plugins/com.st.stm32cube.ide.mcu.externaltools.gnu-tools-for-stm32.11.3.rel1.linux64_1.1.1.202309131626/tools/bin/../lib/gcc/arm-none-eabi/11.3.1/../../../../arm-none-eabi/lib/thumb/v7e-m/nofp/libnosys.a
END GROUP
START GROUP
LOAD /opt/st/stm32cubeide_1.13.2/plugins/com.st.stm32cube.ide.mcu.externaltools.gnu-tools-for-stm32.11.3.rel1.linux64_1.1.1.202309131626/tools/bin/../lib/gcc/arm-none-eabi/11.3.1/thumb/v7e-m/nofp/libgcc.a
LOAD /opt/st/stm32cubeide_1.13.2/plugins/com.st.stm32cube.ide.mcu.externaltools.gnu-tools-for-stm32.11.3.rel1.linux64_1.1.1.202309131626/tools/bin/../lib/gcc/arm-none-eabi/11.3.1/../../../../arm-none-eabi/lib/thumb/v7e-m/nofp/libc_nano.a
LOAD /opt/st/stm32cubeide_1.13.2/plugins/com.st.stm32cube.ide.mcu.externaltools.gnu-tools-for-stm32.11.3.rel1.linux64_1.1.1.202309131626/tools/bin/../lib/gcc/arm-none-eabi/11.3.1/../../../../arm-none-eabi/lib/thumb/v7e-m/nofp/librdimon_nano.a
END GROUP
START GROUP
LOAD /opt/st/stm32cubeide_1.13.2/plugins/com.st.stm32cube.ide.mcu.externaltools.gnu-tools-for-stm32.11.3.rel1.linux64_1.1.1.202309131626/tools/bin/../lib/gcc/arm-none-eabi/11.3.1/thumb/v7e-m/nofp/libgcc.a
LOAD /opt/st/stm32cubeide_1.13.2/plugins/com.st.stm32cube.ide.mcu.externaltools.gnu-tools-for-stm32.11.3.rel1.linux64_1.1.1.202309131626/tools/bin/../lib/gcc/arm-none-eabi/11.3.1/../../../../arm-none-eabi/lib/thumb/v7e-m/nofp/libc_nano.a
LOAD /opt/st/stm32cubeide_1.13.2/plugins/com.st.stm32cube.ide.mcu.externaltools.gnu-tools-for-stm32.11.3.rel1.linux64_1.1.1.202309131626/tools/bin/../lib/gcc/arm-none-eabi/11.3.1/../../../../arm-none-eabi/lib/thumb/v7e-m/nofp/librdimon_nano.a
LOAD /opt/st/stm32cubeide_1.13.2/plugins/com.st.stm32cube.ide.mcu.externaltools.gnu-tools-for-stm32.11.3.rel1.linux64_1.1.1.202309131626/tools/bin/../lib/gcc/arm-none-eabi/11.3.1/../../../../arm-none-eabi/lib/thumb/v7e-m/nofp/libnosys.a
END GROUP
LOAD /opt/st/stm32cubeide_1.13.2/plugins/com.st.stm32cube.ide.mcu.externaltools.gnu-tools-for-stm32.11.3.rel1.linux64_1.1.1.202309131626/tools/bin/../lib/gcc/arm-none-eabi/11.3.1/thumb/v7e-m/nofp/crtend.o
LOAD /opt/st/stm32cubeide_1.13.2/plugins/com.st.stm32cube.ide.mcu.externaltools.gnu-tools-for-stm32.11.3.rel1.linux64_1.1.1.202309131626/tools/bin/../lib/gcc/arm-none-eabi/11.3.1/thumb/v7e-m/nofp/crtn.o
                0x0000000020020000                _estack = (ORIGIN (RAM) + LENGTH (RAM))
                0x0000000000000200                _Min_Heap_Size = 0x200
                0x0000000000000400                _Min_Stack_Size = 0x400

.isr_vector     0x0000000008000000      0x1c4
                0x0000000008000000                . = ALIGN (0x4)
 *(.isr_vector)
 .isr_vector    0x0000000008000000      0x1c4 ./Startup/startup_stm32f446retx.o
                0x0000000008000000                g_pfnVectors
                0x00000000080001c4                . = ALIGN (0x4)

.text           0x00000000080001c4     0x2098
                0x00000000080001c4                . = ALIGN (0x4)
 *(.text)
 .text          0x00000000080001c4       0x40 /opt/st/stm32cubeide_1.13.2/plugins/com.st.stm32cube.ide.mcu.externaltools.gnu-tools-for-stm32.11.3.rel1.linux64_1.1.1.202309131626/tools/bin/../lib/gcc/arm-none-eabi/11.3.1/thumb/v7e-m/nofp/crtbegin.o
 .text          0x0000000008000204       0x10 /opt/st/stm32cubeide_1.13.2/plugins/com.st.stm32cube.ide.mcu.externaltools.gnu-tools-for-stm32.11.3.rel1.linux64_1.1.1.202309131626/tools/bin/../lib/gcc/arm-none-eabi/11.3.1/../../../../arm-none-eabi/lib/thumb/v7e-m/nofp/libc_nano.a(libc_a-strlen.o)
                0x0000000008000204                strlen
 *(.text*)
 .text.ds1307_init
                0x0000000008000214       0x3c ./BSP/ds1307.o
                0x0000000008000214                ds1307_init
 .text.ds1307_set_current_time
                0x0000000008000250       0x92 ./BSP/ds1307.o
                0x0000000008000250                ds1307_set_current_time
 .text.ds1307_get_current_time
                0x00000000080002e2       0x92 ./BSP/ds1307.o
                0x00000000080002e2                ds1307_get_current_time
 .text.ds1307_set_current_date
                0x0000000008000374       0x60 ./BSP/ds1307.o
                0x0000000008000374                ds1307_set_current_date
 .text.ds1307_get_current_date
                0x00000000080003d4       0x68 ./BSP/ds1307.o
                0x00000000080003d4                ds1307_get_current_date
 .text.ds1307_i2c_pin_config
                0x000000000800043c       0x78 ./BSP/ds1307.o
 .text.ds1307_i2c_config
                0x00000000080004b4       0x2c ./BSP/ds1307.o
 .text.ds1307_write
                0x00000000080004e0       0x38 ./BSP/ds1307.o
 .text.ds1307_read
                0x0000000008000518       0x3c ./BSP/ds1307.o
 .text.binary_to_bcd
                0x0000000008000554       0x58 ./BSP/ds1307.o
 .text.bcd_to_binary
                0x00000000080005ac       0x36 ./BSP/ds1307.o
 *fill*         0x00000000080005e2        0x2 
 .text.lcd_send_command
                0x00000000080005e4       0x44 ./BSP/lcd.o
                0x00000000080005e4                lcd_send_command
 .text.lcd_print_char
                0x0000000008000628       0x44 ./BSP/lcd.o
                0x0000000008000628                lcd_print_char
 .text.lcd_print_string
                0x000000000800066c       0x2a ./BSP/lcd.o
                0x000000000800066c                lcd_print_string
 .text.lcd_set_cursor
                0x0000000008000696       0x4e ./BSP/lcd.o
                0x0000000008000696                lcd_set_cursor
 .text.lcd_init
                0x00000000080006e4      0x114 ./BSP/lcd.o
                0x00000000080006e4                lcd_init
 .text.lcd_display_clear
                0x00000000080007f8       0x14 ./BSP/lcd.o
                0x00000000080007f8                lcd_display_clear
 .text.lcd_display_return_home
                0x000000000800080c       0x14 ./BSP/lcd.o
                0x000000000800080c                lcd_display_return_home
 .text.write_4_bits
                0x0000000008000820       0x70 ./BSP/lcd.o
 .text.lcd_enable
                0x0000000008000890       0x2c ./BSP/lcd.o
 .text.mdelay   0x00000000080008bc       0x30 ./BSP/lcd.o
 .text.udelay   0x00000000080008ec       0x28 ./BSP/lcd.o
 .text.GPIO_PeriClockControl
                0x0000000008000914      0x1a0 ./Drivers/Src/stm32f446xx_gpio_driver.o
                0x0000000008000914                GPIO_PeriClockControl
 .text.GPIO_Init
                0x0000000008000ab4      0x358 ./Drivers/Src/stm32f446xx_gpio_driver.o
                0x0000000008000ab4                GPIO_Init
 .text.GPIO_WriteToOutputPin
                0x0000000008000e0c       0x48 ./Drivers/Src/stm32f446xx_gpio_driver.o
                0x0000000008000e0c                GPIO_WriteToOutputPin
 .text.I2C_GenerateStartCondition
                0x0000000008000e54       0x1e ./Drivers/Src/stm32f446xx_i2c_driver.o
 .text.I2C_ExecuteAddressPhaseWrite
                0x0000000008000e72       0x2a ./Drivers/Src/stm32f446xx_i2c_driver.o
 .text.I2C_ExecuteAddressPhaseRead
                0x0000000008000e9c       0x2a ./Drivers/Src/stm32f446xx_i2c_driver.o
 .text.I2C_ClearADDRFlag
                0x0000000008000ec6       0x6e ./Drivers/Src/stm32f446xx_i2c_driver.o
 .text.I2C_GenerateStopCondition
                0x0000000008000f34       0x1e ./Drivers/Src/stm32f446xx_i2c_driver.o
                0x0000000008000f34                I2C_GenerateStopCondition
 *fill*         0x0000000008000f52        0x2 
 .text.I2C_PeriClockControl
                0x0000000008000f54       0xb0 ./Drivers/Src/stm32f446xx_i2c_driver.o
                0x0000000008000f54                I2C_PeriClockControl
 .text.I2C_PeripheralControl
                0x0000000008001004       0x36 ./Drivers/Src/stm32f446xx_i2c_driver.o
                0x0000000008001004                I2C_PeripheralControl
 *fill*         0x000000000800103a        0x2 
 .text.I2C_Init
                0x000000000800103c      0x184 ./Drivers/Src/stm32f446xx_i2c_driver.o
                0x000000000800103c                I2C_Init
 .text.I2C_MasterSendData
                0x00000000080011c0       0xce ./Drivers/Src/stm32f446xx_i2c_driver.o
                0x00000000080011c0                I2C_MasterSendData
 .text.I2C_MasterReceiveData
                0x000000000800128e      0x124 ./Drivers/Src/stm32f446xx_i2c_driver.o
                0x000000000800128e                I2C_MasterReceiveData
 .text.I2C_ManageAcking
                0x00000000080013b2       0x36 ./Drivers/Src/stm32f446xx_i2c_driver.o
                0x00000000080013b2                I2C_ManageAcking
 .text.I2C_GetFlagStatus
                0x00000000080013e8       0x26 ./Drivers/Src/stm32f446xx_i2c_driver.o
                0x00000000080013e8                I2C_GetFlagStatus
 .text.RCC_GetPLLOutputClock
                0x000000000800140e       0x16 ./Drivers/Src/stm32f446xx_rcc_driver.o
                0x000000000800140e                RCC_GetPLLOutputClock
 .text.RCC_GetPCLK1Value
                0x0000000008001424       0xb4 ./Drivers/Src/stm32f446xx_rcc_driver.o
                0x0000000008001424                RCC_GetPCLK1Value
 .text.init_systick_timer
                0x00000000080014d8       0x68 ./Src/017_RTC_LCD.o
                0x00000000080014d8                init_systick_timer
 .text.mdelay   0x0000000008001540       0x30 ./Src/017_RTC_LCD.o
 .text.main     0x0000000008001570       0x90 ./Src/017_RTC_LCD.o
                0x0000000008001570                main
 .text.printf_rtc
                0x0000000008001600       0x90 ./Src/017_RTC_LCD.o
                0x0000000008001600                printf_rtc
 .text.get_day_of_week
                0x0000000008001690       0x3c ./Src/017_RTC_LCD.o
                0x0000000008001690                get_day_of_week
 .text.number_to_string
                0x00000000080016cc       0x74 ./Src/017_RTC_LCD.o
                0x00000000080016cc                number_to_string
 .text.time_to_string
                0x0000000008001740       0x54 ./Src/017_RTC_LCD.o
                0x0000000008001740                time_to_string
 .text.date_to_string
                0x0000000008001794       0x54 ./Src/017_RTC_LCD.o
                0x0000000008001794                date_to_string
 .text.SysTick_Handler
                0x00000000080017e8       0x20 ./Src/017_RTC_LCD.o
                0x00000000080017e8                SysTick_Handler
 .text.Reset_Handler
                0x0000000008001808       0x50 ./Startup/startup_stm32f446retx.o
                0x0000000008001808                Reset_Handler
 .text.Default_Handler
                0x0000000008001858        0x2 ./Startup/startup_stm32f446retx.o
                0x0000000008001858                RTC_Alarm_IRQHandler
                0x0000000008001858                EXTI2_IRQHandler
                0x0000000008001858                TIM8_CC_IRQHandler
                0x0000000008001858                SPDIF_Rx_IRQHandler
                0x0000000008001858                DebugMon_Handler
                0x0000000008001858                SPI4_IRQHandler
                0x0000000008001858                TIM1_CC_IRQHandler
                0x0000000008001858                QuadSPI_IRQHandler
                0x0000000008001858                DMA2_Stream5_IRQHandler
                0x0000000008001858                HardFault_Handler
                0x0000000008001858                DMA1_Stream5_IRQHandler
                0x0000000008001858                PVD_IRQHandler
                0x0000000008001858                SDIO_IRQHandler
                0x0000000008001858                TAMP_STAMP_IRQHandler
                0x0000000008001858                PendSV_Handler
                0x0000000008001858                NMI_Handler
                0x0000000008001858                CAN2_RX1_IRQHandler
                0x0000000008001858                EXTI3_IRQHandler
                0x0000000008001858                TIM8_TRG_COM_TIM14_IRQHandler
                0x0000000008001858                TIM1_UP_TIM10_IRQHandler
                0x0000000008001858                FMPI2C1_error_IRQHandler
                0x0000000008001858                TIM8_UP_TIM13_IRQHandler
                0x0000000008001858                I2C3_ER_IRQHandler
                0x0000000008001858                EXTI0_IRQHandler
                0x0000000008001858                I2C2_EV_IRQHandler
                0x0000000008001858                DMA1_Stream2_IRQHandler
                0x0000000008001858                CAN1_RX0_IRQHandler
                0x0000000008001858                OTG_HS_WKUP_IRQHandler
                0x0000000008001858                UsageFault_Handler
                0x0000000008001858                CAN2_SCE_IRQHandler
                0x0000000008001858                DMA2_Stream2_IRQHandler
                0x0000000008001858                SPI1_IRQHandler
                0x0000000008001858                TIM6_DAC_IRQHandler
                0x0000000008001858                TIM1_BRK_TIM9_IRQHandler
                0x0000000008001858                DCMI_IRQHandler
                0x0000000008001858                CAN2_RX0_IRQHandler
                0x0000000008001858                DMA2_Stream3_IRQHandler
                0x0000000008001858                FMPI2C1_IRQHandler
                0x0000000008001858                SAI2_IRQHandler
                0x0000000008001858                USART6_IRQHandler
                0x0000000008001858                USART3_IRQHandler
                0x0000000008001858                CAN1_RX1_IRQHandler
                0x0000000008001858                UART5_IRQHandler
                0x0000000008001858                DMA2_Stream0_IRQHandler
                0x0000000008001858                TIM4_IRQHandler
                0x0000000008001858                I2C1_EV_IRQHandler
                0x0000000008001858                HDMI_CEC_IRQHandler
                0x0000000008001858                DMA1_Stream6_IRQHandler
                0x0000000008001858                DMA1_Stream1_IRQHandler
                0x0000000008001858                UART4_IRQHandler
                0x0000000008001858                TIM3_IRQHandler
                0x0000000008001858                RCC_IRQHandler
                0x0000000008001858                TIM8_BRK_TIM12_IRQHandler
                0x0000000008001858                Default_Handler
                0x0000000008001858                EXTI15_10_IRQHandler
                0x0000000008001858                ADC_IRQHandler
                0x0000000008001858                DMA1_Stream7_IRQHandler
                0x0000000008001858                TIM7_IRQHandler
                0x0000000008001858                CAN2_TX_IRQHandler
                0x0000000008001858                TIM5_IRQHandler
                0x0000000008001858                DMA2_Stream7_IRQHandler
                0x0000000008001858                I2C3_EV_IRQHandler
                0x0000000008001858                EXTI9_5_IRQHandler
                0x0000000008001858                RTC_WKUP_IRQHandler
                0x0000000008001858                SPI2_IRQHandler
                0x0000000008001858                OTG_HS_EP1_IN_IRQHandler
                0x0000000008001858                MemManage_Handler
                0x0000000008001858                DMA1_Stream0_IRQHandler
                0x0000000008001858                CAN1_TX_IRQHandler
                0x0000000008001858                SVC_Handler
                0x0000000008001858                EXTI4_IRQHandler
                0x0000000008001858                OTG_HS_EP1_OUT_IRQHandler
                0x0000000008001858                WWDG_IRQHandler
                0x0000000008001858                TIM2_IRQHandler
                0x0000000008001858                OTG_FS_WKUP_IRQHandler
                0x0000000008001858                TIM1_TRG_COM_TIM11_IRQHandler
                0x0000000008001858                OTG_HS_IRQHandler
                0x0000000008001858                EXTI1_IRQHandler
                0x0000000008001858                USART2_IRQHandler
                0x0000000008001858                I2C2_ER_IRQHandler
                0x0000000008001858                DMA2_Stream1_IRQHandler
                0x0000000008001858                CAN1_SCE_IRQHandler
                0x0000000008001858                FLASH_IRQHandler
                0x0000000008001858                DMA2_Stream4_IRQHandler
                0x0000000008001858                BusFault_Handler
                0x0000000008001858                USART1_IRQHandler
                0x0000000008001858                OTG_FS_IRQHandler
                0x0000000008001858                SPI3_IRQHandler
                0x0000000008001858                DMA1_Stream4_IRQHandler
                0x0000000008001858                I2C1_ER_IRQHandler
                0x0000000008001858                FMC_IRQHandler
                0x0000000008001858                DMA2_Stream6_IRQHandler
                0x0000000008001858                SAI1_IRQHandler
                0x0000000008001858                DMA1_Stream3_IRQHandler
 *fill*         0x000000000800185a        0x2 
 .text.std      0x000000000800185c       0x6c /opt/st/stm32cubeide_1.13.2/plugins/com.st.stm32cube.ide.mcu.externaltools.gnu-tools-for-stm32.11.3.rel1.linux64_1.1.1.202309131626/tools/bin/../lib/gcc/arm-none-eabi/11.3.1/../../../../arm-none-eabi/lib/thumb/v7e-m/nofp/libc_nano.a(libc_a-findfp.o)
 .text.stdio_exit_handler
                0x00000000080018c8       0x18 /opt/st/stm32cubeide_1.13.2/plugins/com.st.stm32cube.ide.mcu.externaltools.gnu-tools-for-stm32.11.3.rel1.linux64_1.1.1.202309131626/tools/bin/../lib/gcc/arm-none-eabi/11.3.1/../../../../arm-none-eabi/lib/thumb/v7e-m/nofp/libc_nano.a(libc_a-findfp.o)
 .text.cleanup_stdio
                0x00000000080018e0       0x40 /opt/st/stm32cubeide_1.13.2/plugins/com.st.stm32cube.ide.mcu.externaltools.gnu-tools-for-stm32.11.3.rel1.linux64_1.1.1.202309131626/tools/bin/../lib/gcc/arm-none-eabi/11.3.1/../../../../arm-none-eabi/lib/thumb/v7e-m/nofp/libc_nano.a(libc_a-findfp.o)
 .text.global_stdio_init.part.0
                0x0000000008001920       0x3c /opt/st/stm32cubeide_1.13.2/plugins/com.st.stm32cube.ide.mcu.externaltools.gnu-tools-for-stm32.11.3.rel1.linux64_1.1.1.202309131626/tools/bin/../lib/gcc/arm-none-eabi/11.3.1/../../../../arm-none-eabi/lib/thumb/v7e-m/nofp/libc_nano.a(libc_a-findfp.o)
 .text.__sfp_lock_acquire
                0x000000000800195c        0xc /opt/st/stm32cubeide_1.13.2/plugins/com.st.stm32cube.ide.mcu.externaltools.gnu-tools-for-stm32.11.3.rel1.linux64_1.1.1.202309131626/tools/bin/../lib/gcc/arm-none-eabi/11.3.1/../../../../arm-none-eabi/lib/thumb/v7e-m/nofp/libc_nano.a(libc_a-findfp.o)
                0x000000000800195c                __sfp_lock_acquire
 .text.__sfp_lock_release
                0x0000000008001968        0xc /opt/st/stm32cubeide_1.13.2/plugins/com.st.stm32cube.ide.mcu.externaltools.gnu-tools-for-stm32.11.3.rel1.linux64_1.1.1.202309131626/tools/bin/../lib/gcc/arm-none-eabi/11.3.1/../../../../arm-none-eabi/lib/thumb/v7e-m/nofp/libc_nano.a(libc_a-findfp.o)
                0x0000000008001968                __sfp_lock_release
 .text.__sinit  0x0000000008001974       0x30 /opt/st/stm32cubeide_1.13.2/plugins/com.st.stm32cube.ide.mcu.externaltools.gnu-tools-for-stm32.11.3.rel1.linux64_1.1.1.202309131626/tools/bin/../lib/gcc/arm-none-eabi/11.3.1/../../../../arm-none-eabi/lib/thumb/v7e-m/nofp/libc_nano.a(libc_a-findfp.o)
                0x0000000008001974                __sinit
 .text._fwalk_sglue
                0x00000000080019a4       0x3c /opt/st/stm32cubeide_1.13.2/plugins/com.st.stm32cube.ide.mcu.externaltools.gnu-tools-for-stm32.11.3.rel1.linux64_1.1.1.202309131626/tools/bin/../lib/gcc/arm-none-eabi/11.3.1/../../../../arm-none-eabi/lib/thumb/v7e-m/nofp/libc_nano.a(libc_a-fwalk.o)
                0x00000000080019a4                _fwalk_sglue
 .text.__sread  0x00000000080019e0       0x22 /opt/st/stm32cubeide_1.13.2/plugins/com.st.stm32cube.ide.mcu.externaltools.gnu-tools-for-stm32.11.3.rel1.linux64_1.1.1.202309131626/tools/bin/../lib/gcc/arm-none-eabi/11.3.1/../../../../arm-none-eabi/lib/thumb/v7e-m/nofp/libc_nano.a(libc_a-stdio.o)
                0x00000000080019e0                __sread
 .text.__swrite
                0x0000000008001a02       0x38 /opt/st/stm32cubeide_1.13.2/plugins/com.st.stm32cube.ide.mcu.externaltools.gnu-tools-for-stm32.11.3.rel1.linux64_1.1.1.202309131626/tools/bin/../lib/gcc/arm-none-eabi/11.3.1/../../../../arm-none-eabi/lib/thumb/v7e-m/nofp/libc_nano.a(libc_a-stdio.o)
                0x0000000008001a02                __swrite
 .text.__sseek  0x0000000008001a3a       0x24 /opt/st/stm32cubeide_1.13.2/plugins/com.st.stm32cube.ide.mcu.externaltools.gnu-tools-for-stm32.11.3.rel1.linux64_1.1.1.202309131626/tools/bin/../lib/gcc/arm-none-eabi/11.3.1/../../../../arm-none-eabi/lib/thumb/v7e-m/nofp/libc_nano.a(libc_a-stdio.o)
                0x0000000008001a3a                __sseek
 .text.__sclose
                0x0000000008001a5e        0x8 /opt/st/stm32cubeide_1.13.2/plugins/com.st.stm32cube.ide.mcu.externaltools.gnu-tools-for-stm32.11.3.rel1.linux64_1.1.1.202309131626/tools/bin/../lib/gcc/arm-none-eabi/11.3.1/../../../../arm-none-eabi/lib/thumb/v7e-m/nofp/libc_nano.a(libc_a-stdio.o)
                0x0000000008001a5e                __sclose
 .text.memset   0x0000000008001a66       0x10 /opt/st/stm32cubeide_1.13.2/plugins/com.st.stm32cube.ide.mcu.externaltools.gnu-tools-for-stm32.11.3.rel1.linux64_1.1.1.202309131626/tools/bin/../lib/gcc/arm-none-eabi/11.3.1/../../../../arm-none-eabi/lib/thumb/v7e-m/nofp/libc_nano.a(libc_a-memset.o)
                0x0000000008001a66                memset
 *fill*         0x0000000008001a76        0x2 
 .text._close_r
                0x0000000008001a78       0x20 /opt/st/stm32cubeide_1.13.2/plugins/com.st.stm32cube.ide.mcu.externaltools.gnu-tools-for-stm32.11.3.rel1.linux64_1.1.1.202309131626/tools/bin/../lib/gcc/arm-none-eabi/11.3.1/../../../../arm-none-eabi/lib/thumb/v7e-m/nofp/libc_nano.a(libc_a-closer.o)
                0x0000000008001a78                _close_r
 .text._lseek_r
                0x0000000008001a98       0x24 /opt/st/stm32cubeide_1.13.2/plugins/com.st.stm32cube.ide.mcu.externaltools.gnu-tools-for-stm32.11.3.rel1.linux64_1.1.1.202309131626/tools/bin/../lib/gcc/arm-none-eabi/11.3.1/../../../../arm-none-eabi/lib/thumb/v7e-m/nofp/libc_nano.a(libc_a-lseekr.o)
                0x0000000008001a98                _lseek_r
 .text._read_r  0x0000000008001abc       0x24 /opt/st/stm32cubeide_1.13.2/plugins/com.st.stm32cube.ide.mcu.externaltools.gnu-tools-for-stm32.11.3.rel1.linux64_1.1.1.202309131626/tools/bin/../lib/gcc/arm-none-eabi/11.3.1/../../../../arm-none-eabi/lib/thumb/v7e-m/nofp/libc_nano.a(libc_a-readr.o)
                0x0000000008001abc                _read_r
 .text._write_r
                0x0000000008001ae0       0x24 /opt/st/stm32cubeide_1.13.2/plugins/com.st.stm32cube.ide.mcu.externaltools.gnu-tools-for-stm32.11.3.rel1.linux64_1.1.1.202309131626/tools/bin/../lib/gcc/arm-none-eabi/11.3.1/../../../../arm-none-eabi/lib/thumb/v7e-m/nofp/libc_nano.a(libc_a-writer.o)
                0x0000000008001ae0                _write_r
 .text.__libc_init_array
                0x0000000008001b04       0x48 /opt/st/stm32cubeide_1.13.2/plugins/com.st.stm32cube.ide.mcu.externaltools.gnu-tools-for-stm32.11.3.rel1.linux64_1.1.1.202309131626/tools/bin/../lib/gcc/arm-none-eabi/11.3.1/../../../../arm-none-eabi/lib/thumb/v7e-m/nofp/libc_nano.a(libc_a-init.o)
                0x0000000008001b04                __libc_init_array
 .text.__retarget_lock_init_recursive
                0x0000000008001b4c        0x2 /opt/st/stm32cubeide_1.13.2/plugins/com.st.stm32cube.ide.mcu.externaltools.gnu-tools-for-stm32.11.3.rel1.linux64_1.1.1.202309131626/tools/bin/../lib/gcc/arm-none-eabi/11.3.1/../../../../arm-none-eabi/lib/thumb/v7e-m/nofp/libc_nano.a(libc_a-lock.o)
                0x0000000008001b4c                __retarget_lock_init_recursive
 .text.__retarget_lock_acquire_recursive
                0x0000000008001b4e        0x2 /opt/st/stm32cubeide_1.13.2/plugins/com.st.stm32cube.ide.mcu.externaltools.gnu-tools-for-stm32.11.3.rel1.linux64_1.1.1.202309131626/tools/bin/../lib/gcc/arm-none-eabi/11.3.1/../../../../arm-none-eabi/lib/thumb/v7e-m/nofp/libc_nano.a(libc_a-lock.o)
                0x0000000008001b4e                __retarget_lock_acquire_recursive
 .text.__retarget_lock_release_recursive
                0x0000000008001b50        0x2 /opt/st/stm32cubeide_1.13.2/plugins/com.st.stm32cube.ide.mcu.externaltools.gnu-tools-for-stm32.11.3.rel1.linux64_1.1.1.202309131626/tools/bin/../lib/gcc/arm-none-eabi/11.3.1/../../../../arm-none-eabi/lib/thumb/v7e-m/nofp/libc_nano.a(libc_a-lock.o)
                0x0000000008001b50                __retarget_lock_release_recursive
 *fill*         0x0000000008001b52        0x2 
 .text._free_r  0x0000000008001b54       0x94 /opt/st/stm32cubeide_1.13.2/plugins/com.st.stm32cube.ide.mcu.externaltools.gnu-tools-for-stm32.11.3.rel1.linux64_1.1.1.202309131626/tools/bin/../lib/gcc/arm-none-eabi/11.3.1/../../../../arm-none-eabi/lib/thumb/v7e-m/nofp/libc_nano.a(libc_a-freer.o)
                0x0000000008001b54                _free_r
 .text.__malloc_lock
                0x0000000008001be8        0xc /opt/st/stm32cubeide_1.13.2/plugins/com.st.stm32cube.ide.mcu.externaltools.gnu-tools-for-stm32.11.3.rel1.linux64_1.1.1.202309131626/tools/bin/../lib/gcc/arm-none-eabi/11.3.1/../../../../arm-none-eabi/lib/thumb/v7e-m/nofp/libc_nano.a(libc_a-mlock.o)
                0x0000000008001be8                __malloc_lock
 .text.__malloc_unlock
                0x0000000008001bf4        0xc /opt/st/stm32cubeide_1.13.2/plugins/com.st.stm32cube.ide.mcu.externaltools.gnu-tools-for-stm32.11.3.rel1.linux64_1.1.1.202309131626/tools/bin/../lib/gcc/arm-none-eabi/11.3.1/../../../../arm-none-eabi/lib/thumb/v7e-m/nofp/libc_nano.a(libc_a-mlock.o)
                0x0000000008001bf4                __malloc_unlock
 .text.__sflush_r
                0x0000000008001c00      0x104 /opt/st/stm32cubeide_1.13.2/plugins/com.st.stm32cube.ide.mcu.externaltools.gnu-tools-for-stm32.11.3.rel1.linux64_1.1.1.202309131626/tools/bin/../lib/gcc/arm-none-eabi/11.3.1/../../../../arm-none-eabi/lib/thumb/v7e-m/nofp/libc_nano.a(libc_a-fflush.o)
                0x0000000008001c00                __sflush_r
 .text._fflush_r
                0x0000000008001d04       0x50 /opt/st/stm32cubeide_1.13.2/plugins/com.st.stm32cube.ide.mcu.externaltools.gnu-tools-for-stm32.11.3.rel1.linux64_1.1.1.202309131626/tools/bin/../lib/gcc/arm-none-eabi/11.3.1/../../../../arm-none-eabi/lib/thumb/v7e-m/nofp/libc_nano.a(libc_a-fflush.o)
                0x0000000008001d04                _fflush_r
 .text.findslot
                0x0000000008001d54       0x34 /opt/st/stm32cubeide_1.13.2/plugins/com.st.stm32cube.ide.mcu.externaltools.gnu-tools-for-stm32.11.3.rel1.linux64_1.1.1.202309131626/tools/bin/../lib/gcc/arm-none-eabi/11.3.1/../../../../arm-none-eabi/lib/thumb/v7e-m/nofp/librdimon_nano.a(rdimon-syscalls.o)
 .text.error    0x0000000008001d88       0x1c /opt/st/stm32cubeide_1.13.2/plugins/com.st.stm32cube.ide.mcu.externaltools.gnu-tools-for-stm32.11.3.rel1.linux64_1.1.1.202309131626/tools/bin/../lib/gcc/arm-none-eabi/11.3.1/../../../../arm-none-eabi/lib/thumb/v7e-m/nofp/librdimon_nano.a(rdimon-syscalls.o)
 .text.checkerror
                0x0000000008001da4        0xa /opt/st/stm32cubeide_1.13.2/plugins/com.st.stm32cube.ide.mcu.externaltools.gnu-tools-for-stm32.11.3.rel1.linux64_1.1.1.202309131626/tools/bin/../lib/gcc/arm-none-eabi/11.3.1/../../../../arm-none-eabi/lib/thumb/v7e-m/nofp/librdimon_nano.a(rdimon-syscalls.o)
 .text._swiread
                0x0000000008001dae       0x20 /opt/st/stm32cubeide_1.13.2/plugins/com.st.stm32cube.ide.mcu.externaltools.gnu-tools-for-stm32.11.3.rel1.linux64_1.1.1.202309131626/tools/bin/../lib/gcc/arm-none-eabi/11.3.1/../../../../arm-none-eabi/lib/thumb/v7e-m/nofp/librdimon_nano.a(rdimon-syscalls.o)
                0x0000000008001dae                _swiread
 .text._read    0x0000000008001dce       0x34 /opt/st/stm32cubeide_1.13.2/plugins/com.st.stm32cube.ide.mcu.externaltools.gnu-tools-for-stm32.11.3.rel1.linux64_1.1.1.202309131626/tools/bin/../lib/gcc/arm-none-eabi/11.3.1/../../../../arm-none-eabi/lib/thumb/v7e-m/nofp/librdimon_nano.a(rdimon-syscalls.o)
                0x0000000008001dce                _read
 .text._swilseek
                0x0000000008001e02       0x78 /opt/st/stm32cubeide_1.13.2/plugins/com.st.stm32cube.ide.mcu.externaltools.gnu-tools-for-stm32.11.3.rel1.linux64_1.1.1.202309131626/tools/bin/../lib/gcc/arm-none-eabi/11.3.1/../../../../arm-none-eabi/lib/thumb/v7e-m/nofp/librdimon_nano.a(rdimon-syscalls.o)
                0x0000000008001e02                _swilseek
 .text._lseek   0x0000000008001e7a        0x4 /opt/st/stm32cubeide_1.13.2/plugins/com.st.stm32cube.ide.mcu.externaltools.gnu-tools-for-stm32.11.3.rel1.linux64_1.1.1.202309131626/tools/bin/../lib/gcc/arm-none-eabi/11.3.1/../../../../arm-none-eabi/lib/thumb/v7e-m/nofp/librdimon_nano.a(rdimon-syscalls.o)
                0x0000000008001e7a                _lseek
 .text._swiwrite
                0x0000000008001e7e       0x20 /opt/st/stm32cubeide_1.13.2/plugins/com.st.stm32cube.ide.mcu.externaltools.gnu-tools-for-stm32.11.3.rel1.linux64_1.1.1.202309131626/tools/bin/../lib/gcc/arm-none-eabi/11.3.1/../../../../arm-none-eabi/lib/thumb/v7e-m/nofp/librdimon_nano.a(rdimon-syscalls.o)
                0x0000000008001e7e                _swiwrite
 .text._write   0x0000000008001e9e       0x40 /opt/st/stm32cubeide_1.13.2/plugins/com.st.stm32cube.ide.mcu.externaltools.gnu-tools-for-stm32.11.3.rel1.linux64_1.1.1.202309131626/tools/bin/../lib/gcc/arm-none-eabi/11.3.1/../../../../arm-none-eabi/lib/thumb/v7e-m/nofp/librdimon_nano.a(rdimon-syscalls.o)
                0x0000000008001e9e                _write
 .text._swiclose
                0x0000000008001ede       0x1a /opt/st/stm32cubeide_1.13.2/plugins/com.st.stm32cube.ide.mcu.externaltools.gnu-tools-for-stm32.11.3.rel1.linux64_1.1.1.202309131626/tools/bin/../lib/gcc/arm-none-eabi/11.3.1/../../../../arm-none-eabi/lib/thumb/v7e-m/nofp/librdimon_nano.a(rdimon-syscalls.o)
                0x0000000008001ede                _swiclose
 .text._close   0x0000000008001ef8       0x4c /opt/st/stm32cubeide_1.13.2/plugins/com.st.stm32cube.ide.mcu.externaltools.gnu-tools-for-stm32.11.3.rel1.linux64_1.1.1.202309131626/tools/bin/../lib/gcc/arm-none-eabi/11.3.1/../../../../arm-none-eabi/lib/thumb/v7e-m/nofp/librdimon_nano.a(rdimon-syscalls.o)
                0x0000000008001ef8                _close
 .text._swistat
                0x0000000008001f44       0x42 /opt/st/stm32cubeide_1.13.2/plugins/com.st.stm32cube.ide.mcu.externaltools.gnu-tools-for-stm32.11.3.rel1.linux64_1.1.1.202309131626/tools/bin/../lib/gcc/arm-none-eabi/11.3.1/../../../../arm-none-eabi/lib/thumb/v7e-m/nofp/librdimon_nano.a(rdimon-syscalls.o)
                0x0000000008001f44                _swistat
 .text._stat    0x0000000008001f86       0x3a /opt/st/stm32cubeide_1.13.2/plugins/com.st.stm32cube.ide.mcu.externaltools.gnu-tools-for-stm32.11.3.rel1.linux64_1.1.1.202309131626/tools/bin/../lib/gcc/arm-none-eabi/11.3.1/../../../../arm-none-eabi/lib/thumb/v7e-m/nofp/librdimon_nano.a(rdimon-syscalls.o)
                0x0000000008001f86                _stat
 .text._swiopen
                0x0000000008001fc0       0xb4 /opt/st/stm32cubeide_1.13.2/plugins/com.st.stm32cube.ide.mcu.externaltools.gnu-tools-for-stm32.11.3.rel1.linux64_1.1.1.202309131626/tools/bin/../lib/gcc/arm-none-eabi/11.3.1/../../../../arm-none-eabi/lib/thumb/v7e-m/nofp/librdimon_nano.a(rdimon-syscalls.o)
                0x0000000008001fc0                _swiopen
 .text._get_semihosting_exts
                0x0000000008002074       0xb8 /opt/st/stm32cubeide_1.13.2/plugins/com.st.stm32cube.ide.mcu.externaltools.gnu-tools-for-stm32.11.3.rel1.linux64_1.1.1.202309131626/tools/bin/../lib/gcc/arm-none-eabi/11.3.1/../../../../arm-none-eabi/lib/thumb/v7e-m/nofp/librdimon_nano.a(rdimon-syscalls.o)
                0x0000000008002074                _get_semihosting_exts
 .text.initialise_semihosting_exts
                0x000000000800212c       0x34 /opt/st/stm32cubeide_1.13.2/plugins/com.st.stm32cube.ide.mcu.externaltools.gnu-tools-for-stm32.11.3.rel1.linux64_1.1.1.202309131626/tools/bin/../lib/gcc/arm-none-eabi/11.3.1/../../../../arm-none-eabi/lib/thumb/v7e-m/nofp/librdimon_nano.a(rdimon-syscalls.o)
 .text._has_ext_stdout_stderr
                0x0000000008002160       0x18 /opt/st/stm32cubeide_1.13.2/plugins/com.st.stm32cube.ide.mcu.externaltools.gnu-tools-for-stm32.11.3.rel1.linux64_1.1.1.202309131626/tools/bin/../lib/gcc/arm-none-eabi/11.3.1/../../../../arm-none-eabi/lib/thumb/v7e-m/nofp/librdimon_nano.a(rdimon-syscalls.o)
                0x0000000008002160                _has_ext_stdout_stderr
 .text.initialise_monitor_handles
                0x0000000008002178       0xc0 /opt/st/stm32cubeide_1.13.2/plugins/com.st.stm32cube.ide.mcu.externaltools.gnu-tools-for-stm32.11.3.rel1.linux64_1.1.1.202309131626/tools/bin/../lib/gcc/arm-none-eabi/11.3.1/../../../../arm-none-eabi/lib/thumb/v7e-m/nofp/librdimon_nano.a(rdimon-syscalls.o)
                0x0000000008002178                initialise_monitor_handles
 .text.__errno  0x0000000008002238        0xc /opt/st/stm32cubeide_1.13.2/plugins/com.st.stm32cube.ide.mcu.externaltools.gnu-tools-for-stm32.11.3.rel1.linux64_1.1.1.202309131626/tools/bin/../lib/gcc/arm-none-eabi/11.3.1/../../../../arm-none-eabi/lib/thumb/v7e-m/nofp/libc_nano.a(libc_a-errno.o)
                0x0000000008002238                __errno
 *(.glue_7)
 .glue_7        0x0000000008002244        0x0 linker stubs
 *(.glue_7t)
 .glue_7t       0x0000000008002244        0x0 linker stubs
 *(.eh_frame)
 .eh_frame      0x0000000008002244        0x0 /opt/st/stm32cubeide_1.13.2/plugins/com.st.stm32cube.ide.mcu.externaltools.gnu-tools-for-stm32.11.3.rel1.linux64_1.1.1.202309131626/tools/bin/../lib/gcc/arm-none-eabi/11.3.1/thumb/v7e-m/nofp/crtbegin.o
 *(.init)
 .init          0x0000000008002244        0x4 /opt/st/stm32cubeide_1.13.2/plugins/com.st.stm32cube.ide.mcu.externaltools.gnu-tools-for-stm32.11.3.rel1.linux64_1.1.1.202309131626/tools/bin/../lib/gcc/arm-none-eabi/11.3.1/thumb/v7e-m/nofp/crti.o
                0x0000000008002244                _init
 .init          0x0000000008002248        0x8 /opt/st/stm32cubeide_1.13.2/plugins/com.st.stm32cube.ide.mcu.externaltools.gnu-tools-for-stm32.11.3.rel1.linux64_1.1.1.202309131626/tools/bin/../lib/gcc/arm-none-eabi/11.3.1/thumb/v7e-m/nofp/crtn.o
 *(.fini)
 .fini          0x0000000008002250        0x4 /opt/st/stm32cubeide_1.13.2/plugins/com.st.stm32cube.ide.mcu.externaltools.gnu-tools-for-stm32.11.3.rel1.linux64_1.1.1.202309131626/tools/bin/../lib/gcc/arm-none-eabi/11.3.1/thumb/v7e-m/nofp/crti.o
                0x0000000008002250                _fini
 .fini          0x0000000008002254        0x8 /opt/st/stm32cubeide_1.13.2/plugins/com.st.stm32cube.ide.mcu.externaltools.gnu-tools-for-stm32.11.3.rel1.linux64_1.1.1.202309131626/tools/bin/../lib/gcc/arm-none-eabi/11.3.1/thumb/v7e-m/nofp/crtn.o
                0x000000000800225c                . = ALIGN (0x4)
                0x000000000800225c                _etext = .

.vfp11_veneer   0x000000000800225c        0x0
 .vfp11_veneer  0x000000000800225c        0x0 linker stubs

.v4_bx          0x000000000800225c        0x0
 .v4_bx         0x000000000800225c        0x0 linker stubs

.iplt           0x000000000800225c        0x0
 .iplt          0x000000000800225c        0x0 /opt/st/stm32cubeide_1.13.2/plugins/com.st.stm32cube.ide.mcu.externaltools.gnu-tools-for-stm32.11.3.rel1.linux64_1.1.1.202309131626/tools/bin/../lib/gcc/arm-none-eabi/11.3.1/thumb/v7e-m/nofp/crtbegin.o

.rodata         0x000000000800225c       0x90
                0x000000000800225c                . = ALIGN (0x4)
 *(.rodata)
 .rodata        0x000000000800225c       0x74 ./Src/017_RTC_LCD.o
 *(.rodata*)
 .rodata._get_semihosting_exts.str1.1
                0x00000000080022d0       0x16 /opt/st/stm32cubeide_1.13.2/plugins/com.st.stm32cube.ide.mcu.externaltools.gnu-tools-for-stm32.11.3.rel1.linux64_1.1.1.202309131626/tools/bin/../lib/gcc/arm-none-eabi/11.3.1/../../../../arm-none-eabi/lib/thumb/v7e-m/nofp/librdimon_nano.a(rdimon-syscalls.o)
 .rodata.initialise_monitor_handles.str1.1
                0x00000000080022e6        0x4 /opt/st/stm32cubeide_1.13.2/plugins/com.st.stm32cube.ide.mcu.externaltools.gnu-tools-for-stm32.11.3.rel1.linux64_1.1.1.202309131626/tools/bin/../lib/gcc/arm-none-eabi/11.3.1/../../../../arm-none-eabi/lib/thumb/v7e-m/nofp/librdimon_nano.a(rdimon-syscalls.o)
                0x00000000080022ec                . = ALIGN (0x4)
 *fill*         0x00000000080022ea        0x2 

.rel.dyn        0x00000000080022ec        0x0
 .rel.iplt      0x00000000080022ec        0x0 /opt/st/stm32cubeide_1.13.2/plugins/com.st.stm32cube.ide.mcu.externaltools.gnu-tools-for-stm32.11.3.rel1.linux64_1.1.1.202309131626/tools/bin/../lib/gcc/arm-none-eabi/11.3.1/thumb/v7e-m/nofp/crtbegin.o

.ARM.extab      0x00000000080022ec        0x0
                0x00000000080022ec                . = ALIGN (0x4)
 *(.ARM.extab* .gnu.linkonce.armextab.*)
                0x00000000080022ec                . = ALIGN (0x4)

.ARM            0x00000000080022ec        0x0
                0x00000000080022ec                . = ALIGN (0x4)
                0x00000000080022ec                __exidx_start = .
 *(.ARM.exidx*)
                0x00000000080022ec                __exidx_end = .
                0x00000000080022ec                . = ALIGN (0x4)

.preinit_array  0x00000000080022ec        0x0
                0x00000000080022ec                . = ALIGN (0x4)
                0x00000000080022ec                PROVIDE (__preinit_array_start = .)
 *(.preinit_array*)
                0x00000000080022ec                PROVIDE (__preinit_array_end = .)
                0x00000000080022ec                . = ALIGN (0x4)

.init_array     0x00000000080022ec        0x4
                0x00000000080022ec                . = ALIGN (0x4)
                0x00000000080022ec                PROVIDE (__init_array_start = .)
 *(SORT_BY_NAME(.init_array.*))
 *(.init_array*)
 .init_array    0x00000000080022ec        0x4 /opt/st/stm32cubeide_1.13.2/plugins/com.st.stm32cube.ide.mcu.externaltools.gnu-tools-for-stm32.11.3.rel1.linux64_1.1.1.202309131626/tools/bin/../lib/gcc/arm-none-eabi/11.3.1/thumb/v7e-m/nofp/crtbegin.o
                0x00000000080022f0                PROVIDE (__init_array_end = .)
                0x00000000080022f0                . = ALIGN (0x4)

.fini_array     0x00000000080022f0        0x4
                0x00000000080022f0                . = ALIGN (0x4)
                [!provide]                        PROVIDE (__fini_array_start = .)
 *(SORT_BY_NAME(.fini_array.*))
 *(.fini_array*)
 .fini_array    0x00000000080022f0        0x4 /opt/st/stm32cubeide_1.13.2/plugins/com.st.stm32cube.ide.mcu.externaltools.gnu-tools-for-stm32.11.3.rel1.linux64_1.1.1.202309131626/tools/bin/../lib/gcc/arm-none-eabi/11.3.1/thumb/v7e-m/nofp/crtbegin.o
                [!provide]                        PROVIDE (__fini_array_end = .)
                0x00000000080022f4                . = ALIGN (0x4)
                0x00000000080022f4                _sidata = LOADADDR (.data)

.data           0x0000000020000000       0x7c load address 0x00000000080022f4
                0x0000000020000000                . = ALIGN (0x4)
                0x0000000020000000                _sdata = .
 *(.data)
 *(.data*)
 .data.AHB_PreScaler
                0x0000000020000000       0x10 ./Drivers/Src/stm32f446xx_rcc_driver.o
                0x0000000020000000                AHB_PreScaler
 .data.APB1_PreScaler
                0x0000000020000010        0x8 ./Drivers/Src/stm32f446xx_rcc_driver.o
                0x0000000020000010                APB1_PreScaler
 .data.__sglue  0x0000000020000018        0xc /opt/st/stm32cubeide_1.13.2/plugins/com.st.stm32cube.ide.mcu.externaltools.gnu-tools-for-stm32.11.3.rel1.linux64_1.1.1.202309131626/tools/bin/../lib/gcc/arm-none-eabi/11.3.1/../../../../arm-none-eabi/lib/thumb/v7e-m/nofp/libc_nano.a(libc_a-findfp.o)
                0x0000000020000018                __sglue
 .data._impure_data
                0x0000000020000024       0x4c /opt/st/stm32cubeide_1.13.2/plugins/com.st.stm32cube.ide.mcu.externaltools.gnu-tools-for-stm32.11.3.rel1.linux64_1.1.1.202309131626/tools/bin/../lib/gcc/arm-none-eabi/11.3.1/../../../../arm-none-eabi/lib/thumb/v7e-m/nofp/libc_nano.a(libc_a-impure.o)
                0x0000000020000024                _impure_data
 .data._impure_ptr
                0x0000000020000070        0x4 /opt/st/stm32cubeide_1.13.2/plugins/com.st.stm32cube.ide.mcu.externaltools.gnu-tools-for-stm32.11.3.rel1.linux64_1.1.1.202309131626/tools/bin/../lib/gcc/arm-none-eabi/11.3.1/../../../../arm-none-eabi/lib/thumb/v7e-m/nofp/libc_nano.a(libc_a-impure.o)
                0x0000000020000070                _impure_ptr
 .data.supports_ext_exit_extended
                0x0000000020000074        0x4 /opt/st/stm32cubeide_1.13.2/plugins/com.st.stm32cube.ide.mcu.externaltools.gnu-tools-for-stm32.11.3.rel1.linux64_1.1.1.202309131626/tools/bin/../lib/gcc/arm-none-eabi/11.3.1/../../../../arm-none-eabi/lib/thumb/v7e-m/nofp/librdimon_nano.a(rdimon-syscalls.o)
 .data.supports_ext_stdout_stderr
                0x0000000020000078        0x4 /opt/st/stm32cubeide_1.13.2/plugins/com.st.stm32cube.ide.mcu.externaltools.gnu-tools-for-stm32.11.3.rel1.linux64_1.1.1.202309131626/tools/bin/../lib/gcc/arm-none-eabi/11.3.1/../../../../arm-none-eabi/lib/thumb/v7e-m/nofp/librdimon_nano.a(rdimon-syscalls.o)
 *(.RamFunc)
 *(.RamFunc*)
                0x000000002000007c                . = ALIGN (0x4)
                0x000000002000007c                _edata = .

.igot.plt       0x000000002000007c        0x0 load address 0x0000000008002370
 .igot.plt      0x000000002000007c        0x0 /opt/st/stm32cubeide_1.13.2/plugins/com.st.stm32cube.ide.mcu.externaltools.gnu-tools-for-stm32.11.3.rel1.linux64_1.1.1.202309131626/tools/bin/../lib/gcc/arm-none-eabi/11.3.1/thumb/v7e-m/nofp/crtbegin.o
                0x000000002000007c                . = ALIGN (0x4)

.bss            0x000000002000007c      0x258 load address 0x0000000008002370
                0x000000002000007c                _sbss = .
                0x000000002000007c                __bss_start__ = _sbss
 *(.bss)
 .bss           0x000000002000007c       0x1c /opt/st/stm32cubeide_1.13.2/plugins/com.st.stm32cube.ide.mcu.externaltools.gnu-tools-for-stm32.11.3.rel1.linux64_1.1.1.202309131626/tools/bin/../lib/gcc/arm-none-eabi/11.3.1/thumb/v7e-m/nofp/crtbegin.o
 *(.bss*)
 .bss.g_ds1307I2cHandle
                0x0000000020000098       0x28 ./BSP/ds1307.o
                0x0000000020000098                g_ds1307I2cHandle
 .bss.current_time
                0x00000000200000c0        0x4 ./Src/017_RTC_LCD.o
                0x00000000200000c0                current_time
 .bss.current_date
                0x00000000200000c4        0x4 ./Src/017_RTC_LCD.o
                0x00000000200000c4                current_date
 .bss.buf.1     0x00000000200000c8        0x9 ./Src/017_RTC_LCD.o
 *fill*         0x00000000200000d1        0x3 
 .bss.buf.0     0x00000000200000d4        0x9 ./Src/017_RTC_LCD.o
 *fill*         0x00000000200000dd        0x3 
 .bss.__sf      0x00000000200000e0      0x138 /opt/st/stm32cubeide_1.13.2/plugins/com.st.stm32cube.ide.mcu.externaltools.gnu-tools-for-stm32.11.3.rel1.linux64_1.1.1.202309131626/tools/bin/../lib/gcc/arm-none-eabi/11.3.1/../../../../arm-none-eabi/lib/thumb/v7e-m/nofp/libc_nano.a(libc_a-findfp.o)
                0x00000000200000e0                __sf
 .bss.__stdio_exit_handler
                0x0000000020000218        0x4 /opt/st/stm32cubeide_1.13.2/plugins/com.st.stm32cube.ide.mcu.externaltools.gnu-tools-for-stm32.11.3.rel1.linux64_1.1.1.202309131626/tools/bin/../lib/gcc/arm-none-eabi/11.3.1/../../../../arm-none-eabi/lib/thumb/v7e-m/nofp/libc_nano.a(libc_a-findfp.o)
                0x0000000020000218                __stdio_exit_handler
 .bss.errno     0x000000002000021c        0x4 /opt/st/stm32cubeide_1.13.2/plugins/com.st.stm32cube.ide.mcu.externaltools.gnu-tools-for-stm32.11.3.rel1.linux64_1.1.1.202309131626/tools/bin/../lib/gcc/arm-none-eabi/11.3.1/../../../../arm-none-eabi/lib/thumb/v7e-m/nofp/libc_nano.a(libc_a-reent.o)
                0x000000002000021c                errno
 .bss.__lock___malloc_recursive_mutex
                0x0000000020000220        0x1 /opt/st/stm32cubeide_1.13.2/plugins/com.st.stm32cube.ide.mcu.externaltools.gnu-tools-for-stm32.11.3.rel1.linux64_1.1.1.202309131626/tools/bin/../lib/gcc/arm-none-eabi/11.3.1/../../../../arm-none-eabi/lib/thumb/v7e-m/nofp/libc_nano.a(libc_a-lock.o)
                0x0000000020000220                __lock___malloc_recursive_mutex
 .bss.__lock___sfp_recursive_mutex
                0x0000000020000221        0x1 /opt/st/stm32cubeide_1.13.2/plugins/com.st.stm32cube.ide.mcu.externaltools.gnu-tools-for-stm32.11.3.rel1.linux64_1.1.1.202309131626/tools/bin/../lib/gcc/arm-none-eabi/11.3.1/../../../../arm-none-eabi/lib/thumb/v7e-m/nofp/libc_nano.a(libc_a-lock.o)
                0x0000000020000221                __lock___sfp_recursive_mutex
 *fill*         0x0000000020000222        0x2 
 .bss.__malloc_free_list
                0x0000000020000224        0x4 /opt/st/stm32cubeide_1.13.2/plugins/com.st.stm32cube.ide.mcu.externaltools.gnu-tools-for-stm32.11.3.rel1.linux64_1.1.1.202309131626/tools/bin/../lib/gcc/arm-none-eabi/11.3.1/../../../../arm-none-eabi/lib/thumb/v7e-m/nofp/libc_nano.a(libc_a-mallocr.o)
                0x0000000020000224                __malloc_free_list
 .bss.monitor_stderr
                0x0000000020000228        0x4 /opt/st/stm32cubeide_1.13.2/plugins/com.st.stm32cube.ide.mcu.externaltools.gnu-tools-for-stm32.11.3.rel1.linux64_1.1.1.202309131626/tools/bin/../lib/gcc/arm-none-eabi/11.3.1/../../../../arm-none-eabi/lib/thumb/v7e-m/nofp/librdimon_nano.a(rdimon-syscalls.o)
 .bss.monitor_stdin
                0x000000002000022c        0x4 /opt/st/stm32cubeide_1.13.2/plugins/com.st.stm32cube.ide.mcu.externaltools.gnu-tools-for-stm32.11.3.rel1.linux64_1.1.1.202309131626/tools/bin/../lib/gcc/arm-none-eabi/11.3.1/../../../../arm-none-eabi/lib/thumb/v7e-m/nofp/librdimon_nano.a(rdimon-syscalls.o)
 .bss.monitor_stdout
                0x0000000020000230        0x4 /opt/st/stm32cubeide_1.13.2/plugins/com.st.stm32cube.ide.mcu.externaltools.gnu-tools-for-stm32.11.3.rel1.linux64_1.1.1.202309131626/tools/bin/../lib/gcc/arm-none-eabi/11.3.1/../../../../arm-none-eabi/lib/thumb/v7e-m/nofp/librdimon_nano.a(rdimon-syscalls.o)
 .bss.openfiles
                0x0000000020000234       0xa0 /opt/st/stm32cubeide_1.13.2/plugins/com.st.stm32cube.ide.mcu.externaltools.gnu-tools-for-stm32.11.3.rel1.linux64_1.1.1.202309131626/tools/bin/../lib/gcc/arm-none-eabi/11.3.1/../../../../arm-none-eabi/lib/thumb/v7e-m/nofp/librdimon_nano.a(rdimon-syscalls.o)
 *(COMMON)
                0x00000000200002d4                . = ALIGN (0x4)
                0x00000000200002d4                _ebss = .
                0x00000000200002d4                __bss_end__ = _ebss

._user_heap_stack
                0x00000000200002d4      0x604 load address 0x0000000008002370
                0x00000000200002d8                . = ALIGN (0x8)
 *fill*         0x00000000200002d4        0x4 
                0x00000000200002d8                PROVIDE (end = .)
                [!provide]                        PROVIDE (_end = .)
                0x00000000200004d8                . = (. + _Min_Heap_Size)
 *fill*         0x00000000200002d8      0x200 
                0x00000000200008d8                . = (. + _Min_Stack_Size)
 *fill*         0x00000000200004d8      0x400 
                0x00000000200008d8                . = ALIGN (0x8)

/DISCARD/
 libc.a(*)
 libm.a(*)
 libgcc.a(*)

.ARM.attributes
                0x0000000000000000       0x2a
 *(.ARM.attributes)
 .ARM.attributes
                0x0000000000000000       0x1e /opt/st/stm32cubeide_1.13.2/plugins/com.st.stm32cube.ide.mcu.externaltools.gnu-tools-for-stm32.11.3.rel1.linux64_1.1.1.202309131626/tools/bin/../lib/gcc/arm-none-eabi/11.3.1/thumb/v7e-m/nofp/crti.o
 .ARM.attributes
                0x000000000000001e       0x2e /opt/st/stm32cubeide_1.13.2/plugins/com.st.stm32cube.ide.mcu.externaltools.gnu-tools-for-stm32.11.3.rel1.linux64_1.1.1.202309131626/tools/bin/../lib/gcc/arm-none-eabi/11.3.1/thumb/v7e-m/nofp/crtbegin.o
 .ARM.attributes
                0x000000000000004c       0x2e ./BSP/ds1307.o
 .ARM.attributes
                0x000000000000007a       0x2e ./BSP/lcd.o
 .ARM.attributes
                0x00000000000000a8       0x2e ./Drivers/Src/stm32f446xx_gpio_driver.o
 .ARM.attributes
                0x00000000000000d6       0x2e ./Drivers/Src/stm32f446xx_i2c_driver.o
 .ARM.attributes
                0x0000000000000104       0x2e ./Drivers/Src/stm32f446xx_rcc_driver.o
 .ARM.attributes
                0x0000000000000132       0x2e ./Src/017_RTC_LCD.o
 .ARM.attributes
                0x0000000000000160       0x21 ./Startup/startup_stm32f446retx.o
 .ARM.attributes
                0x0000000000000181       0x2e /opt/st/stm32cubeide_1.13.2/plugins/com.st.stm32cube.ide.mcu.externaltools.gnu-tools-for-stm32.11.3.rel1.linux64_1.1.1.202309131626/tools/bin/../lib/gcc/arm-none-eabi/11.3.1/../../../../arm-none-eabi/lib/thumb/v7e-m/nofp/libc_nano.a(libc_a-findfp.o)
 .ARM.attributes
                0x00000000000001af       0x2e /opt/st/stm32cubeide_1.13.2/plugins/com.st.stm32cube.ide.mcu.externaltools.gnu-tools-for-stm32.11.3.rel1.linux64_1.1.1.202309131626/tools/bin/../lib/gcc/arm-none-eabi/11.3.1/../../../../arm-none-eabi/lib/thumb/v7e-m/nofp/libc_nano.a(libc_a-fwalk.o)
 .ARM.attributes
                0x00000000000001dd       0x2e /opt/st/stm32cubeide_1.13.2/plugins/com.st.stm32cube.ide.mcu.externaltools.gnu-tools-for-stm32.11.3.rel1.linux64_1.1.1.202309131626/tools/bin/../lib/gcc/arm-none-eabi/11.3.1/../../../../arm-none-eabi/lib/thumb/v7e-m/nofp/libc_nano.a(libc_a-stdio.o)
 .ARM.attributes
                0x000000000000020b       0x2e /opt/st/stm32cubeide_1.13.2/plugins/com.st.stm32cube.ide.mcu.externaltools.gnu-tools-for-stm32.11.3.rel1.linux64_1.1.1.202309131626/tools/bin/../lib/gcc/arm-none-eabi/11.3.1/../../../../arm-none-eabi/lib/thumb/v7e-m/nofp/libc_nano.a(libc_a-memset.o)
 .ARM.attributes
                0x0000000000000239       0x2e /opt/st/stm32cubeide_1.13.2/plugins/com.st.stm32cube.ide.mcu.externaltools.gnu-tools-for-stm32.11.3.rel1.linux64_1.1.1.202309131626/tools/bin/../lib/gcc/arm-none-eabi/11.3.1/../../../../arm-none-eabi/lib/thumb/v7e-m/nofp/libc_nano.a(libc_a-closer.o)
 .ARM.attributes
                0x0000000000000267       0x2e /opt/st/stm32cubeide_1.13.2/plugins/com.st.stm32cube.ide.mcu.externaltools.gnu-tools-for-stm32.11.3.rel1.linux64_1.1.1.202309131626/tools/bin/../lib/gcc/arm-none-eabi/11.3.1/../../../../arm-none-eabi/lib/thumb/v7e-m/nofp/libc_nano.a(libc_a-reent.o)
 .ARM.attributes
                0x0000000000000295       0x2e /opt/st/stm32cubeide_1.13.2/plugins/com.st.stm32cube.ide.mcu.externaltools.gnu-tools-for-stm32.11.3.rel1.linux64_1.1.1.202309131626/tools/bin/../lib/gcc/arm-none-eabi/11.3.1/../../../../arm-none-eabi/lib/thumb/v7e-m/nofp/libc_nano.a(libc_a-impure.o)
 .ARM.attributes
                0x00000000000002c3       0x2e /opt/st/stm32cubeide_1.13.2/plugins/com.st.stm32cube.ide.mcu.externaltools.gnu-tools-for-stm32.11.3.rel1.linux64_1.1.1.202309131626/tools/bin/../lib/gcc/arm-none-eabi/11.3.1/../../../../arm-none-eabi/lib/thumb/v7e-m/nofp/libc_nano.a(libc_a-lseekr.o)
 .ARM.attributes
                0x00000000000002f1       0x2e /opt/st/stm32cubeide_1.13.2/plugins/com.st.stm32cube.ide.mcu.externaltools.gnu-tools-for-stm32.11.3.rel1.linux64_1.1.1.202309131626/tools/bin/../lib/gcc/arm-none-eabi/11.3.1/../../../../arm-none-eabi/lib/thumb/v7e-m/nofp/libc_nano.a(libc_a-readr.o)
 .ARM.attributes
                0x000000000000031f       0x2e /opt/st/stm32cubeide_1.13.2/plugins/com.st.stm32cube.ide.mcu.externaltools.gnu-tools-for-stm32.11.3.rel1.linux64_1.1.1.202309131626/tools/bin/../lib/gcc/arm-none-eabi/11.3.1/../../../../arm-none-eabi/lib/thumb/v7e-m/nofp/libc_nano.a(libc_a-writer.o)
 .ARM.attributes
                0x000000000000034d       0x2e /opt/st/stm32cubeide_1.13.2/plugins/com.st.stm32cube.ide.mcu.externaltools.gnu-tools-for-stm32.11.3.rel1.linux64_1.1.1.202309131626/tools/bin/../lib/gcc/arm-none-eabi/11.3.1/../../../../arm-none-eabi/lib/thumb/v7e-m/nofp/libc_nano.a(libc_a-init.o)
 .ARM.attributes
                0x000000000000037b       0x2e /opt/st/stm32cubeide_1.13.2/plugins/com.st.stm32cube.ide.mcu.externaltools.gnu-tools-for-stm32.11.3.rel1.linux64_1.1.1.202309131626/tools/bin/../lib/gcc/arm-none-eabi/11.3.1/../../../../arm-none-eabi/lib/thumb/v7e-m/nofp/libc_nano.a(libc_a-lock.o)
 .ARM.attributes
                0x00000000000003a9       0x2e /opt/st/stm32cubeide_1.13.2/plugins/com.st.stm32cube.ide.mcu.externaltools.gnu-tools-for-stm32.11.3.rel1.linux64_1.1.1.202309131626/tools/bin/../lib/gcc/arm-none-eabi/11.3.1/../../../../arm-none-eabi/lib/thumb/v7e-m/nofp/libc_nano.a(libc_a-freer.o)
 .ARM.attributes
                0x00000000000003d7       0x2e /opt/st/stm32cubeide_1.13.2/plugins/com.st.stm32cube.ide.mcu.externaltools.gnu-tools-for-stm32.11.3.rel1.linux64_1.1.1.202309131626/tools/bin/../lib/gcc/arm-none-eabi/11.3.1/../../../../arm-none-eabi/lib/thumb/v7e-m/nofp/libc_nano.a(libc_a-mallocr.o)
 .ARM.attributes
                0x0000000000000405       0x2e /opt/st/stm32cubeide_1.13.2/plugins/com.st.stm32cube.ide.mcu.externaltools.gnu-tools-for-stm32.11.3.rel1.linux64_1.1.1.202309131626/tools/bin/../lib/gcc/arm-none-eabi/11.3.1/../../../../arm-none-eabi/lib/thumb/v7e-m/nofp/libc_nano.a(libc_a-mlock.o)
 .ARM.attributes
                0x0000000000000433       0x2e /opt/st/stm32cubeide_1.13.2/plugins/com.st.stm32cube.ide.mcu.externaltools.gnu-tools-for-stm32.11.3.rel1.linux64_1.1.1.202309131626/tools/bin/../lib/gcc/arm-none-eabi/11.3.1/../../../../arm-none-eabi/lib/thumb/v7e-m/nofp/libc_nano.a(libc_a-fflush.o)
 .ARM.attributes
                0x0000000000000461       0x2e /opt/st/stm32cubeide_1.13.2/plugins/com.st.stm32cube.ide.mcu.externaltools.gnu-tools-for-stm32.11.3.rel1.linux64_1.1.1.202309131626/tools/bin/../lib/gcc/arm-none-eabi/11.3.1/../../../../arm-none-eabi/lib/thumb/v7e-m/nofp/librdimon_nano.a(rdimon-syscalls.o)
 .ARM.attributes
                0x000000000000048f       0x2e /opt/st/stm32cubeide_1.13.2/plugins/com.st.stm32cube.ide.mcu.externaltools.gnu-tools-for-stm32.11.3.rel1.linux64_1.1.1.202309131626/tools/bin/../lib/gcc/arm-none-eabi/11.3.1/../../../../arm-none-eabi/lib/thumb/v7e-m/nofp/libc_nano.a(libc_a-errno.o)
 .ARM.attributes
                0x00000000000004bd       0x17 /opt/st/stm32cubeide_1.13.2/plugins/com.st.stm32cube.ide.mcu.externaltools.gnu-tools-for-stm32.11.3.rel1.linux64_1.1.1.202309131626/tools/bin/../lib/gcc/arm-none-eabi/11.3.1/../../../../arm-none-eabi/lib/thumb/v7e-m/nofp/libc_nano.a(libc_a-strlen.o)
 .ARM.attributes
                0x00000000000004d4       0x1e /opt/st/stm32cubeide_1.13.2/plugins/com.st.stm32cube.ide.mcu.externaltools.gnu-tools-for-stm32.11.3.rel1.linux64_1.1.1.202309131626/tools/bin/../lib/gcc/arm-none-eabi/11.3.1/thumb/v7e-m/nofp/crtn.o
OUTPUT(008_stm32f4xx_drivers.elf elf32-littlearm)
LOAD linker stubs
LOAD /opt/st/stm32cubeide_1.13.2/plugins/com.st.stm32cube.ide.mcu.externaltools.gnu-tools-for-stm32.11.3.rel1.linux64_1.1.1.202309131626/tools/bin/../lib/gcc/arm-none-eabi/11.3.1/../../../../arm-none-eabi/lib/thumb/v7e-m/nofp/libc.a
LOAD /opt/st/stm32cubeide_1.13.2/plugins/com.st.stm32cube.ide.mcu.externaltools.gnu-tools-for-stm32.11.3.rel1.linux64_1.1.1.202309131626/tools/bin/../lib/gcc/arm-none-eabi/11.3.1/../../../../arm-none-eabi/lib/thumb/v7e-m/nofp/libm.a
LOAD /opt/st/stm32cubeide_1.13.2/plugins/com.st.stm32cube.ide.mcu.externaltools.gnu-tools-for-stm32.11.3.rel1.linux64_1.1.1.202309131626/tools/bin/../lib/gcc/arm-none-eabi/11.3.1/thumb/v7e-m/nofp/libgcc.a

.comment        0x0000000000000000       0x43
 .comment       0x0000000000000000       0x43 /opt/st/stm32cubeide_1.13.2/plugins/com.st.stm32cube.ide.mcu.externaltools.gnu-tools-for-stm32.11.3.rel1.linux64_1.1.1.202309131626/tools/bin/../lib/gcc/arm-none-eabi/11.3.1/thumb/v7e-m/nofp/crtbegin.o
                                         0x44 (size before relaxing)
 .comment       0x0000000000000043       0x44 ./BSP/ds1307.o
 .comment       0x0000000000000043       0x44 ./BSP/lcd.o
 .comment       0x0000000000000043       0x44 ./Drivers/Src/stm32f446xx_gpio_driver.o
 .comment       0x0000000000000043       0x44 ./Drivers/Src/stm32f446xx_i2c_driver.o
 .comment       0x0000000000000043       0x44 ./Drivers/Src/stm32f446xx_rcc_driver.o
 .comment       0x0000000000000043       0x44 ./Src/017_RTC_LCD.o

.debug_info     0x0000000000000000     0x23f4
 .debug_info    0x0000000000000000      0x714 ./BSP/ds1307.o
 .debug_info    0x0000000000000714      0x395 ./BSP/lcd.o
 .debug_info    0x0000000000000aa9      0x733 ./Drivers/Src/stm32f446xx_gpio_driver.o
 .debug_info    0x00000000000011dc      0xa52 ./Drivers/Src/stm32f446xx_i2c_driver.o
 .debug_info    0x0000000000001c2e      0x3ce ./Drivers/Src/stm32f446xx_rcc_driver.o
 .debug_info    0x0000000000001ffc      0x3d5 ./Src/017_RTC_LCD.o
 .debug_info    0x00000000000023d1       0x23 ./Startup/startup_stm32f446retx.o

.debug_abbrev   0x0000000000000000      0xa21
 .debug_abbrev  0x0000000000000000      0x1b6 ./BSP/ds1307.o
 .debug_abbrev  0x00000000000001b6      0x18b ./BSP/lcd.o
 .debug_abbrev  0x0000000000000341      0x15a ./Drivers/Src/stm32f446xx_gpio_driver.o
 .debug_abbrev  0x000000000000049b      0x277 ./Drivers/Src/stm32f446xx_i2c_driver.o
 .debug_abbrev  0x0000000000000712       0xe9 ./Drivers/Src/stm32f446xx_rcc_driver.o
 .debug_abbrev  0x00000000000007fb      0x214 ./Src/017_RTC_LCD.o
 .debug_abbrev  0x0000000000000a0f       0x12 ./Startup/startup_stm32f446retx.o

.debug_aranges  0x0000000000000000      0x2f0
 .debug_aranges
                0x0000000000000000       0x70 ./BSP/ds1307.o
 .debug_aranges
                0x0000000000000070       0x70 ./BSP/lcd.o
 .debug_aranges
                0x00000000000000e0       0x70 ./Drivers/Src/stm32f446xx_gpio_driver.o
 .debug_aranges
                0x0000000000000150       0xe8 ./Drivers/Src/stm32f446xx_i2c_driver.o
 .debug_aranges
                0x0000000000000238       0x30 ./Drivers/Src/stm32f446xx_rcc_driver.o
 .debug_aranges
                0x0000000000000268       0x60 ./Src/017_RTC_LCD.o
 .debug_aranges
                0x00000000000002c8       0x28 ./Startup/startup_stm32f446retx.o

.debug_rnglists
                0x0000000000000000      0x227
 .debug_rnglists
                0x0000000000000000       0x51 ./BSP/ds1307.o
 .debug_rnglists
                0x0000000000000051       0x50 ./BSP/lcd.o
 .debug_rnglists
                0x00000000000000a1       0x53 ./Drivers/Src/stm32f446xx_gpio_driver.o
 .debug_rnglists
                0x00000000000000f4       0xb4 ./Drivers/Src/stm32f446xx_i2c_driver.o
 .debug_rnglists
                0x00000000000001a8       0x21 ./Drivers/Src/stm32f446xx_rcc_driver.o
 .debug_rnglists
                0x00000000000001c9       0x45 ./Src/017_RTC_LCD.o
 .debug_rnglists
                0x000000000000020e       0x19 ./Startup/startup_stm32f446retx.o

.debug_macro    0x0000000000000000     0x315f
 .debug_macro   0x0000000000000000      0x195 ./BSP/ds1307.o
 .debug_macro   0x0000000000000195      0xaa8 ./BSP/ds1307.o
 .debug_macro   0x0000000000000c3d       0x22 ./BSP/ds1307.o
 .debug_macro   0x0000000000000c5f       0x8e ./BSP/ds1307.o
 .debug_macro   0x0000000000000ced       0x51 ./BSP/ds1307.o
 .debug_macro   0x0000000000000d3e      0x103 ./BSP/ds1307.o
 .debug_macro   0x0000000000000e41       0x6a ./BSP/ds1307.o
 .debug_macro   0x0000000000000eab      0x1df ./BSP/ds1307.o
 .debug_macro   0x000000000000108a       0x61 ./BSP/ds1307.o
 .debug_macro   0x00000000000010eb       0x24 ./BSP/ds1307.o
 .debug_macro   0x000000000000110f       0x43 ./BSP/ds1307.o
 .debug_macro   0x0000000000001152       0x34 ./BSP/ds1307.o
 .debug_macro   0x0000000000001186      0x174 ./BSP/ds1307.o
 .debug_macro   0x00000000000012fa       0x16 ./BSP/ds1307.o
 .debug_macro   0x0000000000001310       0x43 ./BSP/ds1307.o
 .debug_macro   0x0000000000001353       0x34 ./BSP/ds1307.o
 .debug_macro   0x0000000000001387       0x10 ./BSP/ds1307.o
 .debug_macro   0x0000000000001397       0x58 ./BSP/ds1307.o
 .debug_macro   0x00000000000013ef       0x8e ./BSP/ds1307.o
 .debug_macro   0x000000000000147d       0x1c ./BSP/ds1307.o
 .debug_macro   0x0000000000001499      0x177 ./BSP/ds1307.o
 .debug_macro   0x0000000000001610      0x369 ./BSP/ds1307.o
 .debug_macro   0x0000000000001979       0x10 ./BSP/ds1307.o
 .debug_macro   0x0000000000001989       0x35 ./BSP/ds1307.o
 .debug_macro   0x00000000000019be       0x20 ./BSP/ds1307.o
 .debug_macro   0x00000000000019de      0x7d5 ./BSP/ds1307.o
 .debug_macro   0x00000000000021b3       0xc4 ./BSP/ds1307.o
 .debug_macro   0x0000000000002277       0xe8 ./BSP/ds1307.o
 .debug_macro   0x000000000000235f       0xdc ./BSP/ds1307.o
 .debug_macro   0x000000000000243b      0x106 ./BSP/ds1307.o
 .debug_macro   0x0000000000002541       0x94 ./BSP/ds1307.o
 .debug_macro   0x00000000000025d5       0xc7 ./BSP/lcd.o
 .debug_macro   0x000000000000269c       0x52 ./BSP/lcd.o
 .debug_macro   0x00000000000026ee       0xc2 ./Drivers/Src/stm32f446xx_gpio_driver.o
 .debug_macro   0x00000000000027b0       0xe2 ./Drivers/Src/stm32f446xx_gpio_driver.o
 .debug_macro   0x0000000000002892       0xc2 ./Drivers/Src/stm32f446xx_i2c_driver.o
 .debug_macro   0x0000000000002954       0xd6 ./Drivers/Src/stm32f446xx_i2c_driver.o
 .debug_macro   0x0000000000002a2a       0xbc ./Drivers/Src/stm32f446xx_rcc_driver.o
 .debug_macro   0x0000000000002ae6      0x1ae ./Src/017_RTC_LCD.o
 .debug_macro   0x0000000000002c94       0x5b ./Src/017_RTC_LCD.o
 .debug_macro   0x0000000000002cef       0x94 ./Src/017_RTC_LCD.o
 .debug_macro   0x0000000000002d83       0x16 ./Src/017_RTC_LCD.o
 .debug_macro   0x0000000000002d99       0x57 ./Src/017_RTC_LCD.o
 .debug_macro   0x0000000000002df0       0x97 ./Src/017_RTC_LCD.o
 .debug_macro   0x0000000000002e87       0xfd ./Src/017_RTC_LCD.o
 .debug_macro   0x0000000000002f84       0x10 ./Src/017_RTC_LCD.o
 .debug_macro   0x0000000000002f94       0x16 ./Src/017_RTC_LCD.o
 .debug_macro   0x0000000000002faa       0x16 ./Src/017_RTC_LCD.o
 .debug_macro   0x0000000000002fc0      0x147 ./Src/017_RTC_LCD.o
 .debug_macro   0x0000000000003107       0x58 ./Src/017_RTC_LCD.o

.debug_line     0x0000000000000000     0x318a
 .debug_line    0x0000000000000000      0x76c ./BSP/ds1307.o
 .debug_line    0x000000000000076c      0x5f1 ./BSP/lcd.o
 .debug_line    0x0000000000000d5d      0x9d8 ./Drivers/Src/stm32f446xx_gpio_driver.o
 .debug_line    0x0000000000001735      0xd11 ./Drivers/Src/stm32f446xx_i2c_driver.o
 .debug_line    0x0000000000002446      0x54a ./Drivers/Src/stm32f446xx_rcc_driver.o
 .debug_line    0x0000000000002990      0x77f ./Src/017_RTC_LCD.o
 .debug_line    0x000000000000310f       0x7b ./Startup/startup_stm32f446retx.o

.debug_str      0x0000000000000000     0xb48d
 .debug_str     0x0000000000000000     0xa4d2 ./BSP/ds1307.o
                                       0xa6f1 (size before relaxing)
 .debug_str     0x000000000000a4d2      0x220 ./BSP/lcd.o
                                       0x7325 (size before relaxing)
 .debug_str     0x000000000000a6f2      0x2c5 ./Drivers/Src/stm32f446xx_gpio_driver.o
                                       0x73f9 (size before relaxing)
 .debug_str     0x000000000000a9b7      0x2b0 ./Drivers/Src/stm32f446xx_i2c_driver.o
                                       0x755e (size before relaxing)
 .debug_str     0x000000000000ac67       0xaa ./Drivers/Src/stm32f446xx_rcc_driver.o
                                       0x7215 (size before relaxing)
 .debug_str     0x000000000000ad11      0x74d ./Src/017_RTC_LCD.o
                                       0xace0 (size before relaxing)
 .debug_str     0x000000000000b45e       0x2f ./Startup/startup_stm32f446retx.o
                                         0x79 (size before relaxing)

.debug_frame    0x0000000000000000     0x1370
 .debug_frame   0x0000000000000000      0x19c ./BSP/ds1307.o
 .debug_frame   0x000000000000019c      0x18c ./BSP/lcd.o
 .debug_frame   0x0000000000000328      0x1c8 ./Drivers/Src/stm32f446xx_gpio_driver.o
 .debug_frame   0x00000000000004f0      0x3f8 ./Drivers/Src/stm32f446xx_i2c_driver.o
 .debug_frame   0x00000000000008e8       0x80 ./Drivers/Src/stm32f446xx_rcc_driver.o
 .debug_frame   0x0000000000000968      0x158 ./Src/017_RTC_LCD.o
 .debug_frame   0x0000000000000ac0      0x144 /opt/st/stm32cubeide_1.13.2/plugins/com.st.stm32cube.ide.mcu.externaltools.gnu-tools-for-stm32.11.3.rel1.linux64_1.1.1.202309131626/tools/bin/../lib/gcc/arm-none-eabi/11.3.1/../../../../arm-none-eabi/lib/thumb/v7e-m/nofp/libc_nano.a(libc_a-findfp.o)
 .debug_frame   0x0000000000000c04       0x34 /opt/st/stm32cubeide_1.13.2/plugins/com.st.stm32cube.ide.mcu.externaltools.gnu-tools-for-stm32.11.3.rel1.linux64_1.1.1.202309131626/tools/bin/../lib/gcc/arm-none-eabi/11.3.1/../../../../arm-none-eabi/lib/thumb/v7e-m/nofp/libc_nano.a(libc_a-fwalk.o)
 .debug_frame   0x0000000000000c38       0x88 /opt/st/stm32cubeide_1.13.2/plugins/com.st.stm32cube.ide.mcu.externaltools.gnu-tools-for-stm32.11.3.rel1.linux64_1.1.1.202309131626/tools/bin/../lib/gcc/arm-none-eabi/11.3.1/../../../../arm-none-eabi/lib/thumb/v7e-m/nofp/libc_nano.a(libc_a-stdio.o)
 .debug_frame   0x0000000000000cc0       0x20 /opt/st/stm32cubeide_1.13.2/plugins/com.st.stm32cube.ide.mcu.externaltools.gnu-tools-for-stm32.11.3.rel1.linux64_1.1.1.202309131626/tools/bin/../lib/gcc/arm-none-eabi/11.3.1/../../../../arm-none-eabi/lib/thumb/v7e-m/nofp/libc_nano.a(libc_a-memset.o)
 .debug_frame   0x0000000000000ce0       0x2c /opt/st/stm32cubeide_1.13.2/plugins/com.st.stm32cube.ide.mcu.externaltools.gnu-tools-for-stm32.11.3.rel1.linux64_1.1.1.202309131626/tools/bin/../lib/gcc/arm-none-eabi/11.3.1/../../../../arm-none-eabi/lib/thumb/v7e-m/nofp/libc_nano.a(libc_a-closer.o)
 .debug_frame   0x0000000000000d0c       0x38 /opt/st/stm32cubeide_1.13.2/plugins/com.st.stm32cube.ide.mcu.externaltools.gnu-tools-for-stm32.11.3.rel1.linux64_1.1.1.202309131626/tools/bin/../lib/gcc/arm-none-eabi/11.3.1/../../../../arm-none-eabi/lib/thumb/v7e-m/nofp/libc_nano.a(libc_a-reent.o)
 .debug_frame   0x0000000000000d44       0x2c /opt/st/stm32cubeide_1.13.2/plugins/com.st.stm32cube.ide.mcu.externaltools.gnu-tools-for-stm32.11.3.rel1.linux64_1.1.1.202309131626/tools/bin/../lib/gcc/arm-none-eabi/11.3.1/../../../../arm-none-eabi/lib/thumb/v7e-m/nofp/libc_nano.a(libc_a-lseekr.o)
 .debug_frame   0x0000000000000d70       0x2c /opt/st/stm32cubeide_1.13.2/plugins/com.st.stm32cube.ide.mcu.externaltools.gnu-tools-for-stm32.11.3.rel1.linux64_1.1.1.202309131626/tools/bin/../lib/gcc/arm-none-eabi/11.3.1/../../../../arm-none-eabi/lib/thumb/v7e-m/nofp/libc_nano.a(libc_a-readr.o)
 .debug_frame   0x0000000000000d9c       0x2c /opt/st/stm32cubeide_1.13.2/plugins/com.st.stm32cube.ide.mcu.externaltools.gnu-tools-for-stm32.11.3.rel1.linux64_1.1.1.202309131626/tools/bin/../lib/gcc/arm-none-eabi/11.3.1/../../../../arm-none-eabi/lib/thumb/v7e-m/nofp/libc_nano.a(libc_a-writer.o)
 .debug_frame   0x0000000000000dc8       0x2c /opt/st/stm32cubeide_1.13.2/plugins/com.st.stm32cube.ide.mcu.externaltools.gnu-tools-for-stm32.11.3.rel1.linux64_1.1.1.202309131626/tools/bin/../lib/gcc/arm-none-eabi/11.3.1/../../../../arm-none-eabi/lib/thumb/v7e-m/nofp/libc_nano.a(libc_a-init.o)
 .debug_frame   0x0000000000000df4       0xb0 /opt/st/stm32cubeide_1.13.2/plugins/com.st.stm32cube.ide.mcu.externaltools.gnu-tools-for-stm32.11.3.rel1.linux64_1.1.1.202309131626/tools/bin/../lib/gcc/arm-none-eabi/11.3.1/../../../../arm-none-eabi/lib/thumb/v7e-m/nofp/libc_nano.a(libc_a-lock.o)
 .debug_frame   0x0000000000000ea4       0x38 /opt/st/stm32cubeide_1.13.2/plugins/com.st.stm32cube.ide.mcu.externaltools.gnu-tools-for-stm32.11.3.rel1.linux64_1.1.1.202309131626/tools/bin/../lib/gcc/arm-none-eabi/11.3.1/../../../../arm-none-eabi/lib/thumb/v7e-m/nofp/libc_nano.a(libc_a-freer.o)
 .debug_frame   0x0000000000000edc       0x50 /opt/st/stm32cubeide_1.13.2/plugins/com.st.stm32cube.ide.mcu.externaltools.gnu-tools-for-stm32.11.3.rel1.linux64_1.1.1.202309131626/tools/bin/../lib/gcc/arm-none-eabi/11.3.1/../../../../arm-none-eabi/lib/thumb/v7e-m/nofp/libc_nano.a(libc_a-mallocr.o)
 .debug_frame   0x0000000000000f2c       0x30 /opt/st/stm32cubeide_1.13.2/plugins/com.st.stm32cube.ide.mcu.externaltools.gnu-tools-for-stm32.11.3.rel1.linux64_1.1.1.202309131626/tools/bin/../lib/gcc/arm-none-eabi/11.3.1/../../../../arm-none-eabi/lib/thumb/v7e-m/nofp/libc_nano.a(libc_a-mlock.o)
 .debug_frame   0x0000000000000f5c       0x5c /opt/st/stm32cubeide_1.13.2/plugins/com.st.stm32cube.ide.mcu.externaltools.gnu-tools-for-stm32.11.3.rel1.linux64_1.1.1.202309131626/tools/bin/../lib/gcc/arm-none-eabi/11.3.1/../../../../arm-none-eabi/lib/thumb/v7e-m/nofp/libc_nano.a(libc_a-fflush.o)
 .debug_frame   0x0000000000000fb8      0x398 /opt/st/stm32cubeide_1.13.2/plugins/com.st.stm32cube.ide.mcu.externaltools.gnu-tools-for-stm32.11.3.rel1.linux64_1.1.1.202309131626/tools/bin/../lib/gcc/arm-none-eabi/11.3.1/../../../../arm-none-eabi/lib/thumb/v7e-m/nofp/librdimon_nano.a(rdimon-syscalls.o)
 .debug_frame   0x0000000000001350       0x20 /opt/st/stm32cubeide_1.13.2/plugins/com.st.stm32cube.ide.mcu.externaltools.gnu-tools-for-stm32.11.3.rel1.linux64_1.1.1.202309131626/tools/bin/../lib/gcc/arm-none-eabi/11.3.1/../../../../arm-none-eabi/lib/thumb/v7e-m/nofp/libc_nano.a(libc_a-errno.o)

.debug_line_str
                0x0000000000000000       0x6d
 .debug_line_str
                0x0000000000000000       0x6d ./Startup/startup_stm32f446retx.o
                                         0x85 (size before relaxing)
