Archive member included to satisfy reference by file (symbol)

/opt/st/stm32cubeide_1.13.2/plugins/com.st.stm32cube.ide.mcu.externaltools.gnu-tools-for-stm32.11.3.rel1.linux64_1.1.1.202309131626/tools/bin/../lib/gcc/arm-none-eabi/11.3.1/../../../../arm-none-eabi/lib/thumb/v7e-m/nofp/libc_nano.a(libc_a-exit.o)
                              /opt/st/stm32cubeide_1.13.2/plugins/com.st.stm32cube.ide.mcu.externaltools.gnu-tools-for-stm32.11.3.rel1.linux64_1.1.1.202309131626/tools/bin/../lib/gcc/arm-none-eabi/11.3.1/../../../../arm-none-eabi/lib/thumb/v7e-m/nofp/crt0.o (exit)
/opt/st/stm32cubeide_1.13.2/plugins/com.st.stm32cube.ide.mcu.externaltools.gnu-tools-for-stm32.11.3.rel1.linux64_1.1.1.202309131626/tools/bin/../lib/gcc/arm-none-eabi/11.3.1/../../../../arm-none-eabi/lib/thumb/v7e-m/nofp/libc_nano.a(libc_a-findfp.o)
                              /opt/st/stm32cubeide_1.13.2/plugins/com.st.stm32cube.ide.mcu.externaltools.gnu-tools-for-stm32.11.3.rel1.linux64_1.1.1.202309131626/tools/bin/../lib/gcc/arm-none-eabi/11.3.1/../../../../arm-none-eabi/lib/thumb/v7e-m/nofp/libc_nano.a(libc_a-exit.o) (__stdio_exit_handler)
/opt/st/stm32cubeide_1.13.2/plugins/com.st.stm32cube.ide.mcu.externaltools.gnu-tools-for-stm32.11.3.rel1.linux64_1.1.1.202309131626/tools/bin/../lib/gcc/arm-none-eabi/11.3.1/../../../../arm-none-eabi/lib/thumb/v7e-m/nofp/libc_nano.a(libc_a-fwalk.o)
                              /opt/st/stm32cubeide_1.13.2/plugins/com.st.stm32cube.ide.mcu.externaltools.gnu-tools-for-stm32.11.3.rel1.linux64_1.1.1.202309131626/tools/bin/../lib/gcc/arm-none-eabi/11.3.1/../../../../arm-none-eabi/lib/thumb/v7e-m/nofp/libc_nano.a(libc_a-findfp.o) (_fwalk_sglue)
/opt/st/stm32cubeide_1.13.2/plugins/com.st.stm32cube.ide.mcu.externaltools.gnu-tools-for-stm32.11.3.rel1.linux64_1.1.1.202309131626/tools/bin/../lib/gcc/arm-none-eabi/11.3.1/../../../../arm-none-eabi/lib/thumb/v7e-m/nofp/libc_nano.a(libc_a-stdio.o)
                              /opt/st/stm32cubeide_1.13.2/plugins/com.st.stm32cube.ide.mcu.externaltools.gnu-tools-for-stm32.11.3.rel1.linux64_1.1.1.202309131626/tools/bin/../lib/gcc/arm-none-eabi/11.3.1/../../../../arm-none-eabi/lib/thumb/v7e-m/nofp/libc_nano.a(libc_a-findfp.o) (__sread)
/opt/st/stm32cubeide_1.13.2/plugins/com.st.stm32cube.ide.mcu.externaltools.gnu-tools-for-stm32.11.3.rel1.linux64_1.1.1.202309131626/tools/bin/../lib/gcc/arm-none-eabi/11.3.1/../../../../arm-none-eabi/lib/thumb/v7e-m/nofp/libc_nano.a(libc_a-memset.o)
                              /opt/st/stm32cubeide_1.13.2/plugins/com.st.stm32cube.ide.mcu.externaltools.gnu-tools-for-stm32.11.3.rel1.linux64_1.1.1.202309131626/tools/bin/../lib/gcc/arm-none-eabi/11.3.1/../../../../arm-none-eabi/lib/thumb/v7e-m/nofp/crt0.o (memset)
/opt/st/stm32cubeide_1.13.2/plugins/com.st.stm32cube.ide.mcu.externaltools.gnu-tools-for-stm32.11.3.rel1.linux64_1.1.1.202309131626/tools/bin/../lib/gcc/arm-none-eabi/11.3.1/../../../../arm-none-eabi/lib/thumb/v7e-m/nofp/libc_nano.a(libc_a-closer.o)
                              /opt/st/stm32cubeide_1.13.2/plugins/com.st.stm32cube.ide.mcu.externaltools.gnu-tools-for-stm32.11.3.rel1.linux64_1.1.1.202309131626/tools/bin/../lib/gcc/arm-none-eabi/11.3.1/../../../../arm-none-eabi/lib/thumb/v7e-m/nofp/libc_nano.a(libc_a-stdio.o) (_close_r)
/opt/st/stm32cubeide_1.13.2/plugins/com.st.stm32cube.ide.mcu.externaltools.gnu-tools-for-stm32.11.3.rel1.linux64_1.1.1.202309131626/tools/bin/../lib/gcc/arm-none-eabi/11.3.1/../../../../arm-none-eabi/lib/thumb/v7e-m/nofp/libc_nano.a(libc_a-reent.o)
                              /opt/st/stm32cubeide_1.13.2/plugins/com.st.stm32cube.ide.mcu.externaltools.gnu-tools-for-stm32.11.3.rel1.linux64_1.1.1.202309131626/tools/bin/../lib/gcc/arm-none-eabi/11.3.1/../../../../arm-none-eabi/lib/thumb/v7e-m/nofp/libc_nano.a(libc_a-closer.o) (errno)
/opt/st/stm32cubeide_1.13.2/plugins/com.st.stm32cube.ide.mcu.externaltools.gnu-tools-for-stm32.11.3.rel1.linux64_1.1.1.202309131626/tools/bin/../lib/gcc/arm-none-eabi/11.3.1/../../../../arm-none-eabi/lib/thumb/v7e-m/nofp/libc_nano.a(libc_a-impure.o)
                              /opt/st/stm32cubeide_1.13.2/plugins/com.st.stm32cube.ide.mcu.externaltools.gnu-tools-for-stm32.11.3.rel1.linux64_1.1.1.202309131626/tools/bin/../lib/gcc/arm-none-eabi/11.3.1/../../../../arm-none-eabi/lib/thumb/v7e-m/nofp/libc_nano.a(libc_a-reent.o) (_impure_ptr)
/opt/st/stm32cubeide_1.13.2/plugins/com.st.stm32cube.ide.mcu.externaltools.gnu-tools-for-stm32.11.3.rel1.linux64_1.1.1.202309131626/tools/bin/../lib/gcc/arm-none-eabi/11.3.1/../../../../arm-none-eabi/lib/thumb/v7e-m/nofp/libc_nano.a(libc_a-lseekr.o)
                              /opt/st/stm32cubeide_1.13.2/plugins/com.st.stm32cube.ide.mcu.externaltools.gnu-tools-for-stm32.11.3.rel1.linux64_1.1.1.202309131626/tools/bin/../lib/gcc/arm-none-eabi/11.3.1/../../../../arm-none-eabi/lib/thumb/v7e-m/nofp/libc_nano.a(libc_a-stdio.o) (_lseek_r)
[...]
Memory Configuration

Name             Origin             Length             Attributes
RAM              0x0000000020000000 0x0000000000020000 xrw
FLASH            0x0000000008000000 0x0000000000080000 xr
*default*        0x0000000000000000 0xffffffffffffffff

Linker script and memory map

LOAD /opt/st/stm32cubeide_1.13.2/plugins/com.st.stm32cube.ide.mcu.externaltools.gnu-tools-for-stm32.11.3.rel1.linux64_1.1.1.202309131626/tools/bin/../lib/gcc/arm-none-eabi/11.3.1/thumb/v7e-m/nofp/crti.o
LOAD /opt/st/stm32cubeide_1.13.2/plugins/com.st.stm32cube.ide.mcu.externaltools.gnu-tools-for-stm32.11.3.rel1.linux64_1.1.1.202309131626/tools/bin/../lib/gcc/arm-none-eabi/11.3.1/thumb/v7e-m/nofp/crtbegin.o
LOAD /opt/st/stm32cubeide_1.13.2/plugins/com.st.stm32cube.ide.mcu.externaltools.gnu-tools-for-stm32.11.3.rel1.linux64_1.1.1.202309131626/tools/bin/../lib/gcc/arm-none-eabi/11.3.1/../../../../arm-none-eabi/lib/thumb/v7e-m/nofp/crt0.o
LOAD ./Drivers/Src/stm32f446xx_gpio_driver.o
LOAD ./Drivers/Src/stm32f446xx_i2c_driver.o
LOAD ./Drivers/Src/stm32f446xx_spi_driver.o
LOAD ./Src/012_I2C_Master_Rx_Testing_IT.o
LOAD ./Src/syscalls.o
LOAD ./Src/sysmem.o
LOAD ./Startup/startup_stm32f446retx.o
START GROUP
LOAD /opt/st/stm32cubeide_1.13.2/plugins/com.st.stm32cube.ide.mcu.externaltools.gnu-tools-for-stm32.11.3.rel1.linux64_1.1.1.202309131626/tools/bin/../lib/gcc/arm-none-eabi/11.3.1/../../../../arm-none-eabi/lib/thumb/v7e-m/nofp/libc_nano.a
LOAD /opt/st/stm32cubeide_1.13.2/plugins/com.st.stm32cube.ide.mcu.externaltools.gnu-tools-for-stm32.11.3.rel1.linux64_1.1.1.202309131626/tools/bin/../lib/gcc/arm-none-eabi/11.3.1/../../../../arm-none-eabi/lib/thumb/v7e-m/nofp/libm.a
END GROUP
START GROUP
LOAD /opt/st/stm32cubeide_1.13.2/plugins/com.st.stm32cube.ide.mcu.externaltools.gnu-tools-for-stm32.11.3.rel1.linux64_1.1.1.202309131626/tools/bin/../lib/gcc/arm-none-eabi/11.3.1/thumb/v7e-m/nofp/libgcc.a
LOAD /opt/st/stm32cubeide_1.13.2/plugins/com.st.stm32cube.ide.mcu.externaltools.gnu-tools-for-stm32.11.3.rel1.linux64_1.1.1.202309131626/tools/bin/../lib/gcc/arm-none-eabi/11.3.1/../../../../arm-none-eabi/lib/thumb/v7e-m/nofp/libc_nano.a
END GROUP
START GROUP
LOAD /opt/st/stm32cubeide_1.13.2/plugins/com.st.stm32cube.ide.mcu.externaltools.gnu-tools-for-stm32.11.3.rel1.linux64_1.1.1.202309131626/tools/bin/../lib/gcc/arm-none-eabi/11.3.1/thumb/v7e-m/nofp/libgcc.a
LOAD /opt/st/stm32cubeide_1.13.2/plugins/com.st.stm32cube.ide.mcu.externaltools.gnu-tools-for-stm32.11.3.rel1.linux64_1.1.1.202309131626/tools/bin/../lib/gcc/arm-none-eabi/11.3.1/../../../../arm-none-eabi/lib/thumb/v7e-m/nofp/libc_nano.a
LOAD /opt/st/stm32cubeide_1.13.2/plugins/com.st.stm32cube.ide.mcu.externaltools.gnu-tools-for-stm32.11.3.rel1.linux64_1.1.1.202309131626/tools/bin/../lib/gcc/arm-none-eabi/11.3.1/../../../../arm-none-eabi/lib/thumb/v7e-m/nofp/libnosys.a
END GROUP
START GROUP
LOAD /opt/st/stm32cubeide_1.13.2/plugins/com.st.stm32cube.ide.mcu.externaltools.gnu-tools-for-stm32.11.3.rel1.linux64_1.1.1.202309131626/tools/bin/../lib/gcc/arm-none-eabi/11.3.1/thumb/v7e-m/nofp/libgcc.a
LOAD /opt/st/stm32cubeide_1.13.2/plugins/com.st.stm32cube.ide.mcu.externaltools.gnu-tools-for-stm32.11.3.rel1.linux64_1.1.1.202309131626/tools/bin/../lib/gcc/arm-none-eabi/11.3.1/../../../../arm-none-eabi/lib/thumb/v7e-m/nofp/libc_nano.a
LOAD /opt/st/stm32cubeide_1.13.2/plugins/com.st.stm32cube.ide.mcu.externaltools.gnu-tools-for-stm32.11.3.rel1.linux64_1.1.1.202309131626/tools/bin/../lib/gcc/arm-none-eabi/11.3.1/../../../../arm-none-eabi/lib/thumb/v7e-m/nofp/libnosys.a
END GROUP
LOAD /opt/st/stm32cubeide_1.13.2/plugins/com.st.stm32cube.ide.mcu.externaltools.gnu-tools-for-stm32.11.3.rel1.linux64_1.1.1.202309131626/tools/bin/../lib/gcc/arm-none-eabi/11.3.1/thumb/v7e-m/nofp/crtend.o
LOAD /opt/st/stm32cubeide_1.13.2/plugins/com.st.stm32cube.ide.mcu.externaltools.gnu-tools-for-stm32.11.3.rel1.linux64_1.1.1.202309131626/tools/bin/../lib/gcc/arm-none-eabi/11.3.1/thumb/v7e-m/nofp/crtn.o
                0x0000000020020000                _estack = (ORIGIN (RAM) + LENGTH (RAM))
                0x0000000000000200                _Min_Heap_Size = 0x200
                0x0000000000000400                _Min_Stack_Size = 0x400

.isr_vector     0x0000000008000000      0x1c4
                0x0000000008000000                . = ALIGN (0x4)
 *(.isr_vector)
 .isr_vector    0x0000000008000000      0x1c4 ./Startup/startup_stm32f446retx.o
                0x0000000008000000                g_pfnVectors
                0x00000000080001c4                . = ALIGN (0x4)

.text           0x00000000080001c4     0x12f0
                0x00000000080001c4                . = ALIGN (0x4)
 *(.text)
 .text          0x00000000080001c4       0x40 /opt/st/stm32cubeide_1.13.2/plugins/com.st.stm32cube.ide.mcu.externaltools.gnu-tools-for-stm32.11.3.rel1.linux64_1.1.1.202309131626/tools/bin/../lib/gcc/arm-none-eabi/11.3.1/thumb/v7e-m/nofp/crtbegin.o
 *(.text*)
 .text.GPIO_PeriClockControl
                0x0000000008000204      0x1a0 ./Drivers/Src/stm32f446xx_gpio_driver.o
                0x0000000008000204                GPIO_PeriClockControl
 .text.GPIO_Init
                0x00000000080003a4      0x358 ./Drivers/Src/stm32f446xx_gpio_driver.o
                0x00000000080003a4                GPIO_Init
 .text.GPIO_ReadFromInputPin
                0x00000000080006fc       0x2a ./Drivers/Src/stm32f446xx_gpio_driver.o
                0x00000000080006fc                GPIO_ReadFromInputPin
 .text.I2C_GenerateStartCondition
                0x0000000008000726       0x1e ./Drivers/Src/stm32f446xx_i2c_driver.o
 .text.I2C_ExecuteAddressPhaseWrite
                0x0000000008000744       0x2a ./Drivers/Src/stm32f446xx_i2c_driver.o
 .text.I2C_ExecuteAddressPhaseRead
                0x000000000800076e       0x2a ./Drivers/Src/stm32f446xx_i2c_driver.o
 .text.I2C_ClearADDRFlag
                0x0000000008000798       0x6e ./Drivers/Src/stm32f446xx_i2c_driver.o
 .text.I2C_GenerateStopCondition
                0x0000000008000806       0x1e ./Drivers/Src/stm32f446xx_i2c_driver.o
                0x0000000008000806                I2C_GenerateStopCondition
 .text.I2C_PeriClockControl
                0x0000000008000824       0xb0 ./Drivers/Src/stm32f446xx_i2c_driver.o
                0x0000000008000824                I2C_PeriClockControl
 .text.I2C_PeripheralControl
                0x00000000080008d4       0x36 ./Drivers/Src/stm32f446xx_i2c_driver.o
                0x00000000080008d4                I2C_PeripheralControl
 .text.RCC_GetPLLOutputClock
                0x000000000800090a       0x16 ./Drivers/Src/stm32f446xx_i2c_driver.o
                0x000000000800090a                RCC_GetPLLOutputClock
 .text.RCC_GetPCLK1Value
                0x0000000008000920       0xb4 ./Drivers/Src/stm32f446xx_i2c_driver.o
                0x0000000008000920                RCC_GetPCLK1Value
 .text.I2C_Init
                0x00000000080009d4      0x180 ./Drivers/Src/stm32f446xx_i2c_driver.o
                0x00000000080009d4                I2C_Init
 .text.I2C_MasterSendDataIT
                0x0000000008000b54       0x8e ./Drivers/Src/stm32f446xx_i2c_driver.o
                0x0000000008000b54                I2C_MasterSendDataIT
 .text.I2C_MasterReceiveDataIT
                0x0000000008000be2       0x94 ./Drivers/Src/stm32f446xx_i2c_driver.o
                0x0000000008000be2                I2C_MasterReceiveDataIT
 *fill*         0x0000000008000c76        0x2 
 .text.I2C_IRQInterruptConfig
                0x0000000008000c78      0x108 ./Drivers/Src/stm32f446xx_i2c_driver.o
                0x0000000008000c78                I2C_IRQInterruptConfig
 .text.I2C_MasterHandleRXNEInterrupt
                0x0000000008000d80       0x98 ./Drivers/Src/stm32f446xx_i2c_driver.o
 .text.I2C_MasterHandleTXEInterrupt
                0x0000000008000e18       0x3a ./Drivers/Src/stm32f446xx_i2c_driver.o
 .text.I2C_EV_IRQHandling
                0x0000000008000e52      0x188 ./Drivers/Src/stm32f446xx_i2c_driver.o
                0x0000000008000e52                I2C_EV_IRQHandling
 .text.I2C_ER_IRQHandling
                0x0000000008000fda      0x10c ./Drivers/Src/stm32f446xx_i2c_driver.o
                0x0000000008000fda                I2C_ER_IRQHandling
 .text.I2C_ManageAcking
                0x00000000080010e6       0x36 ./Drivers/Src/stm32f446xx_i2c_driver.o
                0x00000000080010e6                I2C_ManageAcking
 .text.I2C_CloseReceiveData
                0x000000000800111c       0x5c ./Drivers/Src/stm32f446xx_i2c_driver.o
                0x000000000800111c                I2C_CloseReceiveData
 .text.I2C_CloseSendData
                0x0000000008001178       0x44 ./Drivers/Src/stm32f446xx_i2c_driver.o
                0x0000000008001178                I2C_CloseSendData
 .text.delay    0x00000000080011bc       0x2c ./Src/012_I2C_Master_Rx_Testing_IT.o
                0x00000000080011bc                delay
 .text.I2C1_GPIOInits
                0x00000000080011e8       0x68 ./Src/012_I2C_Master_Rx_Testing_IT.o
                0x00000000080011e8                I2C1_GPIOInits
 .text.I2C1_Inits
                0x0000000008001250       0x38 ./Src/012_I2C_Master_Rx_Testing_IT.o
                0x0000000008001250                I2C1_Inits
 .text.GPIO_ButtonInit
                0x0000000008001288       0x30 ./Src/012_I2C_Master_Rx_Testing_IT.o
                0x0000000008001288                GPIO_ButtonInit
 .text.main     0x00000000080012b8       0xdc ./Src/012_I2C_Master_Rx_Testing_IT.o
                0x00000000080012b8                main
 .text.I2C1_EV_IRQHandler
                0x0000000008001394       0x14 ./Src/012_I2C_Master_Rx_Testing_IT.o
                0x0000000008001394                I2C1_EV_IRQHandler
 .text.I2C1_ER_IRQHandler
                0x00000000080013a8       0x14 ./Src/012_I2C_Master_Rx_Testing_IT.o
                0x00000000080013a8                I2C1_ER_IRQHandler
 .text.I2C_ApplicationEventCallback
                0x00000000080013bc       0x44 ./Src/012_I2C_Master_Rx_Testing_IT.o
                0x00000000080013bc                I2C_ApplicationEventCallback
 .text.Reset_Handler
                0x0000000008001400       0x50 ./Startup/startup_stm32f446retx.o
                0x0000000008001400                Reset_Handler
 .text.Default_Handler
                0x0000000008001450        0x2 ./Startup/startup_stm32f446retx.o
                0x0000000008001450                RTC_Alarm_IRQHandler
                0x0000000008001450                EXTI2_IRQHandler
                0x0000000008001450                TIM8_CC_IRQHandler
                0x0000000008001450                SPDIF_Rx_IRQHandler
                0x0000000008001450                DebugMon_Handler
                0x0000000008001450                SPI4_IRQHandler
                0x0000000008001450                TIM1_CC_IRQHandler
                0x0000000008001450                QuadSPI_IRQHandler
                0x0000000008001450                DMA2_Stream5_IRQHandler
                0x0000000008001450                HardFault_Handler
                0x0000000008001450                DMA1_Stream5_IRQHandler
                0x0000000008001450                SysTick_Handler
                0x0000000008001450                PVD_IRQHandler
                0x0000000008001450                SDIO_IRQHandler
                0x0000000008001450                TAMP_STAMP_IRQHandler
                0x0000000008001450                PendSV_Handler
                0x0000000008001450                NMI_Handler
                0x0000000008001450                CAN2_RX1_IRQHandler
                0x0000000008001450                EXTI3_IRQHandler
                0x0000000008001450                TIM8_TRG_COM_TIM14_IRQHandler
                0x0000000008001450                TIM1_UP_TIM10_IRQHandler
                0x0000000008001450                FMPI2C1_error_IRQHandler
                0x0000000008001450                TIM8_UP_TIM13_IRQHandler
                0x0000000008001450                I2C3_ER_IRQHandler
                0x0000000008001450                EXTI0_IRQHandler
                0x0000000008001450                I2C2_EV_IRQHandler
                0x0000000008001450                DMA1_Stream2_IRQHandler
                0x0000000008001450                CAN1_RX0_IRQHandler
                0x0000000008001450                OTG_HS_WKUP_IRQHandler
                0x0000000008001450                UsageFault_Handler
                0x0000000008001450                CAN2_SCE_IRQHandler
                0x0000000008001450                DMA2_Stream2_IRQHandler
                0x0000000008001450                SPI1_IRQHandler
                0x0000000008001450                TIM6_DAC_IRQHandler
                0x0000000008001450                TIM1_BRK_TIM9_IRQHandler
                0x0000000008001450                DCMI_IRQHandler
                0x0000000008001450                CAN2_RX0_IRQHandler
                0x0000000008001450                DMA2_Stream3_IRQHandler
                0x0000000008001450                FMPI2C1_IRQHandler
                0x0000000008001450                SAI2_IRQHandler
                0x0000000008001450                USART6_IRQHandler
                0x0000000008001450                USART3_IRQHandler
                0x0000000008001450                CAN1_RX1_IRQHandler
                0x0000000008001450                UART5_IRQHandler
                0x0000000008001450                DMA2_Stream0_IRQHandler
                0x0000000008001450                TIM4_IRQHandler
                0x0000000008001450                HDMI_CEC_IRQHandler
                0x0000000008001450                DMA1_Stream6_IRQHandler
                0x0000000008001450                DMA1_Stream1_IRQHandler
                0x0000000008001450                UART4_IRQHandler
                0x0000000008001450                TIM3_IRQHandler
                0x0000000008001450                RCC_IRQHandler
                0x0000000008001450                TIM8_BRK_TIM12_IRQHandler
                0x0000000008001450                Default_Handler
                0x0000000008001450                EXTI15_10_IRQHandler
                0x0000000008001450                ADC_IRQHandler
                0x0000000008001450                DMA1_Stream7_IRQHandler
                0x0000000008001450                TIM7_IRQHandler
                0x0000000008001450                CAN2_TX_IRQHandler
                0x0000000008001450                TIM5_IRQHandler
                0x0000000008001450                DMA2_Stream7_IRQHandler
                0x0000000008001450                I2C3_EV_IRQHandler
                0x0000000008001450                EXTI9_5_IRQHandler
                0x0000000008001450                RTC_WKUP_IRQHandler
                0x0000000008001450                SPI2_IRQHandler
                0x0000000008001450                OTG_HS_EP1_IN_IRQHandler
                0x0000000008001450                MemManage_Handler
                0x0000000008001450                DMA1_Stream0_IRQHandler
                0x0000000008001450                CAN1_TX_IRQHandler
                0x0000000008001450                SVC_Handler
                0x0000000008001450                EXTI4_IRQHandler
                0x0000000008001450                OTG_HS_EP1_OUT_IRQHandler
                0x0000000008001450                WWDG_IRQHandler
                0x0000000008001450                TIM2_IRQHandler
                0x0000000008001450                OTG_FS_WKUP_IRQHandler
                0x0000000008001450                TIM1_TRG_COM_TIM11_IRQHandler
                0x0000000008001450                OTG_HS_IRQHandler
                0x0000000008001450                EXTI1_IRQHandler
                0x0000000008001450                USART2_IRQHandler
                0x0000000008001450                I2C2_ER_IRQHandler
                0x0000000008001450                DMA2_Stream1_IRQHandler
                0x0000000008001450                CAN1_SCE_IRQHandler
                0x0000000008001450                FLASH_IRQHandler
                0x0000000008001450                DMA2_Stream4_IRQHandler
                0x0000000008001450                BusFault_Handler
                0x0000000008001450                USART1_IRQHandler
                0x0000000008001450                OTG_FS_IRQHandler
                0x0000000008001450                SPI3_IRQHandler
                0x0000000008001450                DMA1_Stream4_IRQHandler
                0x0000000008001450                FMC_IRQHandler
                0x0000000008001450                DMA2_Stream6_IRQHandler
                0x0000000008001450                SAI1_IRQHandler
                0x0000000008001450                DMA1_Stream3_IRQHandler
 *fill*         0x0000000008001452        0x2 
 .text.__libc_init_array
                0x0000000008001454       0x48 /opt/st/stm32cubeide_1.13.2/plugins/com.st.stm32cube.ide.mcu.externaltools.gnu-tools-for-stm32.11.3.rel1.linux64_1.1.1.202309131626/tools/bin/../lib/gcc/arm-none-eabi/11.3.1/../../../../arm-none-eabi/lib/thumb/v7e-m/nofp/libc_nano.a(libc_a-init.o)
                0x0000000008001454                __libc_init_array
 *(.glue_7)
 .glue_7        0x000000000800149c        0x0 linker stubs
 *(.glue_7t)
 .glue_7t       0x000000000800149c        0x0 linker stubs
 *(.eh_frame)
 .eh_frame      0x000000000800149c        0x0 /opt/st/stm32cubeide_1.13.2/plugins/com.st.stm32cube.ide.mcu.externaltools.gnu-tools-for-stm32.11.3.rel1.linux64_1.1.1.202309131626/tools/bin/../lib/gcc/arm-none-eabi/11.3.1/thumb/v7e-m/nofp/crtbegin.o
 *(.init)
 .init          0x000000000800149c        0x4 /opt/st/stm32cubeide_1.13.2/plugins/com.st.stm32cube.ide.mcu.externaltools.gnu-tools-for-stm32.11.3.rel1.linux64_1.1.1.202309131626/tools/bin/../lib/gcc/arm-none-eabi/11.3.1/thumb/v7e-m/nofp/crti.o
                0x000000000800149c                _init
 .init          0x00000000080014a0        0x8 /opt/st/stm32cubeide_1.13.2/plugins/com.st.stm32cube.ide.mcu.externaltools.gnu-tools-for-stm32.11.3.rel1.linux64_1.1.1.202309131626/tools/bin/../lib/gcc/arm-none-eabi/11.3.1/thumb/v7e-m/nofp/crtn.o
 *(.fini)
 .fini          0x00000000080014a8        0x4 /opt/st/stm32cubeide_1.13.2/plugins/com.st.stm32cube.ide.mcu.externaltools.gnu-tools-for-stm32.11.3.rel1.linux64_1.1.1.202309131626/tools/bin/../lib/gcc/arm-none-eabi/11.3.1/thumb/v7e-m/nofp/crti.o
                0x00000000080014a8                _fini
 .fini          0x00000000080014ac        0x8 /opt/st/stm32cubeide_1.13.2/plugins/com.st.stm32cube.ide.mcu.externaltools.gnu-tools-for-stm32.11.3.rel1.linux64_1.1.1.202309131626/tools/bin/../lib/gcc/arm-none-eabi/11.3.1/thumb/v7e-m/nofp/crtn.o
                0x00000000080014b4                . = ALIGN (0x4)
                0x00000000080014b4                _etext = .

.vfp11_veneer   0x00000000080014b4        0x0
 .vfp11_veneer  0x00000000080014b4        0x0 linker stubs

.v4_bx          0x00000000080014b4        0x0
 .v4_bx         0x00000000080014b4        0x0 linker stubs

.iplt           0x00000000080014b4        0x0
 .iplt          0x00000000080014b4        0x0 /opt/st/stm32cubeide_1.13.2/plugins/com.st.stm32cube.ide.mcu.externaltools.gnu-tools-for-stm32.11.3.rel1.linux64_1.1.1.202309131626/tools/bin/../lib/gcc/arm-none-eabi/11.3.1/thumb/v7e-m/nofp/crtbegin.o

.rel.dyn        0x00000000080014b4        0x0
 .rel.iplt      0x00000000080014b4        0x0 /opt/st/stm32cubeide_1.13.2/plugins/com.st.stm32cube.ide.mcu.externaltools.gnu-tools-for-stm32.11.3.rel1.linux64_1.1.1.202309131626/tools/bin/../lib/gcc/arm-none-eabi/11.3.1/thumb/v7e-m/nofp/crtbegin.o

.rodata         0x00000000080014b4        0x0
                0x00000000080014b4                . = ALIGN (0x4)
 *(.rodata)
 *(.rodata*)
                0x00000000080014b4                . = ALIGN (0x4)

.ARM.extab      0x00000000080014b4        0x0
                0x00000000080014b4                . = ALIGN (0x4)
 *(.ARM.extab* .gnu.linkonce.armextab.*)
                0x00000000080014b4                . = ALIGN (0x4)

.ARM            0x00000000080014b4        0x0
                0x00000000080014b4                . = ALIGN (0x4)
                0x00000000080014b4                __exidx_start = .
 *(.ARM.exidx*)
                0x00000000080014b4                __exidx_end = .
                0x00000000080014b4                . = ALIGN (0x4)

.preinit_array  0x00000000080014b4        0x0
                0x00000000080014b4                . = ALIGN (0x4)
                0x00000000080014b4                PROVIDE (__preinit_array_start = .)
 *(.preinit_array*)
                0x00000000080014b4                PROVIDE (__preinit_array_end = .)
                0x00000000080014b4                . = ALIGN (0x4)

.init_array     0x00000000080014b4        0x4
                0x00000000080014b4                . = ALIGN (0x4)
                0x00000000080014b4                PROVIDE (__init_array_start = .)
 *(SORT_BY_NAME(.init_array.*))
 *(.init_array*)
 .init_array    0x00000000080014b4        0x4 /opt/st/stm32cubeide_1.13.2/plugins/com.st.stm32cube.ide.mcu.externaltools.gnu-tools-for-stm32.11.3.rel1.linux64_1.1.1.202309131626/tools/bin/../lib/gcc/arm-none-eabi/11.3.1/thumb/v7e-m/nofp/crtbegin.o
                0x00000000080014b8                PROVIDE (__init_array_end = .)
                0x00000000080014b8                . = ALIGN (0x4)

.fini_array     0x00000000080014b8        0x4
                0x00000000080014b8                . = ALIGN (0x4)
                [!provide]                        PROVIDE (__fini_array_start = .)
 *(SORT_BY_NAME(.fini_array.*))
 *(.fini_array*)
 .fini_array    0x00000000080014b8        0x4 /opt/st/stm32cubeide_1.13.2/plugins/com.st.stm32cube.ide.mcu.externaltools.gnu-tools-for-stm32.11.3.rel1.linux64_1.1.1.202309131626/tools/bin/../lib/gcc/arm-none-eabi/11.3.1/thumb/v7e-m/nofp/crtbegin.o
                [!provide]                        PROVIDE (__fini_array_end = .)
                0x00000000080014bc                . = ALIGN (0x4)
                0x00000000080014bc                _sidata = LOADADDR (.data)

.data           0x0000000020000000       0x18 load address 0x00000000080014bc
                0x0000000020000000                . = ALIGN (0x4)
                0x0000000020000000                _sdata = .
 *(.data)
 *(.data*)
 .data.AHB_PreScaler
                0x0000000020000000       0x10 ./Drivers/Src/stm32f446xx_i2c_driver.o
                0x0000000020000000                AHB_PreScaler
 .data.APB1_PreScaler
                0x0000000020000010        0x8 ./Drivers/Src/stm32f446xx_i2c_driver.o
                0x0000000020000010                APB1_PreScaler
 *(.RamFunc)
 *(.RamFunc*)
                0x0000000020000018                . = ALIGN (0x4)
                0x0000000020000018                _edata = .

.igot.plt       0x0000000020000018        0x0 load address 0x00000000080014d4
 .igot.plt      0x0000000020000018        0x0 /opt/st/stm32cubeide_1.13.2/plugins/com.st.stm32cube.ide.mcu.externaltools.gnu-tools-for-stm32.11.3.rel1.linux64_1.1.1.202309131626/tools/bin/../lib/gcc/arm-none-eabi/11.3.1/thumb/v7e-m/nofp/crtbegin.o
                0x0000000020000018                . = ALIGN (0x4)

.bss            0x0000000020000018       0x68 load address 0x00000000080014d4
                0x0000000020000018                _sbss = .
                0x0000000020000018                __bss_start__ = _sbss
 *(.bss)
 .bss           0x0000000020000018       0x1c /opt/st/stm32cubeide_1.13.2/plugins/com.st.stm32cube.ide.mcu.externaltools.gnu-tools-for-stm32.11.3.rel1.linux64_1.1.1.202309131626/tools/bin/../lib/gcc/arm-none-eabi/11.3.1/thumb/v7e-m/nofp/crtbegin.o
 *(.bss*)
 .bss.rxComplete
                0x0000000020000034        0x1 ./Src/012_I2C_Master_Rx_Testing_IT.o
                0x0000000020000034                rxComplete
 *fill*         0x0000000020000035        0x3 
 .bss.I2C1Handle
                0x0000000020000038       0x28 ./Src/012_I2C_Master_Rx_Testing_IT.o
                0x0000000020000038                I2C1Handle
 .bss.rcv_buf   0x0000000020000060       0x20 ./Src/012_I2C_Master_Rx_Testing_IT.o
                0x0000000020000060                rcv_buf
 *(COMMON)
                0x0000000020000080                . = ALIGN (0x4)
                0x0000000020000080                _ebss = .
                0x0000000020000080                __bss_end__ = _ebss

._user_heap_stack
                0x0000000020000080      0x600 load address 0x00000000080014d4
                0x0000000020000080                . = ALIGN (0x8)
                [!provide]                        PROVIDE (end = .)
                0x0000000020000080                PROVIDE (_end = .)
                0x0000000020000280                . = (. + _Min_Heap_Size)
 *fill*         0x0000000020000080      0x200 
                0x0000000020000680                . = (. + _Min_Stack_Size)
 *fill*         0x0000000020000280      0x400 
                0x0000000020000680                . = ALIGN (0x8)

/DISCARD/
 libc.a(*)
 libm.a(*)
 libgcc.a(*)

.ARM.attributes
                0x0000000000000000       0x2a
 *(.ARM.attributes)
 .ARM.attributes
                0x0000000000000000       0x1e /opt/st/stm32cubeide_1.13.2/plugins/com.st.stm32cube.ide.mcu.externaltools.gnu-tools-for-stm32.11.3.rel1.linux64_1.1.1.202309131626/tools/bin/../lib/gcc/arm-none-eabi/11.3.1/thumb/v7e-m/nofp/crti.o
 .ARM.attributes
                0x000000000000001e       0x2e /opt/st/stm32cubeide_1.13.2/plugins/com.st.stm32cube.ide.mcu.externaltools.gnu-tools-for-stm32.11.3.rel1.linux64_1.1.1.202309131626/tools/bin/../lib/gcc/arm-none-eabi/11.3.1/thumb/v7e-m/nofp/crtbegin.o
 .ARM.attributes
                0x000000000000004c       0x2e ./Drivers/Src/stm32f446xx_gpio_driver.o
 .ARM.attributes
                0x000000000000007a       0x2e ./Drivers/Src/stm32f446xx_i2c_driver.o
 .ARM.attributes
                0x00000000000000a8       0x2e ./Src/012_I2C_Master_Rx_Testing_IT.o
 .ARM.attributes
                0x00000000000000d6       0x21 ./Startup/startup_stm32f446retx.o
 .ARM.attributes
                0x00000000000000f7       0x2e /opt/st/stm32cubeide_1.13.2/plugins/com.st.stm32cube.ide.mcu.externaltools.gnu-tools-for-stm32.11.3.rel1.linux64_1.1.1.202309131626/tools/bin/../lib/gcc/arm-none-eabi/11.3.1/../../../../arm-none-eabi/lib/thumb/v7e-m/nofp/libc_nano.a(libc_a-init.o)
 .ARM.attributes
                0x0000000000000125       0x1e /opt/st/stm32cubeide_1.13.2/plugins/com.st.stm32cube.ide.mcu.externaltools.gnu-tools-for-stm32.11.3.rel1.linux64_1.1.1.202309131626/tools/bin/../lib/gcc/arm-none-eabi/11.3.1/thumb/v7e-m/nofp/crtn.o
OUTPUT(008_stm32f4xx_drivers.elf elf32-littlearm)
LOAD linker stubs
LOAD /opt/st/stm32cubeide_1.13.2/plugins/com.st.stm32cube.ide.mcu.externaltools.gnu-tools-for-stm32.11.3.rel1.linux64_1.1.1.202309131626/tools/bin/../lib/gcc/arm-none-eabi/11.3.1/../../../../arm-none-eabi/lib/thumb/v7e-m/nofp/libc.a
LOAD /opt/st/stm32cubeide_1.13.2/plugins/com.st.stm32cube.ide.mcu.externaltools.gnu-tools-for-stm32.11.3.rel1.linux64_1.1.1.202309131626/tools/bin/../lib/gcc/arm-none-eabi/11.3.1/../../../../arm-none-eabi/lib/thumb/v7e-m/nofp/libm.a
LOAD /opt/st/stm32cubeide_1.13.2/plugins/com.st.stm32cube.ide.mcu.externaltools.gnu-tools-for-stm32.11.3.rel1.linux64_1.1.1.202309131626/tools/bin/../lib/gcc/arm-none-eabi/11.3.1/thumb/v7e-m/nofp/libgcc.a

.comment        0x0000000000000000       0x43
 .comment       0x0000000000000000       0x43 /opt/st/stm32cubeide_1.13.2/plugins/com.st.stm32cube.ide.mcu.externaltools.gnu-tools-for-stm32.11.3.rel1.linux64_1.1.1.202309131626/tools/bin/../lib/gcc/arm-none-eabi/11.3.1/thumb/v7e-m/nofp/crtbegin.o
                                         0x44 (size before relaxing)
 .comment       0x0000000000000043       0x44 ./Drivers/Src/stm32f446xx_gpio_driver.o
 .comment       0x0000000000000043       0x44 ./Drivers/Src/stm32f446xx_i2c_driver.o
 .comment       0x0000000000000043       0x44 ./Src/012_I2C_Master_Rx_Testing_IT.o

.debug_info     0x0000000000000000     0x17d1
 .debug_info    0x0000000000000000      0x733 ./Drivers/Src/stm32f446xx_gpio_driver.o
 .debug_info    0x0000000000000733      0xa95 ./Drivers/Src/stm32f446xx_i2c_driver.o
 .debug_info    0x00000000000011c8      0x5e6 ./Src/012_I2C_Master_Rx_Testing_IT.o
 .debug_info    0x00000000000017ae       0x23 ./Startup/startup_stm32f446retx.o

.debug_abbrev   0x0000000000000000      0x59f
 .debug_abbrev  0x0000000000000000      0x15a ./Drivers/Src/stm32f446xx_gpio_driver.o
 .debug_abbrev  0x000000000000015a      0x2ae ./Drivers/Src/stm32f446xx_i2c_driver.o
 .debug_abbrev  0x0000000000000408      0x185 ./Src/012_I2C_Master_Rx_Testing_IT.o
 .debug_abbrev  0x000000000000058d       0x12 ./Startup/startup_stm32f446retx.o

.debug_aranges  0x0000000000000000      0x1d0
 .debug_aranges
                0x0000000000000000       0x70 ./Drivers/Src/stm32f446xx_gpio_driver.o
 .debug_aranges
                0x0000000000000070       0xe0 ./Drivers/Src/stm32f446xx_i2c_driver.o
 .debug_aranges
                0x0000000000000150       0x58 ./Src/012_I2C_Master_Rx_Testing_IT.o
 .debug_aranges
                0x00000000000001a8       0x28 ./Startup/startup_stm32f446retx.o

.debug_rnglists
                0x0000000000000000      0x159
 .debug_rnglists
                0x0000000000000000       0x53 ./Drivers/Src/stm32f446xx_gpio_driver.o
 .debug_rnglists
                0x0000000000000053       0xaf ./Drivers/Src/stm32f446xx_i2c_driver.o
 .debug_rnglists
                0x0000000000000102       0x3e ./Src/012_I2C_Master_Rx_Testing_IT.o
 .debug_rnglists
                0x0000000000000140       0x19 ./Startup/startup_stm32f446retx.o

.debug_macro    0x0000000000000000     0x2571
 .debug_macro   0x0000000000000000       0xad ./Drivers/Src/stm32f446xx_gpio_driver.o
 .debug_macro   0x00000000000000ad      0xaa8 ./Drivers/Src/stm32f446xx_gpio_driver.o
 .debug_macro   0x0000000000000b55       0x22 ./Drivers/Src/stm32f446xx_gpio_driver.o
 .debug_macro   0x0000000000000b77       0x8e ./Drivers/Src/stm32f446xx_gpio_driver.o
 .debug_macro   0x0000000000000c05       0x51 ./Drivers/Src/stm32f446xx_gpio_driver.o
 .debug_macro   0x0000000000000c56      0x103 ./Drivers/Src/stm32f446xx_gpio_driver.o
 .debug_macro   0x0000000000000d59       0x6a ./Drivers/Src/stm32f446xx_gpio_driver.o
 .debug_macro   0x0000000000000dc3      0x1df ./Drivers/Src/stm32f446xx_gpio_driver.o
 .debug_macro   0x0000000000000fa2      0x174 ./Drivers/Src/stm32f446xx_gpio_driver.o
 .debug_macro   0x0000000000001116      0x623 ./Drivers/Src/stm32f446xx_gpio_driver.o
 .debug_macro   0x0000000000001739       0xe2 ./Drivers/Src/stm32f446xx_gpio_driver.o
 .debug_macro   0x000000000000181b       0xd0 ./Drivers/Src/stm32f446xx_gpio_driver.o
 .debug_macro   0x00000000000018eb       0xc4 ./Drivers/Src/stm32f446xx_gpio_driver.o
 .debug_macro   0x00000000000019af       0xad ./Drivers/Src/stm32f446xx_i2c_driver.o
 .debug_macro   0x0000000000001a5c       0xe8 ./Drivers/Src/stm32f446xx_i2c_driver.o
 .debug_macro   0x0000000000001b44       0xca ./Drivers/Src/stm32f446xx_i2c_driver.o
 .debug_macro   0x0000000000001c0e      0x183 ./Src/012_I2C_Master_Rx_Testing_IT.o
 .debug_macro   0x0000000000001d91       0x61 ./Src/012_I2C_Master_Rx_Testing_IT.o
 .debug_macro   0x0000000000001df2       0x24 ./Src/012_I2C_Master_Rx_Testing_IT.o
 .debug_macro   0x0000000000001e16       0x43 ./Src/012_I2C_Master_Rx_Testing_IT.o
 .debug_macro   0x0000000000001e59       0x34 ./Src/012_I2C_Master_Rx_Testing_IT.o
 .debug_macro   0x0000000000001e8d       0x16 ./Src/012_I2C_Master_Rx_Testing_IT.o
 .debug_macro   0x0000000000001ea3       0x43 ./Src/012_I2C_Master_Rx_Testing_IT.o
 .debug_macro   0x0000000000001ee6       0x34 ./Src/012_I2C_Master_Rx_Testing_IT.o
 .debug_macro   0x0000000000001f1a       0x10 ./Src/012_I2C_Master_Rx_Testing_IT.o
 .debug_macro   0x0000000000001f2a       0x58 ./Src/012_I2C_Master_Rx_Testing_IT.o
 .debug_macro   0x0000000000001f82       0x8e ./Src/012_I2C_Master_Rx_Testing_IT.o
 .debug_macro   0x0000000000002010       0x1c ./Src/012_I2C_Master_Rx_Testing_IT.o
 .debug_macro   0x000000000000202c      0x177 ./Src/012_I2C_Master_Rx_Testing_IT.o
 .debug_macro   0x00000000000021a3      0x369 ./Src/012_I2C_Master_Rx_Testing_IT.o
 .debug_macro   0x000000000000250c       0x10 ./Src/012_I2C_Master_Rx_Testing_IT.o
 .debug_macro   0x000000000000251c       0x35 ./Src/012_I2C_Master_Rx_Testing_IT.o
 .debug_macro   0x0000000000002551       0x20 ./Src/012_I2C_Master_Rx_Testing_IT.o

.debug_line     0x0000000000000000     0x1dfe
 .debug_line    0x0000000000000000      0x99e ./Drivers/Src/stm32f446xx_gpio_driver.o
 .debug_line    0x000000000000099e      0xce9 ./Drivers/Src/stm32f446xx_i2c_driver.o
 .debug_line    0x0000000000001687      0x6fc ./Src/012_I2C_Master_Rx_Testing_IT.o
 .debug_line    0x0000000000001d83       0x7b ./Startup/startup_stm32f446retx.o

.debug_str      0x0000000000000000     0x9e62
 .debug_str     0x0000000000000000     0x67ed ./Drivers/Src/stm32f446xx_gpio_driver.o
                                       0x6a10 (size before relaxing)
 .debug_str     0x00000000000067ed      0x3c6 ./Drivers/Src/stm32f446xx_i2c_driver.o
                                       0x6b79 (size before relaxing)
 .debug_str     0x0000000000006bb3     0x3280 ./Src/012_I2C_Master_Rx_Testing_IT.o
                                       0x9b66 (size before relaxing)
 .debug_str     0x0000000000009e33       0x2f ./Startup/startup_stm32f446retx.o
                                         0x79 (size before relaxing)

.debug_frame    0x0000000000000000      0x6d8
 .debug_frame   0x0000000000000000      0x1c8 ./Drivers/Src/stm32f446xx_gpio_driver.o
 .debug_frame   0x00000000000001c8      0x3cc ./Drivers/Src/stm32f446xx_i2c_driver.o
 .debug_frame   0x0000000000000594      0x118 ./Src/012_I2C_Master_Rx_Testing_IT.o
 .debug_frame   0x00000000000006ac       0x2c /opt/st/stm32cubeide_1.13.2/plugins/com.st.stm32cube.ide.mcu.externaltools.gnu-tools-for-stm32.11.3.rel1.linux64_1.1.1.202309131626/tools/bin/../lib/gcc/arm-none-eabi/11.3.1/../../../../arm-none-eabi/lib/thumb/v7e-m/nofp/libc_nano.a(libc_a-init.o)

.debug_line_str
                0x0000000000000000       0x6d
 .debug_line_str
                0x0000000000000000       0x6d ./Startup/startup_stm32f446retx.o
                                         0x85 (size before relaxing)
