09:38:59 **** Incremental Build of configuration Debug for project 001_Hello_World ****
make -j12 all 
arm-none-eabi-gcc "../Src/main.c" -mcpu=cortex-m4 -std=gnu11 -g3 -DDEBUG -DSTM32 -DSTM32F4 -DSTM32F446RETx -DNUCLEO_F446RE -c -I../Inc -O0 -ffunction-sections -fdata-sections -Wall -fstack-usage -fcyclomatic-complexity -MMD -MP -MF"Src/main.d" -MT"Src/main.o" --specs=nano.specs -mfloat-abi=soft -mthumb -o "Src/main.o"
arm-none-eabi-gcc "../Src/syscalls.c" -mcpu=cortex-m4 -std=gnu11 -g3 -DDEBUG -DSTM32 -DSTM32F4 -DSTM32F446RETx -DNUCLEO_F446RE -c -I../Inc -O0 -ffunction-sections -fdata-sections -Wall -fstack-usage -fcyclomatic-complexity -MMD -MP -MF"Src/syscalls.d" -MT"Src/syscalls.o" --specs=nano.specs -mfloat-abi=soft -mthumb -o "Src/syscalls.o"
arm-none-eabi-gcc -o "001_Hello_World.elf" @"objects.list"   -mcpu=cortex-m4 -T"/home/wyatt/Desktop/EmbeddedDriverDevelopment/001_Hello_World/STM32F446RETX_FLASH.ld" --specs=nosys.specs -Wl,-Map="001_Hello_World.map" -Wl,--gc-sections -static --specs=nano.specs -mfloat-abi=soft -mthumb -Wl,--start-group -lc -lm -Wl,--end-group
Finished building target: 001_Hello_World.elf
 
arm-none-eabi-size   001_Hello_World.elf 
arm-none-eabi-objdump -h -S  001_Hello_World.elf  > "001_Hello_World.list"
   text	   data	    bss	    dec	    hex	filename
   3428	    100	   1900	   5428	   1534	001_Hello_World.elf
Finished building: default.size.stdout
 
Finished building: 001_Hello_World.list
 

09:38:59 Build Finished. 0 errors, 0 warnings. (took 675ms)

