09:35:58 **** Build of configuration Debug for project 004_Clock_Enable ****
make -j12 all 
arm-none-eabi-gcc "../Src/main.c" -mcpu=cortex-m4 -std=gnu11 -g3 -DDEBUG -DSTM32 -DSTM32F4 -DSTM32F446RETx -DNUCLEO_F446RE -c -I../Inc -O0 -ffunction-sections -fdata-sections -Wall -fstack-usage -fcyclomatic-complexity -MMD -MP -MF"Src/main.d" -MT"Src/main.o" --specs=nano.specs -mfloat-abi=soft -mthumb -o "Src/main.o"
arm-none-eabi-gcc -o "004_Clock_Enable.elf" @"objects.list"   -mcpu=cortex-m4 -T"/home/wyatt/Desktop/EmbeddedDriverDevelopment/004_Clock_Enable/STM32F446RETX_FLASH.ld" --specs=nosys.specs -Wl,-Map="004_Clock_Enable.map" -Wl,--gc-sections -static --specs=nano.specs -mfloat-abi=soft -mthumb -Wl,--start-group -lc -lm -Wl,--end-group
Finished building target: 004_Clock_Enable.elf
 
arm-none-eabi-size   004_Clock_Enable.elf 
arm-none-eabi-objdump -h -S  004_Clock_Enable.elf  > "004_Clock_Enable.list"
   text	   data	    bss	    dec	    hex	filename
    744	      8	   1568	   2320	    910	004_Clock_Enable.elf
Finished building: default.size.stdout
 
Finished building: 004_Clock_Enable.list
 

09:35:59 Build Finished. 0 errors, 0 warnings. (took 697ms)

