16:12:58 **** Incremental Build of configuration Debug for project 007_Volatile ****
make -j12 all 
arm-none-eabi-gcc "../Src/main.c" -mcpu=cortex-m4 -std=gnu11 -g3 -DDEBUG -DSTM32 -DSTM32F4 -DSTM32F446RETx -DNUCLEO_F446RE -c -I../Inc -O3 -ffunction-sections -fdata-sections -Wall -fstack-usage -fcyclomatic-complexity -MMD -MP -MF"Src/main.d" -MT"Src/main.o" --specs=nano.specs -mfloat-abi=soft -mthumb -o "Src/main.o"
arm-none-eabi-gcc -o "007_Volatile.elf" @"objects.list"   -mcpu=cortex-m4 -T"/home/wyatt/Desktop/EmbeddedDriverDevelopment/007_Volatile/STM32F446RETX_FLASH.ld" --specs=nosys.specs -Wl,-Map="007_Volatile.map" -Wl,--gc-sections -static --specs=nano.specs -mfloat-abi=soft -mthumb -Wl,--start-group -lc -lm -Wl,--end-group
Finished building target: 007_Volatile.elf
 
arm-none-eabi-size   007_Volatile.elf 
arm-none-eabi-objdump -h -S  007_Volatile.elf  > "007_Volatile.list"
   text	   data	    bss	    dec	    hex	filename
    708	      8	   1568	   2284	    8ec	007_Volatile.elf
Finished building: default.size.stdout
 
Finished building: 007_Volatile.list
 

16:12:58 Build Finished. 0 errors, 0 warnings. (took 685ms)

