15:41:12 **** Incremental Build of configuration Debug for project 008_stm32f4xx_drivers ****
make -j12 all 
arm-none-eabi-gcc "../Src/016_UART_Case.c" -mcpu=cortex-m4 -std=gnu11 -g3 -DDEBUG -DSTM32 -DSTM32F4 -DSTM32F446RETx -DNUCLEO_F446RE -c -I../Inc -I"/home/wyatt/Desktop/EmbeddedDriverDevelopment/008_stm32f4xx_drivers/Drivers/Inc" -I"/home/wyatt/Desktop/EmbeddedDriverDevelopment/008_stm32f4xx_drivers/Drivers/Inc" -O0 -ffunction-sections -fdata-sections -Wall -fstack-usage -fcyclomatic-complexity -MMD -MP -MF"Src/016_UART_Case.d" -MT"Src/016_UART_Case.o" --specs=nano.specs -mfloat-abi=soft -mthumb -o "Src/016_UART_Case.o"
../Src/016_UART_Case.c: In function 'main':
../Src/016_UART_Case.c:135:67: warning: pointer targets in passing argument 2 of 'USART_ReceiveDataIT' differ in signedness [-Wpointer-sign]
  135 |                         while(USART_ReceiveDataIT(&usart6_handle, rx_buf, strlen(msg[i])));
      |                                                                   ^~~~~~
      |                                                                   |
      |                                                                   char *
In file included from /home/wyatt/Desktop/EmbeddedDriverDevelopment/008_stm32f4xx_drivers/Drivers/Inc/stm32f446xx.h:664,
                 from ../Src/016_UART_Case.c:9:
/home/wyatt/Desktop/EmbeddedDriverDevelopment/008_stm32f4xx_drivers/Drivers/Inc/stm32f446xx_usart_driver.h:150:68: note: expected 'uint8_t *' {aka 'unsigned char *'} but argument is of type 'char *'
  150 | uint8_t USART_ReceiveDataIT(USART_Handle_t *pUSARTHandle, uint8_t *pRxBuffer, uint32_t Len);
      |                                                           ~~~~~~~~~^~~~~~~~~
arm-none-eabi-gcc -o "008_stm32f4xx_drivers.elf" @"objects.list"   -mcpu=cortex-m4 -T"/home/wyatt/Desktop/EmbeddedDriverDevelopment/008_stm32f4xx_drivers/STM32F446RETX_FLASH.ld" --specs=nosys.specs -Wl,-Map="008_stm32f4xx_drivers.map" -Wl,--gc-sections -static --specs=nano.specs -mfloat-abi=soft -mthumb -Wl,--start-group -lc -lm -Wl,--end-group
Finished building target: 008_stm32f4xx_drivers.elf
 
arm-none-eabi-size   008_stm32f4xx_drivers.elf 
arm-none-eabi-objdump -h -S  008_stm32f4xx_drivers.elf  > "008_stm32f4xx_drivers.list"
   text	   data	    bss	    dec	    hex	filename
   5100	     56	   2632	   7788	   1e6c	008_stm32f4xx_drivers.elf
Finished building: default.size.stdout
 
Finished building: 008_stm32f4xx_drivers.list
 

15:41:12 Build Finished. 0 errors, 1 warnings. (took 621ms)

