../Drivers/Src/stm32f446xx_usart_driver.c:14:6:USART_PeriClockControl	16	static
../Drivers/Src/stm32f446xx_usart_driver.c:42:6:USART_Init	24	static
../Drivers/Src/stm32f446xx_usart_driver.c:138:6:USART_DeInit	16	static
../Drivers/Src/stm32f446xx_usart_driver.c:154:6:USART_SendData	32	static
../Drivers/Src/stm32f446xx_usart_driver.c:199:6:USART_ReceiveData	32	static
../Drivers/Src/stm32f446xx_usart_driver.c:262:9:USART_SendDataIT	32	static
../Drivers/Src/stm32f446xx_usart_driver.c:285:9:USART_ReceiveDataIT	32	static
../Drivers/Src/stm32f446xx_usart_driver.c:305:6:USART_IRQInterruptConfig	16	static
../Drivers/Src/stm32f446xx_usart_driver.c:334:6:USART_IRQPriorityConfig	24	static
../Drivers/Src/stm32f446xx_usart_driver.c:342:6:USART_IRQHandling	16	static
../Drivers/Src/stm32f446xx_usart_driver.c:350:6:USART_PeripheralControl	16	static
../Drivers/Src/stm32f446xx_usart_driver.c:361:9:USART_GetFlagStatus	16	static
../Drivers/Src/stm32f446xx_usart_driver.c:369:6:USART_ClearFlag	16	static
../Drivers/Src/stm32f446xx_usart_driver.c:377:6:USART_ApplicationEventCallback	16	static
