../Drivers/Src/stm32f446xx_i2c_driver.c:18:13:I2C_GenerateStartCondition	16	static
../Drivers/Src/stm32f446xx_i2c_driver.c:22:13:I2C_ExecuteAddressPhaseWrite	16	static
../Drivers/Src/stm32f446xx_i2c_driver.c:30:13:I2C_ExecuteAddressPhaseRead	16	static
../Drivers/Src/stm32f446xx_i2c_driver.c:37:13:I2C_ClearADDRFlag	24	static
../Drivers/Src/stm32f446xx_i2c_driver.c:67:6:I2C_GenerateStopCondition	16	static
../Drivers/Src/stm32f446xx_i2c_driver.c:73:6:I2C_PeriClockControl	16	static
../Drivers/Src/stm32f446xx_i2c_driver.c:96:6:I2C_PeripheralControl	16	static
../Drivers/Src/stm32f446xx_i2c_driver.c:108:10:RCC_GetPLLOutputClock	16	static
../Drivers/Src/stm32f446xx_i2c_driver.c:116:10:RCC_GetPCLK1Value	24	static
../Drivers/Src/stm32f446xx_i2c_driver.c:151:6:I2C_Init	24	static
../Drivers/Src/stm32f446xx_i2c_driver.c:205:6:I2C_DeInit	16	static
../Drivers/Src/stm32f446xx_i2c_driver.c:218:6:I2C_MasterSendData	24	static
../Drivers/Src/stm32f446xx_i2c_driver.c:255:6:I2C_MasterReceiveData	32	static
../Drivers/Src/stm32f446xx_i2c_driver.c:329:9:I2C_MasterSendDataIT	32	static
../Drivers/Src/stm32f446xx_i2c_driver.c:360:9:I2C_MasterReceiveDataIT	32	static
../Drivers/Src/stm32f446xx_i2c_driver.c:392:6:I2C_IRQInterruptConfig	16	static
../Drivers/Src/stm32f446xx_i2c_driver.c:421:6:I2C_IRQPriorityConfig	24	static
../Drivers/Src/stm32f446xx_i2c_driver.c:429:13:I2C_MasterHandleRXNEInterrupt	16	static
../Drivers/Src/stm32f446xx_i2c_driver.c:461:13:I2C_MasterHandleTXEInterrupt	16	static
../Drivers/Src/stm32f446xx_i2c_driver.c:474:6:I2C_EV_IRQHandling	32	static
../Drivers/Src/stm32f446xx_i2c_driver.c:566:6:I2C_ER_IRQHandling	24	static
../Drivers/Src/stm32f446xx_i2c_driver.c:632:6:I2C_ManageAcking	16	static
../Drivers/Src/stm32f446xx_i2c_driver.c:642:9:I2C_GetFlagStatus	16	static
../Drivers/Src/stm32f446xx_i2c_driver.c:650:6:I2C_CloseReceiveData	16	static
../Drivers/Src/stm32f446xx_i2c_driver.c:666:6:I2C_CloseSendData	16	static
