../Drivers/Src/stm32f446xx_usart_driver.c:14:6:USART_PeriClockControl	16	static
../Drivers/Src/stm32f446xx_usart_driver.c:42:6:USART_Init	24	static
../Drivers/Src/stm32f446xx_usart_driver.c:144:6:USART_DeInit	16	static
../Drivers/Src/stm32f446xx_usart_driver.c:158:6:USART_SetBaudRate	40	static
../Drivers/Src/stm32f446xx_usart_driver.c:228:6:USART_SendData	32	static
../Drivers/Src/stm32f446xx_usart_driver.c:273:6:USART_ReceiveData	32	static
../Drivers/Src/stm32f446xx_usart_driver.c:336:9:USART_SendDataIT	32	static
../Drivers/Src/stm32f446xx_usart_driver.c:359:9:USART_ReceiveDataIT	32	static
../Drivers/Src/stm32f446xx_usart_driver.c:379:6:USART_IRQInterruptConfig	16	static
../Drivers/Src/stm32f446xx_usart_driver.c:408:6:USART_IRQPriorityConfig	24	static
../Drivers/Src/stm32f446xx_usart_driver.c:416:6:USART_IRQHandling	16	static
../Drivers/Src/stm32f446xx_usart_driver.c:424:6:USART_PeripheralControl	16	static
../Drivers/Src/stm32f446xx_usart_driver.c:435:9:USART_GetFlagStatus	16	static
../Drivers/Src/stm32f446xx_usart_driver.c:443:6:USART_ClearFlag	16	static
../Drivers/Src/stm32f446xx_usart_driver.c:451:6:USART_ApplicationEventCallback	16	static
