../Drivers/Src/stm32f446xx_usart_driver.c:14:6:USART_PeriClockControl	16	static
../Drivers/Src/stm32f446xx_usart_driver.c:42:6:USART_Init	24	static
../Drivers/Src/stm32f446xx_usart_driver.c:139:6:USART_DeInit	16	static
../Drivers/Src/stm32f446xx_usart_driver.c:153:6:USART_SetBaudRate	40	static
../Drivers/Src/stm32f446xx_usart_driver.c:222:6:USART_SendData	32	static
../Drivers/Src/stm32f446xx_usart_driver.c:268:6:USART_ReceiveData	32	static
../Drivers/Src/stm32f446xx_usart_driver.c:331:9:USART_SendDataIT	32	static
../Drivers/Src/stm32f446xx_usart_driver.c:354:9:USART_ReceiveDataIT	32	static
../Drivers/Src/stm32f446xx_usart_driver.c:374:6:USART_IRQInterruptConfig	16	static
../Drivers/Src/stm32f446xx_usart_driver.c:403:6:USART_IRQPriorityConfig	24	static
../Drivers/Src/stm32f446xx_usart_driver.c:411:6:USART_IRQHandling	16	static
../Drivers/Src/stm32f446xx_usart_driver.c:419:6:USART_PeripheralControl	16	static
../Drivers/Src/stm32f446xx_usart_driver.c:430:9:USART_GetFlagStatus	16	static
../Drivers/Src/stm32f446xx_usart_driver.c:438:6:USART_ClearFlag	16	static
../Drivers/Src/stm32f446xx_usart_driver.c:446:6:USART_ApplicationEventCallback	16	static
